09-28 19:12:22.507   705   705 I ams     : TID:705 .../BroadcastQueue.cpp:825:	Processing ordered broadcast: BroadcastRecord(0x4d343288) for Intent { act=com.htc.intent.action.USB_CONNECT2PC flg=536870912 (has extras) }, 1 ordered broadcast left
09-28 19:12:22.507   705   705 D ams     : TID:705 .../RuntimeChecker.cpp:27:	Enter self
09-28 19:12:22.507   705   705 D ams     : TID:705 .../RuntimeChecker.cpp:27:	Leave self (takes 0 millis)
09-28 19:12:22.507   705   705 D ams     : TID:705 .../RuntimeChecker.cpp:85:	Enter isRuntimeAppAndRuntimeStop
09-28 19:12:22.507   705   705 D ams     : TID:705 .../RuntimeChecker.cpp:85:	Leave isRuntimeAppAndRuntimeStop (takes 0 millis)
09-28 19:12:22.507   705   705 I ams     : TID:705 .../ActivityManagerService.cpp:1411:	Putting proc to front: Settings
09-28 19:12:22.507   711   715 I resource: TID:715 .../Resources.cpp:472:	Drawable: android:drawable/progressbar_indeterminate_holo2, instance at: 0x4cdbd1d8
09-28 19:12:22.507   711   715 D skia    : WARNING: One-shot allocator has already allocated (alloc count = 1)
09-28 19:12:22.507   705   705 I ams     : TID:705 .../BroadcastQueue.cpp:259:	AMS_STATUS>> SCHEDULE_RECEIVER: Process Settings (pid=22589), BroadcastRecord{0x4d343288 u0 com.htc.intent.action.USB_CONNECT2PC} (Non-ordered broadcast), Intent { act=com.htc.intent.action.USB_CONNECT2PC flg=536870912 cmp=Settings/.UsbSubscriber (has extras) }
09-28 19:12:22.507   711   715 I resource: TID:715 .../Resources.cpp:472:	Drawable: android:drawable/progressbar_indeterminate_holo3, instance at: 0x4cbc3310
09-28 19:12:22.507 22589 25237 I activity_thread: TID:25237 .../ActivityThread.cpp:2662:	scheduleReceiver: Intent=Intent { act=com.htc.intent.action.USB_CONNECT2PC flg=536870912 cmp=Settings/.UsbSubscriber (has extras) }, resultCode=-1, data=NULL, sync=false
09-28 19:12:22.507 22589 22617 I activity_thread: TID:22617 .../ActivityThread.cpp:3922:	HANDLE RECEIVER :0 / 0x4cf63f2c
09-28 19:12:22.507 22589 22617 I activity_thread: TID:22617 .../ActivityThread.cpp:5309:	handleReceiver: component: UsbSubscriber
09-28 19:12:22.507 22589 22617 W ComponentLoader: TID:22617 ...sdk_release/sdk11.1/wrapper/core/ComponentLoader.cpp:174:	Skip increasing refcount due to memory detection
09-28 19:12:22.507 22589 22617 W ComponentLoader: TID:22617 ...sdk_release/sdk11.1/wrapper/core/ComponentLoader.cpp:174:	Skip increasing refcount due to memory detection
09-28 19:12:22.507 22589 22617 I activity_thread: TID:22617 .../ActivityThread.cpp:5471:	[LIFESTAT] onReceive: 0x4cc55368
09-28 19:12:22.507   711   715 D skia    : WARNING: One-shot allocator has already allocated (alloc count = 1)
09-28 19:12:22.507 22589 22617 D UsbSubscriber: TID:22617 .../home/u18000/.hudson/jobs/Settings_1.1_COS_1.0/workspace/src/more/UsbSubscriber.cpp:43:	UsbSubscriber::onReceive com.htc.intent.action.USB_CONNECT2PC
09-28 19:12:22.507 22589 22617 I SharedPreferencesImpl: TID:22617 .../SharedPreferencesImpl.cpp:1236:	writeMapXml() :	Start writing SharedPreferences to xml file path: /data/data/Settings/shared_prefs/Settings.xml
09-28 19:12:22.507   711   715 I resource: TID:715 .../Resources.cpp:472:	Drawable: android:drawable/progressbar_indeterminate_holo4, instance at: 0x4cd90d20
09-28 19:12:22.507 22589 22617 I SharedPreferencesImpl: TID:22617 .../SharedPreferencesImpl.cpp:1316:	writeMapXml() :	Finish writing SharedPreferences to xml file path: /data/data/Settings/shared_prefs/Settings.xml
09-28 19:12:22.517   711   715 D skia    : WARNING: One-shot allocator has already allocated (alloc count = 1)
09-28 19:12:22.517   705  1187 I ams     : TID:1187 .../ActivityManagerService.cpp:15993:	Broadcast: Intent { act=/data/data/Settings/shared_prefs/Settings.xml (has extras) } ordered=false, callerApp=ProcessRecord{0x4f2234b0 pid=22589/tid=22617/ProcessName=Settings/uid=1000}, callerPackage=Settings, resolvedType=NULL, resultTo=0x0(0x0), userId=0 (from: pid=22589, uid=1000)
09-28 19:12:22.517   705  1187 I ams     : TID:1187 .../ActivityManagerService.cpp:15920:	[AMS] CollectReceiverComponents: Set to newReceivers
09-28 19:12:22.517   705  1187 I ams     : TID:1187 .../ActivityManagerService.cpp:15967:	[AMS] CollectReceiverComponents finished
09-28 19:12:22.517   705  1187 I ams     : TID:1187 .../ActivityManagerService.cpp:16308:	Collect 0 receivers for (null) typed broadcast Intent { act=/data/data/Settings/shared_prefs/Settings.xml (has extras) } (time=1 ms)
09-28 19:12:22.517   711   715 I resource: TID:715 .../Resources.cpp:472:	Drawable: android:drawable/progressbar_indeterminate_holo5, instance at: 0x4cd91180
09-28 19:12:22.517   705  1187 I ams     : TID:1187 .../ActivityManagerService.cpp:16323:	Resolve 1 registered receivers for (null) typed broadcast Intent { act=/data/data/Settings/shared_prefs/Settings.xml (has extras) } (time=0 ms)
09-28 19:12:22.517   705  1187 I ams     : TID:1187 .../BroadcastQueue.cpp:122:	Enqueue non-ordered broadcast: BroadcastRecord(0x4ef304a8) has 1 receivers for Intent { act=/data/data/Settings/shared_prefs/Settings.xml (has extras) }
09-28 19:12:22.517   705   800 I ams     : TID:800 .../BroadcastQueue.cpp:625:	processNextBroadcast [background]from Msg: 1 broadcasts, 1 ordered broadcasts
09-28 19:12:22.517   705   800 I ams     : TID:800 .../BroadcastQueue.cpp:637:	Processing parallel broadcast [background] 1 BroadcastRecord
09-28 19:12:22.517 22589 22617 D UsbSubscriber: TID:22617 .../home/u18000/.hudson/jobs/Settings_1.1_COS_1.0/workspace/src/more/UsbSubscriber.cpp:52:	UsbSubscriber connected= 1
09-28 19:12:22.517 22589 22617 I app_proc: TID:22617 .../ContextImpl.cpp:1235:	Start Service is initiating
09-28 19:12:22.517   705   800 I ams     : TID:800 .../BroadcastQueue.cpp:585:	[AMS] Delivering to BroadcastFilter{0x4ccc3bc0 u0 ReceiverList{0x516d76b8 22589 Settings/1000/u0 remote:0x4e3ce8d0}} (seq=-1): BroadcastRecord{0x4ef304a8 u0 /data/data/Settings/shared_prefs/Settings.xml}
09-28 19:12:22.517   705   800 I ams     : TID:800 .../BroadcastQueue.cpp:475:	AMS_STATUS>> SCHEDULE_REGISTER_RECEIVER: Process Settings (pid:22589, uid: 1000), Receiver 0x4e3ce8d0(0x4d53dfe0), Non-ordered broadcast, Intent { act=/data/data/Settings/shared_prefs/Settings.xml (has extras) }
09-28 19:12:22.517   705   800 I ams     : TID:800 .../BroadcastQueue.cpp:593:	performReceive of BroadcastRecord{0x4ef304a8 u0 /data/data/Settings/shared_prefs/Settings.xml}(1 millis)
09-28 19:12:22.517 22589 22618 I activity_thread: TID:22618 .../ActivityThread.cpp:3060:	scheduleRegisteredReceiver: receiver=0x4c58dbfc, Intent=Intent { act=/data/data/Settings/shared_prefs/Settings.xml (has extras) }, resultCode=-1, dataStr=NULL, ordered=false, sticky=false
09-28 19:12:22.517   705   800 I ams     : TID:800 .../BroadcastQueue.cpp:759:	processNextBroadcast(background) called when not idle (state=1)
09-28 19:12:22.517   705   823 I ams     : TID:823 .../ActiveServices.cpp:895:	retrieve service:Intent { act=INVOKE cmp=Settings/.UsbService }
09-28 19:12:22.517   705   823 D ams     : TID:823 .../RuntimeChecker.cpp:27:	Enter self
09-28 19:12:22.517   705   823 D ams     : TID:823 .../RuntimeChecker.cpp:27:	Leave self (takes 0 millis)
09-28 19:12:22.517   705   823 D ams     : TID:823 .../RuntimeChecker.cpp:85:	Enter isRuntimeAppAndRuntimeStop
09-28 19:12:22.517   705   823 D ams     : TID:823 .../RuntimeChecker.cpp:85:	Leave isRuntimeAppAndRuntimeStop (takes 0 millis)
09-28 19:12:22.517   711   715 D skia    : WARNING: One-shot allocator has already allocated (alloc count = 1)
09-28 19:12:22.517   705   823 I ams     : TID:823 .../ActivityManagerService.cpp:6705:	data == NULL && clip == NULL
09-28 19:12:22.517   705   823 I ams     : TID:823 .../ActivityManagerService.cpp:1411:	Putting proc to front: Settings
09-28 19:12:22.517   711   715 I resource: TID:715 .../Resources.cpp:472:	Drawable: android:drawable/progressbar_indeterminate_holo6, instance at: 0x4cdb8cd8
09-28 19:12:22.517   711   715 D skia    : WARNING: One-shot allocator has already allocated (alloc count = 1)
09-28 19:12:22.517   705   823 I ams     : TID:823 .../ActiveServices.cpp:1481:	AMS_STATUS>> SCHEDULE_CREATE_SERVICE: Process Settings (pid=22589) ServiceRecord{0x4d70a618 shortName=Settings/.UsbService} Intent { act=INVOKE cmp=Settings/.UsbService }
09-28 19:12:22.517   705   823 I ams     : TID:823 .../ActiveServices.cpp:1567:	AMS_STATUS>> SCHEDULE_SERVICE_ARGS: Process Settings (pid=22589) ServiceRecord{0x4d70a618 shortName=Settings/.UsbService}
09-28 19:12:22.527   711   715 I resource: TID:715 .../Resources.cpp:472:	Drawable: android:drawable/progressbar_indeterminate_holo7, instance at: 0x4cdb9250
09-28 19:12:22.527 22589 22617 I BroadcastReceiver: TID:22617 .../BroadcastReceiver.cpp:382:	Finishing broadcast to component 0x4d14de94
09-28 19:12:22.527   705   824 I ams     : TID:824 .../ActivityManagerService.cpp:16660:	Finish receiver: 0x4cfb7f50 (callingPid=0, callingUid=1000)
09-28 19:12:22.527 22589 22617 I activity_thread: TID:22617 .../ActivityThread.cpp:1541:	LIFESTAT onReceive: 0x4c58daa0
09-28 19:12:22.527   705   824 I ams     : TID:824 .../BroadcastQueue.cpp:422:	Finish receiver: BroadcastRecord{0x4d343288 u0 com.htc.intent.action.USB_CONNECT2PC}, resultCode=0, resultData=(null), resultAbort=false, explicit=true
09-28 19:12:22.527   705   824 I ams     : TID:824 .../ActivityManagerService.cpp:16687:	[AMS_STATE] Finish receiver: 0x4cfb7f50 (BroadcastRecord{0x4d343288 u0 com.htc.intent.action.USB_CONNECT2PC}), resultCode=0, resultData=NULL, resultAbort=false, doNext=true
09-28 19:12:22.527   705   824 I ams     : TID:824 .../BroadcastQueue.cpp:625:	processNextBroadcast [background]: 0 broadcasts, 1 ordered broadcasts
09-28 19:12:22.527   705   824 I ams     : TID:824 .../BroadcastQueue.cpp:716:	No more ordered Broadcasts pending, so all done!
09-28 19:12:22.527   705   824 I looper_mq: TID:824 .../MessageQueue.cpp:383:	removeMessages what=5
09-28 19:12:22.527 22589 22617 I activity_thread: TID:22617 .../ActivityThread.cpp:5790:	The package is a COS package, create AgentService.
09-28 19:12:22.527 22589 22617 W ComponentLoader: TID:22617 ...sdk_release/sdk11.1/wrapper/core/ComponentLoader.cpp:174:	Skip increasing refcount due to memory detection
09-28 19:12:22.527 22589 22617 W ComponentLoader: TID:22617 ...sdk_release/sdk11.1/wrapper/core/ComponentLoader.cpp:174:	Skip increasing refcount due to memory detection
09-28 19:12:22.527 22589 22617 I app_proc: packageInfo :0x5326ebb0, getStrongCount() :6
09-28 19:12:22.527 22589 22617 I app_proc: mResources :0x5326f548, getStrongCount() :141
09-28 19:12:22.527 22589 22617 I app_proc: container : NULL
09-28 19:12:22.527 22589 22617 I app_proc: mResources :0x5326f548, getStrongCount() :141
09-28 19:12:22.527 22589 22617 I app_proc: TID:22617 .../ContextImpl.cpp:2716:	pi->mCosApiVersion = 11
09-28 19:12:22.527 22589 22617 I app_proc: TID:22617 .../ContextImpl.cpp:2732:	pi->mCosApiSubVersion = 1
09-28 19:12:22.527 22589 22617 W ComponentLoader: TID:22617 ...sdk_release/sdk11.1/wrapper/core/ComponentLoader.cpp:174:	Skip increasing refcount due to memory detection
09-28 19:12:22.527 22589 22617 D UsbService: TID:22617 .../UsbService.cpp:310:	Enter UsbService
09-28 19:12:22.527 22589 22617 D UsbService: TID:22617 .../UsbService.cpp:310:	Leave UsbService
09-28 19:12:22.527 22589 22617 I activity_thread: TID:22617 .../ActivityThread.cpp:5887:	[LIFESTATE][Service] onCreate: CreateServiceData{token=0x4cf663d8 className=Settings.UsbService packageName=Settings intent=null}
09-28 19:12:22.527 22589 22617 D UsbService: TID:22617 .../home/u18000/.hudson/jobs/Settings_1.1_COS_1.0/workspace/src/more/UsbService.cpp:321:	UsbServiceon::Load
09-28 19:12:22.527 22589 22617 W UsbService: TID:22617 .../home/u18000/.hudson/jobs/Settings_1.1_COS_1.0/workspace/src/more/UsbService.cpp:335:	UsbService::onLoad mpConnManager
09-28 19:12:22.527   711   715 D skia    : WARNING: One-shot allocator has already allocated (alloc count = 1)
09-28 19:12:22.527 22589 22617 I activity_thread: TID:22617 .../ActivityThread.cpp:6118:	[LIFESTATE][Service] onStart: ServiceArgsData{token=0x4cf663d8 startId=1 args=Intent { act=INVOKE cmp=Settings/.UsbService }}
09-28 19:12:22.527 22589 22617 D UsbService: TID:22617 .../home/u18000/.hudson/jobs/Settings_1.1_COS_1.0/workspace/src/more/UsbService.cpp:345:	UsbService::onInvoke
09-28 19:12:22.527 22589 22617 D UsbService: TID:22617 .../home/u18000/.hudson/jobs/Settings_1.1_COS_1.0/workspace/src/more/UsbService.cpp:351:	UsbService nDefaultTypeNum=0
09-28 19:12:22.527   705   765 I Connectivity: TID:765 .../ConnectivityService.cpp:821:	ConnectivityService::getActiveNetworkInfo
09-28 19:12:22.527   705   765 I Connectivity: TID:765 .../ConnectivityService.cpp:825:	[NetInfoIssue] call getActiveNetworkInfo mActiveDefaultNetwork = 1, uid = 1000
09-28 19:12:22.527   705   765 I Connectivity: TID:765 .../ConnectivityService.cpp:852:	ConnectivityService::getNetworkInfo: networkType = 1
09-28 19:12:22.527   705   765 D Connectivity: TID:765 .../ConnectivityService.cpp:4220:	ConnectivityService::getMobileDataPhoneType
09-28 19:12:22.527   705   765 D Connectivity: TID:765 .../ConnectivityService.cpp:4241:	ConnectivityService::getMobileDataPhoneTypeSettings
09-28 19:12:22.537   705   765 I provider_settings: TID:765 .../Settings.cpp:344:	Settings::NameValueCache::getString, Process: system/bin/gaiad, (name, value) = (ext_mobile_data_phone_type, )
09-28 19:12:22.537   705   765 I Connectivity: TID:765 .../ConnectivityService.cpp:4256:	phoneType 1
09-28 19:12:22.537   705   765 I Connectivity: TID:765 .../ConnectivityService.cpp:4228:	getMobileDataPhoneType returning 0; and the settings in provider is: 1
09-28 19:12:22.537   705   833 W UEventObserver: TID:833 .../UEventObserver.cpp:87:	ACCESSORY is not in event map.
09-28 19:12:22.537   705   833 W UEventObserver: TID:833 .../UEventObserver.cpp:87:	SWITCH_NAME is not in event map.
09-28 19:12:22.537   705   833 W UEventObserver: TID:833 .../UEventObserver.cpp:87:	SWITCH_STATE is not in event map.
09-28 19:12:22.537   711   715 I resource: TID:715 .../Resources.cpp:472:	Drawable: android:drawable/progressbar_indeterminate_holo8, instance at: 0x4cef3818
09-28 19:12:22.537   705   833 I looper_mq: TID:833 .../MessageQueue.cpp:383:	removeMessages what=0
09-28 19:12:22.537   705   765 D FrameworkNet: TID:765 .../LinkProperties.cpp:112:	mLinkAddress [192.168.1.8/24]
09-28 19:12:22.537   705   765 D FrameworkNet: TID:765 .../LinkProperties.cpp:122:	mDnses [/192.168.1.1]
09-28 19:12:22.537   705   947 I ams     : TID:947 .../ActivityManagerService.cpp:15993:	Broadcast sticky: Intent { act=android.hardware.usb.action.USB_STATE flg=536870912 (has extras) } ordered=false, callerApp=ProcessRecord{0x56e16008 pid=705/tid=-1/ProcessName=system/uid=1000}, callerPackage=android, resolvedType=NULL, resultTo=0x0(0x0), userId=0 (from: pid=705, uid=1000)
09-28 19:12:22.537   705   765 D FrameworkNet: TID:765 .../LinkProperties.cpp:132:	mRoutes [0.0.0.0/0 -> 192.168.1.1]
09-28 19:12:22.537   705   765 D Connectivity: TID:765 .../ConnectivityService.cpp:4185:	ConnectivityService::getReplacedNetworkInfo
09-28 19:12:22.537   705   947 I ams     : TID:947 .../ActivityManagerService.cpp:15920:	[AMS] CollectReceiverComponents: Set to newReceivers
09-28 19:12:22.537   705   947 I ams     : TID:947 .../ActivityManagerService.cpp:15967:	[AMS] CollectReceiverComponents finished
09-28 19:12:22.537   705   947 I ams     : TID:947 .../ActivityManagerService.cpp:16308:	Collect 1 receivers for (null) typed broadcast Intent { act=android.hardware.usb.action.USB_STATE flg=536870912 (has extras) } (time=0 ms)
09-28 19:12:22.537   705   947 I ams     : TID:947 .../ActivityManagerService.cpp:16323:	Resolve 2 registered receivers for (null) typed broadcast Intent { act=android.hardware.usb.action.USB_STATE flg=536870912 (has extras) } (time=0 ms)
09-28 19:12:22.537 22589 22617 D UsbService: TID:22617 .../home/u18000/.hudson/jobs/Settings_1.1_COS_1.0/workspace/src/more/UsbService.cpp:354:	UsbService NetworkFlag=1
09-28 19:12:22.537   705   947 I ams     : TID:947 .../BroadcastQueue.cpp:122:	Enqueue non-ordered broadcast: BroadcastRecord(0x4d343288) has 2 receivers for Intent { act=android.hardware.usb.action.USB_STATE flg=536870912 (has extras) }
09-28 19:12:22.537   705   947 I ams     : TID:947 .../BroadcastQueue.cpp:136:	Enqueue ordered broadcast: BroadcastRecord(0x4d4a7e38) has 1 receivers for Intent { act=android.hardware.usb.action.USB_STATE flg=536870912 (has extras) }
09-28 19:12:22.537   705   800 I ams     : TID:800 .../BroadcastQueue.cpp:625:	processNextBroadcast [background]from Msg: 1 broadcasts, 1 ordered broadcasts
09-28 19:12:22.537   705   800 I ams     : TID:800 .../BroadcastQueue.cpp:637:	Processing parallel broadcast [background] 1 BroadcastRecord
09-28 19:12:22.537 22589 22617 I UsbService: TID:22617 .../home/u18000/.hudson/jobs/Settings_1.1_COS_1.0/workspace/src/more/UsbService.cpp:382:	INVOKE Delegate
09-28 19:12:22.537 22589 22617 D UsbService: TID:22617 .../home/u18000/.hudson/jobs/Settings_1.1_COS_1.0/workspace/src/more/UsbService.cpp:570:	REQUEST isConnect[1],nSmartModeFlag[0]
09-28 19:12:22.537 22589 22617 D UsbService: TID:22617 .../home/u18000/.hudson/jobs/Settings_1.1_COS_1.0/workspace/src/more/UsbService.cpp:571:	REQUEST SmartFlag[0],TetheringFlag[0],IPTFlag[0]
09-28 19:12:22.537   711   715 I remoteviews: TID:715 .../RemoteViews.cpp:937:	RemoteViews::apply: inflate done
09-28 19:12:22.537   711   715 I remoteviews: TID:715 .../RemoteViews.cpp:955:	RemoteViews::apply: getPackageInfo start
09-28 19:12:22.537   705   800 I ams     : TID:800 .../BroadcastQueue.cpp:585:	[AMS] Delivering to BroadcastFilter{0x4dea9a28 u0 ReceiverList{0x4ce04298 705 system/1000/u0 local:0x4ce04074}} (seq=-1): BroadcastRecord{0x4d343288 u0 android.hardware.usb.action.USB_STATE}
09-28 19:12:22.537   705   800 I ams     : TID:800 .../BroadcastQueue.cpp:475:	AMS_STATUS>> SCHEDULE_REGISTER_RECEIVER: Process system (pid:705, uid: 1000), Receiver 0x4ce04074(0x4ce04068), Non-ordered broadcast, Intent { act=android.hardware.usb.action.USB_STATE flg=536870912 (has extras) }
09-28 19:12:22.537   705   800 I activity_thread: TID:800 .../ActivityThread.cpp:3060:	scheduleRegisteredReceiver: receiver=0x4ce04074, Intent=Intent { act=android.hardware.usb.action.USB_STATE flg=536870912 (has extras) }, resultCode=-1, dataStr=NULL, ordered=false, sticky=false
09-28 19:12:22.537   705   800 I ams     : TID:800 .../BroadcastQueue.cpp:593:	performReceive of BroadcastRecord{0x4d343288 u0 android.hardware.usb.action.USB_STATE}(0 millis)
09-28 19:12:22.537   705   800 I ams     : TID:800 .../BroadcastQueue.cpp:585:	[AMS] Delivering to BroadcastFilter{0x4f00ca98 u0 ReceiverList{0x4f00c800 705 system/1000/u0 local:0x4f00c5dc}} (seq=-1): BroadcastRecord{0x4d343288 u0 android.hardware.usb.action.USB_STATE}
09-28 19:12:22.537   705   800 I ams     : TID:800 .../BroadcastQueue.cpp:475:	AMS_STATUS>> SCHEDULE_REGISTER_RECEIVER: Process system (pid:705, uid: 1000), Receiver 0x4f00c5dc(0x4f00c5d0), Non-ordered broadcast, Intent { act=android.hardware.usb.action.USB_STATE flg=536870912 (has extras) }
09-28 19:12:22.537   705   800 I activity_thread: TID:800 .../ActivityThread.cpp:3060:	scheduleRegisteredReceiver: receiver=0x4f00c5dc, Intent=Intent { act=android.hardware.usb.action.USB_STATE flg=536870912 (has extras) }, resultCode=-1, dataStr=NULL, ordered=false, sticky=false
09-28 19:12:22.537   705   800 I ams     : TID:800 .../BroadcastQueue.cpp:593:	performReceive of BroadcastRecord{0x4d343288 u0 android.hardware.usb.action.USB_STATE}(1 millis)
09-28 19:12:22.537   705   800 I ams     : TID:800 .../BroadcastQueue.cpp:825:	Processing ordered broadcast: BroadcastRecord(0x4d4a7e38) for Intent { act=android.hardware.usb.action.USB_STATE flg=536870912 (has extras) }, 1 ordered broadcast left
09-28 19:12:22.537   705   800 D ams     : TID:800 .../RuntimeChecker.cpp:27:	Enter self
09-28 19:12:22.537   705   800 D ams     : TID:800 .../RuntimeChecker.cpp:27:	Leave self (takes 0 millis)
09-28 19:12:22.537   705   800 D ams     : TID:800 .../RuntimeChecker.cpp:85:	Enter isRuntimeAppAndRuntimeStop
09-28 19:12:22.537   705   800 D ams     : TID:800 .../RuntimeChecker.cpp:85:	Leave isRuntimeAppAndRuntimeStop (takes 0 millis)
09-28 19:12:22.547   705   800 I ams     : TID:800 .../ActivityManagerService.cpp:1485:	getProcessRecord>> processName: gaia.process.media >> ApplicationInfo{ packageName= gaia.providers.gaiamedia, processName= gaia.process.media, className= , mIsGaiaPackage= true, mIsCosPackage= false}
09-28 19:12:22.547   711   715 I remoteviews: TID:715 .../RemoteViews.cpp:957:	RemoteViews::apply: getPackageInfo done
09-28 19:12:22.547   711   715 I remoteviews: TID:715 .../RemoteViews.cpp:959:	RemoteViews::apply:: belongs to an android package, do createProxy start
09-28 19:12:22.547   705   800 I ams     : TID:800 .../ActivityManagerService.cpp:1411:	Putting proc to front: gaia.process.media
09-28 19:12:22.547   711   715 I remoteviews: TID:715 .../RemoteViews.cpp:961:	RemoteViews::apply:: belongs to an android package, do createProxy end
09-28 19:12:22.547   711   715 I remoteviews: TID:715 .../RemoteViews.cpp:1031:	RemoteViews::performApply mActions size: 3
09-28 19:12:22.547   711   715 I resource: TID:715 .../Resources.cpp:472:	Drawable: com.gaia:drawable/stat_sys_adb, instance at: 0x4cf39bf8
09-28 19:12:22.547   705   800 I ams     : TID:800 .../BroadcastQueue.cpp:259:	AMS_STATUS>> SCHEDULE_RECEIVER: Process gaia.process.media (pid=1207), BroadcastRecord{0x4d4a7e38 u0 android.hardware.usb.action.USB_STATE} (Non-ordered broadcast), Intent { act=android.hardware.usb.action.USB_STATE flg=536870912 cmp=gaia.providers.gaiamedia/.UsbReceiver (has extras) }
09-28 19:12:22.547   705   800 I activity_thread: TID:800 .../ActivityThread.cpp:1541:	LIFESTAT onReceive: 0x4f62fd58
09-28 19:12:22.547   705  1158 I ams     : TID:1158 .../ActivityManagerService.cpp:15993:	Broadcast: Intent { act=/data/data/Settings/shared_prefs/Settings.xml (has extras) } ordered=false, callerApp=ProcessRecord{0x4f2234b0 pid=22589/tid=22617/ProcessName=Settings/uid=1000}, callerPackage=Settings, resolvedType=NULL, resultTo=0x0(0x0), userId=0 (from: pid=22589, uid=1000)
09-28 19:12:22.547   705   800 I activity_thread: TID:800 .../ActivityThread.cpp:1541:	LIFESTAT onReceive: 0x4cf67c80
09-28 19:12:22.547   705  1158 I ams     : TID:1158 .../ActivityManagerService.cpp:15920:	[AMS] CollectReceiverComponents: Set to newReceivers
09-28 19:12:22.547   705  1158 I ams     : TID:1158 .../ActivityManagerService.cpp:15967:	[AMS] CollectReceiverComponents finished
09-28 19:12:22.547   705   800 I Connectivity: TID:800 .../Tethering.cpp:854:	spTethering->mRndisEnabled 0
09-28 19:12:22.547   705  1158 I ams     : TID:1158 .../ActivityManagerService.cpp:16308:	Collect 0 receivers for (null) typed broadcast Intent { act=/data/data/Settings/shared_prefs/Settings.xml (has extras) } (time=0 ms)
09-28 19:12:22.547   705  1158 I ams     : TID:1158 .../ActivityManagerService.cpp:16323:	Resolve 1 registered receivers for (null) typed broadcast Intent { act=/data/data/Settings/shared_prefs/Settings.xml (has extras) } (time=0 ms)
09-28 19:12:22.547   705  1158 I ams     : TID:1158 .../BroadcastQueue.cpp:122:	Enqueue non-ordered broadcast: BroadcastRecord(0x4d343288) has 1 receivers for Intent { act=/data/data/Settings/shared_prefs/Settings.xml (has extras) }
09-28 19:12:22.547  1207  1802 I activity_thread: TID:1802 .../ActivityThread.cpp:2662:	scheduleReceiver: Intent=Intent { act=android.hardware.usb.action.USB_STATE flg=536870912 cmp=gaia.providers.gaiamedia/.UsbReceiver (has extras) }, resultCode=-1, data=NULL, sync=false
09-28 19:12:22.547   711   715 I statusbar: TID:715 .../PhoneStatusBar.cpp:1298:	Entry PhoneStatusBar::addNormalNotification, notification is from cos.
09-28 19:12:22.547   711   715 I statusbar: 
09-28 19:12:22.547  1207  1235 I activity_thread: TID:1235 .../ActivityThread.cpp:3922:	HANDLE RECEIVER :0 / 0x4c69ef04
09-28 19:12:22.547  1207  1235 I activity_thread: TID:1235 .../ActivityThread.cpp:5309:	handleReceiver: component: UsbReceiver
09-28 19:12:22.547  1433  1434 I ADAPTIVE: setting powersave_bias to 0
09-28 19:12:22.547   705   800 I ams     : TID:800 .../BroadcastQueue.cpp:625:	processNextBroadcast [background]from Msg: 1 broadcasts, 1 ordered broadcasts
09-28 19:12:22.547   705   800 I ams     : TID:800 .../BroadcastQueue.cpp:637:	Processing parallel broadcast [background] 1 BroadcastRecord
09-28 19:12:22.547 22589 22617 W UsbService: TID:22617 .../home/u18000/.hudson/jobs/Settings_1.1_COS_1.0/workspace/src/more/UsbService.cpp:619:	UsbService::setConnect nConnect[0]
09-28 19:12:22.547 22589 22617 W UsbService: TID:22617 .../home/u18000/.hudson/jobs/Settings_1.1_COS_1.0/workspace/src/more/UsbService.cpp:646:	UsbService::setConnect 0
09-28 19:12:22.547  1207  1235 I activity_thread: TID:1235 .../ActivityThread.cpp:5471:	[LIFESTAT] onReceive: 0x4cdd7ec8
09-28 19:12:22.547   705  1137 I ParcelHP: TID:1137 .../ParcelHelper.cpp:260:	[sux] write: not RawParcelable, name=gaia::StorageVolume
09-28 19:12:22.547   705  1137 I ParcelHP: TID:1137 .../ParcelHelper.cpp:260:	[sux] write: not RawParcelable, name=gaia::StorageVolume
09-28 19:12:22.547   705  1137 I ParcelHP: TID:1137 .../ParcelHelper.cpp:260:	[sux] write: not RawParcelable, name=gaia::StorageVolume
09-28 19:12:22.547   705   800 I ams     : TID:800 .../BroadcastQueue.cpp:585:	[AMS] Delivering to BroadcastFilter{0x4ccc3bc0 u0 ReceiverList{0x516d76b8 22589 Settings/1000/u0 remote:0x4e3ce8d0}} (seq=-1): BroadcastRecord{0x4d343288 u0 /data/data/Settings/shared_prefs/Settings.xml}
09-28 19:12:22.547   705   800 I ams     : TID:800 .../BroadcastQueue.cpp:475:	AMS_STATUS>> SCHEDULE_REGISTER_RECEIVER: Process Settings (pid:22589, uid: 1000), Receiver 0x4e3ce8d0(0x4d53dfe0), Non-ordered broadcast, Intent { act=/data/data/Settings/shared_prefs/Settings.xml (has extras) }
09-28 19:12:22.547 22589 22589 I activity_thread: TID:22589 .../ActivityThread.cpp:3060:	scheduleRegisteredReceiver: receiver=0x4c58dbfc, Intent=Intent { act=/data/data/Settings/shared_prefs/Settings.xml (has extras) }, resultCode=-1, dataStr=NULL, ordered=false, sticky=false
09-28 19:12:22.547   705   800 I ams     : TID:800 .../BroadcastQueue.cpp:593:	performReceive of BroadcastRecord{0x4d343288 u0 /data/data/Settings/shared_prefs/Settings.xml}(0 millis)
09-28 19:12:22.547   705   800 I ams     : TID:800 .../BroadcastQueue.cpp:759:	processNextBroadcast(background) called when not idle (state=1)
09-28 19:12:22.547   711   715 D statusbar: TID:715 .../PhoneStatusBar.cpp:1276:	Leave addNormalNotification (takes 62 millis)
09-28 19:12:22.547   711   715 D statusbar: TID:715 .../PhoneStatusBar.cpp:1310:	Enter addBigNotification
09-28 19:12:22.547   711   715 I statusbar: TID:715 .../PhoneStatusBar.cpp:1318:	notification pkg = android, its bigContentView is NULL
09-28 19:12:22.547   711   715 D statusbar: TID:715 .../PhoneStatusBar.cpp:1310:	Leave addBigNotification (takes 0 millis)
09-28 19:12:22.547   711   715 I statusbar: TID:715 .../PhoneStatusBar.cpp:1263:	call phonestatusbarui to addnotification, package name is android
09-28 19:12:22.547   711   715 W statusbar: TID:715 .../PhoneStatusBarUI.cpp:91:	statusBarNotification->tag is NULL! Use tempTag to instead
09-28 19:12:22.547   711   715 W NotificationDataProxy: TID:715 .../NotificationDataProxy.cpp:143:	mNotification->vibrate is NULL
09-28 19:12:22.547   711   715 W NotificationDataProxy: TID:715 .../NotificationDataProxy.cpp:163:	the remoteViews (bigContentView) is NULL
09-28 19:12:22.547   711   715 W NotificationDataProxy: TID:715 .../NotificationDataProxy.cpp:173:	the remoteViews (bigContentView) is NULL
09-28 19:12:22.547   711   715 I NotificationDataProxy: TID:715 .../NotificationDataProxy.cpp:191:	mIconLevel = 0, mNumber = 0, mPriority = -1
09-28 19:12:22.547   711   715 I statusbar: TID:715 .../PhoneStatusBarUIProxy.cpp:122:	getApiVersion is 11, using normal so
09-28 19:12:22.547   711   715 I NotificationData: TID:715 ...sdk_release/sdk11.1/wrapper/service/NotificationData.cpp:129:	mIconLevel = 0, mNumber = 0, mPriority = -1
09-28 19:12:22.547   711   715 I dashboard: TID:715 .../home/u18000/.hudson/jobs/Notification_1.1_COS_1.0/workspace/src/DashBoard.cpp:69:	DashBoard::addNotification
09-28 19:12:22.547   711   715 I dashboard: TID:715 .../home/u18000/.hudson/jobs/Notification_1.1_COS_1.0/workspace/src/DashBoard.cpp:72:	add Notificaiton mpImpl != NULL
09-28 19:12:22.547   711   715 I dashboard: TID:715 .../home/u18000/.hudson/jobs/Notification_1.1_COS_1.0/workspace/src/notification/DashBoardNotificationModel.cpp:160:	DashBoardREG DashBoardNotificationModel:: addNotification mFlags=2
09-28 19:12:22.547   711   715 I dashboard: TID:715 .../home/u18000/.hudson/jobs/Notification_1.1_COS_1.0/workspace/src/notification/DashBoardNotificationModel.cpp:162:	DashBoardREG DashBoardNotificationModel:: addNotification mId=17040452, pkg=android, tag=tempTag
09-28 19:12:22.547   711   715 I dashboard: TID:715 .../home/u18000/.hudson/jobs/Notification_1.1_COS_1.0/workspace/src/notification/DashBoardNotificationModel.cpp:170:	DashBoardREG DashBoardNotificationModel:: addNotification iNotificationsCount=0
09-28 19:12:22.547   711   715 I dashboard: TID:715 .../home/u18000/.hudson/jobs/Notification_1.1_COS_1.0/workspace/src/notification/DashBoardNotificationController.cpp:77:	createOneRow contentDemand=0x4cf07f00, packageName=android
09-28 19:12:22.547   711   715 I dashboard: TID:715 .../home/u18000/.hudson/jobs/Notification_1.1_COS_1.0/workspace/src/notification/DashBoardNotificationController.cpp:78:	createOneRow flags=0x2
09-28 19:12:22.547   711   715 I dashboard: TID:715 .../home/u18000/.hudson/jobs/Notification_1.1_COS_1.0/workspace/src/notification/DashBoardNotificationController.cpp:81:	mNotificationToViewData[*notification] == NULL
09-28 19:12:22.547   705  1176 I ams     : TID:1176 .../PendingIntentRecord.cpp:185:	PendingIntentRecord instance 0x4f799f20
09-28 19:12:22.547   711   715 I resource: TID:715 .../Resources.cpp:472:	Drawable: com.gaia:drawable/common_list_div_dark, instance at: 0x4cd8f7a8
09-28 19:12:22.547   711   715 I notifi  : TID:715 .../home/u18000/.hudson/jobs/Notification_1.1_COS_1.0/workspace/src/notification/DashBoardNotificationView.cpp:54:	getAddIndex pkg=android, flags=0x2
09-28 19:12:22.547 22589 22617 I PendingDemand: TID:22617 ...sdk_release/sdk11.1/wrapper/core/PendingDemand.cpp:95:	getPageN: demand=Intent { flg=268435456 cmp=Settings/.MorePage (has extras) }, flags=0, code=0, ret=0x4cedefd8
09-28 19:12:22.547  1207  1235 I app_proc: TID:1235 .../ContextImpl.cpp:1235:	Start Service is initiating
09-28 19:12:22.547 22589 22617 I NotificationProxy: TID:22617 .../NotificationProxy.cpp:480:	build unStyle Notification
09-28 19:12:22.557 22589 22617 D Notification: TID:22617 .../INotificationService.cpp:210:	Enter cancelNotificationWithTag
09-28 19:12:22.557 22589 22617 D Notification: TID:22617 .../INotificationService.cpp:211:	(pkg, tag, id) = (Settings, Settings, 110)
09-28 19:12:22.557   705  1196 D Notification: TID:1196 .../INotificationService.cpp:253:	Enter onTransact
09-28 19:12:22.557   705  1196 D Notification: TID:1196 .../INotificationService.cpp:415:	TRANSACTION_CANCEL_NOTIFICATION_WITH_TAG
09-28 19:12:22.557   705   823 I ams     : TID:823 .../ActiveServices.cpp:895:	retrieve service:Intent { cmp=gaia.providers.gaiamedia/.MediaScannerService (has extras) }
09-28 19:12:22.557   705  1196 D NotificationService: TID:1196 .../NotificationManagerService.cpp:1090:	Enter cancelNotificationWithTag
09-28 19:12:22.557   705  1196 D NotificationService: TID:1196 .../NotificationManagerService.cpp:1108:	Enter checkIncomingCall
09-28 19:12:22.557   705  1196 D NotificationService: TID:1196 .../NotificationManagerService.cpp:1108:	Leave checkIncomingCall (takes 0 millis)
09-28 19:12:22.557   705  1196 D NotificationService: TID:1196 .../NotificationManagerService.cpp:1021:	Enter cancelNotification
09-28 19:12:22.557   705  1196 D NotificationService: TID:1196 .../NotificationManagerService.cpp:1022:	(pkg, tag, id) = (Settings, Settings, 110)
09-28 19:12:22.557   705  1196 D NotificationService: TID:1196 .../NotificationManagerService.cpp:1028:	0: (pkg, tag, id) = (Music, , 110)
09-28 19:12:22.557   705  1196 D NotificationService: TID:1196 .../NotificationManagerService.cpp:1028:	1: (pkg, tag, id) = (QctBluetoothServices, , 110)
09-28 19:12:22.557   705  1196 D NotificationService: TID:1196 .../NotificationManagerService.cpp:1028:	2: (pkg, tag, id) = (com.htc.android.ssdtest, , 110)
09-28 19:12:22.557   705   823 D ams     : TID:823 .../RuntimeChecker.cpp:27:	Enter self
09-28 19:12:22.557   705  1196 D NotificationService: TID:1196 .../NotificationManagerService.cpp:1028:	3: (pkg, tag, id) = (HTCLocationService, 设置当前时间, 110)
09-28 19:12:22.557   705   823 D ams     : TID:823 .../RuntimeChecker.cpp:27:	Leave self (takes 0 millis)
09-28 19:12:22.557   705  1196 D NotificationService: TID:1196 .../NotificationManagerService.cpp:1028:	4: (pkg, tag, id) = (android, , 110)
09-28 19:12:22.557   705   823 D ams     : TID:823 .../RuntimeChecker.cpp:85:	Enter isRuntimeAppAndRuntimeStop
09-28 19:12:22.557   705  1196 D NotificationService: TID:1196 .../NotificationManagerService.cpp:1028:	5: (pkg, tag, id) = (android, , 110)
09-28 19:12:22.557   705  1196 D NotificationService: TID:1196 .../NotificationManagerService.cpp:1273:	Enter indexOfNotificationLocked
09-28 19:12:22.557   705  1196 D NotificationService: TID:1196 .../NotificationManagerService.cpp:1273:	Leave indexOfNotificationLocked (takes 0 millis)
09-28 19:12:22.557   705  1196 D NotificationService: TID:1196 .../NotificationManagerService.cpp:1031:	(index) = (-1)
09-28 19:12:22.557   705  1196 D NotificationService: TID:1196 .../NotificationManagerService.cpp:1021:	Leave cancelNotification (takes 0 millis)
09-28 19:12:22.557   705  1196 D NotificationService: TID:1196 .../NotificationManagerService.cpp:1090:	Leave cancelNotificationWithTag (takes 0 millis)
09-28 19:12:22.557   705   823 D ams     : TID:823 .../RuntimeChecker.cpp:85:	Leave isRuntimeAppAndRuntimeStop (takes 0 millis)
09-28 19:12:22.557   705  1196 D Notification: TID:1196 .../INotificationService.cpp:253:	Leave onTransact (takes 0 millis)
09-28 19:12:22.557 22589 22617 D Notification: TID:22617 .../INotificationService.cpp:210:	Leave cancelNotificationWithTag (takes 0 millis)
09-28 19:12:22.557 22589 22617 D UsbService: TID:22617 .../home/u18000/.hudson/jobs/Settings_1.1_COS_1.0/workspace/src/more/UsbService.cpp:559:	SetTetheringNotification cancel okay
09-28 19:12:22.557   711   715 E Context : TID:715 ...sdk_release/sdk11.1/wrapper/core/Context.cpp:351:	[Context] error: getResources will be removed, please use getResourcesN!
09-28 19:12:22.557   705   823 I ams     : TID:823 .../ActivityManagerService.cpp:6705:	data == NULL && clip == NULL
09-28 19:12:22.557   711   715 I resource: TID:715 .../Resources.cpp:472:	Drawable: com.gaia:drawable/stat_sys_adb, instance at: 0x4cb58718
09-28 19:12:22.557   711   715 I drawer_proxy: TID:715 .../DrawerProxy.cpp:157:	drawable(0x4cb58718) className:gaia::BitmapDrawable, new Proxy(0x4d0ad4c8)
09-28 19:12:22.557   711   715 I dashboard: TID:715 .../home/u18000/.hudson/jobs/Notification_1.1_COS_1.0/workspace/src/shortCut/DeleteAll/DeleteAllImageButtonView.cpp:58:	DashBoardREG setIcon::getNotificationsCount=0
09-28 19:12:22.557   711   715 D statusbar: TID:715 .../PhoneStatusBar.cpp:1233:	Leave do_addNotification (takes 67 millis)
09-28 19:12:22.557   711   715 D statusbar: TID:715 .../PhoneStatusBar.cpp:328:	Enter ~NotificationQueueEntry
09-28 19:12:22.557   711   715 D statusbar: TID:715 .../PhoneStatusBar.cpp:328:	Leave ~NotificationQueueEntry (takes 0 millis)
09-28 19:12:22.557   705   823 I ams     : TID:823 .../ActivityManagerService.cpp:1485:	getProcessRecord>> processName: gaia.process.media >> ApplicationInfo{ packageName= gaia.providers.gaiamedia, processName= gaia.process.media, className= , mIsGaiaPackage= true, mIsCosPackage= false}
09-28 19:12:22.557   705   823 I ams     : TID:823 .../ActivityManagerService.cpp:1411:	Putting proc to front: gaia.process.media
09-28 19:12:22.557   711   715 W WidgetControllerProxy: TID:715 .../WidgetControllerProxy.cpp:811:	parent is NULL
09-28 19:12:22.557   711   715 W widget_controller_stub: TID:715 ...sdk_release/sdk11.1/wrapper/core/WidgetControllerStub.cpp:66:	controller returned by invalidateChildInParent is NULL
09-28 19:12:22.557   705   823 I ams     : TID:823 .../ActiveServices.cpp:1481:	AMS_STATUS>> SCHEDULE_CREATE_SERVICE: Process gaia.process.media (pid=1207) ServiceRecord{0x4f09cac0 shortName=gaia.providers.gaiamedia/.MediaScannerService} Intent { cmp=gaia.providers.gaiamedia/.MediaScannerService }
09-28 19:12:22.557   705   823 I ams     : TID:823 .../ActiveServices.cpp:1567:	AMS_STATUS>> SCHEDULE_SERVICE_ARGS: Process gaia.process.media (pid=1207) ServiceRecord{0x4f09cac0 shortName=gaia.providers.gaiamedia/.MediaScannerService}
09-28 19:12:22.557  1207  1235 I app_proc: TID:1235 .../ContextImpl.cpp:1235:	Start Service is initiating
09-28 19:12:22.557   711   715 W WidgetControllerProxy: TID:715 .../WidgetControllerProxy.cpp:811:	parent is NULL
09-28 19:12:22.557   711   715 W widget_controller_stub: TID:715 ...sdk_release/sdk11.1/wrapper/core/WidgetControllerStub.cpp:66:	controller returned by invalidateChildInParent is NULL
09-28 19:12:22.557   711   715 W WidgetControllerProxy: TID:715 .../WidgetControllerProxy.cpp:811:	parent is NULL
09-28 19:12:22.557   711   715 W widget_controller_stub: TID:715 ...sdk_release/sdk11.1/wrapper/core/WidgetControllerStub.cpp:66:	controller returned by invalidateChildInParent is NULL
09-28 19:12:22.557   711   715 W WidgetControllerProxy: TID:715 .../WidgetControllerProxy.cpp:811:	parent is NULL
09-28 19:12:22.557   705  1175 I ams     : TID:1175 .../ActiveServices.cpp:895:	retrieve service:Intent { cmp=gaia.providers.gaiamedia/.MtpService }
09-28 19:12:22.557   711   715 W widget_controller_stub: TID:715 ...sdk_release/sdk11.1/wrapper/core/WidgetControllerStub.cpp:66:	controller returned by invalidateChildInParent is NULL
09-28 19:12:22.557   711   715 W WidgetControllerProxy: TID:715 .../WidgetControllerProxy.cpp:811:	parent is NULL
09-28 19:12:22.557   711   715 W widget_controller_stub: TID:715 ...sdk_release/sdk11.1/wrapper/core/WidgetControllerStub.cpp:66:	controller returned by invalidateChildInParent is NULL
09-28 19:12:22.557   705  1175 D ams     : TID:1175 .../RuntimeChecker.cpp:27:	Enter self
09-28 19:12:22.557   711   715 W WidgetControllerProxy: TID:715 .../WidgetControllerProxy.cpp:811:	parent is NULL
09-28 19:12:22.557   705  1175 D ams     : TID:1175 .../RuntimeChecker.cpp:27:	Leave self (takes 0 millis)
09-28 19:12:22.557   711   715 W widget_controller_stub: TID:715 ...sdk_release/sdk11.1/wrapper/core/WidgetControllerStub.cpp:66:	controller returned by invalidateChildInParent is NULL
09-28 19:12:22.557   705  1175 D ams     : TID:1175 .../RuntimeChecker.cpp:85:	Enter isRuntimeAppAndRuntimeStop
09-28 19:12:22.557   705  1175 D ams     : TID:1175 .../RuntimeChecker.cpp:85:	Leave isRuntimeAppAndRuntimeStop (takes 0 millis)
09-28 19:12:22.557   711   715 W WidgetControllerProxy: TID:715 .../WidgetControllerProxy.cpp:811:	parent is NULL
09-28 19:12:22.557   711   715 W widget_controller_stub: TID:715 ...sdk_release/sdk11.1/wrapper/core/WidgetControllerStub.cpp:66:	controller returned by invalidateChildInParent is NULL
09-28 19:12:22.557   711   715 W WidgetControllerProxy: TID:715 .../WidgetControllerProxy.cpp:811:	parent is NULL
09-28 19:12:22.557   711   715 W widget_controller_stub: TID:715 ...sdk_release/sdk11.1/wrapper/core/WidgetControllerStub.cpp:66:	controller returned by invalidateChildInParent is NULL
09-28 19:12:22.557   705  1175 I ams     : TID:1175 .../ActivityManagerService.cpp:6705:	data == NULL && clip == NULL
09-28 19:12:22.557   711   715 I viewroot: TID:715 .../ViewRoot.cpp:3131:	Disable SmartMode Log (calling scrollToRectOrFocus)
09-28 19:12:22.557   705  1175 I ams     : TID:1175 .../ActivityManagerService.cpp:1485:	getProcessRecord>> processName: gaia.process.media >> ApplicationInfo{ packageName= gaia.providers.gaiamedia, processName= gaia.process.media, className= , mIsGaiaPackage= true, mIsCosPackage= false}
09-28 19:12:22.567   705  1175 I ams     : TID:1175 .../ActivityManagerService.cpp:1411:	Putting proc to front: gaia.process.media
09-28 19:12:22.567   705  1175 I ams     : TID:1175 .../ActiveServices.cpp:1481:	AMS_STATUS>> SCHEDULE_CREATE_SERVICE: Process gaia.process.media (pid=1207) ServiceRecord{0x4eae0c38 shortName=gaia.providers.gaiamedia/.MtpService} Intent { cmp=gaia.providers.gaiamedia/.MtpService }
09-28 19:12:22.567 22589 22617 I PendingDemand: TID:22617 ...sdk_release/sdk11.1/wrapper/core/PendingDemand.cpp:95:	getPageN: demand=Intent { flg=268435456 cmp=Settings/.MorePage (has extras) }, flags=0, code=0, ret=0x4c590250
09-28 19:12:22.567   705  1175 I ams     : TID:1175 .../ActiveServices.cpp:1567:	AMS_STATUS>> SCHEDULE_SERVICE_ARGS: Process gaia.process.media (pid=1207) ServiceRecord{0x4eae0c38 shortName=gaia.providers.gaiamedia/.MtpService}
09-28 19:12:22.567 22589 22617 I NotificationProxy: TID:22617 .../NotificationProxy.cpp:480:	build unStyle Notification
09-28 19:12:22.567 22589 22617 D Notification: TID:22617 .../INotificationService.cpp:210:	Enter cancelNotificationWithTag
09-28 19:12:22.567 22589 22617 D Notification: TID:22617 .../INotificationService.cpp:211:	(pkg, tag, id) = (Settings, Settings, 113)
09-28 19:12:22.567   705   824 D Notification: TID:824 .../INotificationService.cpp:253:	Enter onTransact
09-28 19:12:22.567   705   824 D Notification: TID:824 .../INotificationService.cpp:415:	TRANSACTION_CANCEL_NOTIFICATION_WITH_TAG
09-28 19:12:22.567   705   824 D NotificationService: TID:824 .../NotificationManagerService.cpp:1090:	Enter cancelNotificationWithTag
09-28 19:12:22.567   705   824 D NotificationService: TID:824 .../NotificationManagerService.cpp:1108:	Enter checkIncomingCall
09-28 19:12:22.567   705   824 D NotificationService: TID:824 .../NotificationManagerService.cpp:1108:	Leave checkIncomingCall (takes 0 millis)
09-28 19:12:22.567   705   824 D NotificationService: TID:824 .../NotificationManagerService.cpp:1021:	Enter cancelNotification
09-28 19:12:22.567   705   824 D NotificationService: TID:824 .../NotificationManagerService.cpp:1022:	(pkg, tag, id) = (Settings, Settings, 113)
09-28 19:12:22.567   705   824 D NotificationService: TID:824 .../NotificationManagerService.cpp:1028:	0: (pkg, tag, id) = (Music, , 113)
09-28 19:12:22.567   705   824 D NotificationService: TID:824 .../NotificationManagerService.cpp:1028:	1: (pkg, tag, id) = (QctBluetoothServices, , 113)
09-28 19:12:22.567   705   824 D NotificationService: TID:824 .../NotificationManagerService.cpp:1028:	2: (pkg, tag, id) = (com.htc.android.ssdtest, , 113)
09-28 19:12:22.567   705   824 D NotificationService: TID:824 .../NotificationManagerService.cpp:1028:	3: (pkg, tag, id) = (HTCLocationService, 设置当前时间, 113)
09-28 19:12:22.567   705   824 D NotificationService: TID:824 .../NotificationManagerService.cpp:1028:	4: (pkg, tag, id) = (android, , 113)
09-28 19:12:22.567   705   824 D NotificationService: TID:824 .../NotificationManagerService.cpp:1028:	5: (pkg, tag, id) = (android, , 113)
09-28 19:12:22.567   705   824 D NotificationService: TID:824 .../NotificationManagerService.cpp:1273:	Enter indexOfNotificationLocked
09-28 19:12:22.567   705   824 D NotificationService: TID:824 .../NotificationManagerService.cpp:1273:	Leave indexOfNotificationLocked (takes 0 millis)
09-28 19:12:22.567   705   824 D NotificationService: TID:824 .../NotificationManagerService.cpp:1031:	(index) = (-1)
09-28 19:12:22.567   705   824 D NotificationService: TID:824 .../NotificationManagerService.cpp:1021:	Leave cancelNotification (takes 0 millis)
09-28 19:12:22.567   705   824 D NotificationService: TID:824 .../NotificationManagerService.cpp:1090:	Leave cancelNotificationWithTag (takes 0 millis)
09-28 19:12:22.567   705   824 D Notification: TID:824 .../INotificationService.cpp:253:	Leave onTransact (takes 0 millis)
09-28 19:12:22.567 22589 22617 D Notification: TID:22617 .../INotificationService.cpp:210:	Leave cancelNotificationWithTag (takes 0 millis)
09-28 19:12:22.567 22589 22617 D UsbService: TID:22617 .../home/u18000/.hudson/jobs/Settings_1.1_COS_1.0/workspace/src/more/UsbService.cpp:458:	SetIPTNotification cancel okay
09-28 19:12:22.567  1207  1235 I app_proc: TID:1235 .../ContextImpl.cpp:1293:	Bind Service is initiating
09-28 19:12:22.567   705   945 I ams     : TID:945 .../ActiveServices.cpp:895:	retrieve service:Intent { cmp=gaia.providers.gaiamedia/.MtpService }
09-28 19:12:22.567   705   945 I ams     : TID:945 .../ActiveServices.cpp:1098:	AMS_STATUS>> SCHEDULE_BIND_SERVICE: Process gaia.process.media (pid=1207) ServiceRecord{0x4eae0c38 shortName=gaia.providers.gaiamedia/.MtpService} Connecting binding IntentBindRecord{ CR gaia.providers.gaiamedia/.MtpService:}: shouldUnbind=false, rebind=false
09-28 19:12:22.567  1207  1235 I BroadcastReceiver: TID:1235 .../BroadcastReceiver.cpp:382:	Finishing broadcast to component 0x4d14de84
09-28 19:12:22.567   705   764 I ams     : TID:764 .../ActivityManagerService.cpp:16660:	Finish receiver: 0x4f2918c8 (callingPid=0, callingUid=1013)
09-28 19:12:22.567   705   764 I ams     : TID:764 .../BroadcastQueue.cpp:422:	Finish receiver: BroadcastRecord{0x4d4a7e38 u0 android.hardware.usb.action.USB_STATE}, resultCode=0, resultData=(null), resultAbort=false, explicit=true
09-28 19:12:22.567   705   764 I ams     : TID:764 .../ActivityManagerService.cpp:16687:	[AMS_STATE] Finish receiver: 0x4f2918c8 (BroadcastRecord{0x4d4a7e38 u0 android.hardware.usb.action.USB_STATE}), resultCode=0, resultData=NULL, resultAbort=false, doNext=true
09-28 19:12:22.567   705   764 I ams     : TID:764 .../BroadcastQueue.cpp:625:	processNextBroadcast [background]: 0 broadcasts, 1 ordered broadcasts
09-28 19:12:22.567   705   764 I ams     : TID:764 .../BroadcastQueue.cpp:716:	No more ordered Broadcasts pending, so all done!
09-28 19:12:22.567  1207  1235 I activity_thread: TID:1235 .../ActivityThread.cpp:5813:	Cannot load class [gaia.providers.gaiamedia.MediaScannerService], try [MediaScannerService]
09-28 19:12:22.567   705   764 I looper_mq: TID:764 .../MessageQueue.cpp:383:	removeMessages what=5
09-28 19:12:22.567  1207  1235 I activity_thread: TID:1235 .../ActivityThread.cpp:5821:	Load class [MediaScannerService]
09-28 19:12:22.567  1207  1235 I app_proc: packageInfo :0x40ace4b8, getStrongCount() :6
09-28 19:12:22.567  1207  1235 I app_proc: mResources :0x40acd170, getStrongCount() :5
09-28 19:12:22.567  1207  1235 I app_proc: container : NULL
09-28 19:12:22.567  1207  1235 I app_proc: mResources :0x40acd170, getStrongCount() :5
09-28 19:12:22.567 22589 22617 I PendingDemand: TID:22617 ...sdk_release/sdk11.1/wrapper/core/PendingDemand.cpp:95:	getPageN: demand=Intent { flg=268435456 cmp=Settings/.MorePage (has extras) }, flags=0, code=0, ret=0x4da42520
09-28 19:12:22.577  1207 25519 D MtpBufferPoll: void android::MtpBufferPoll::destroy(): done
09-28 19:12:22.577  1207 25520 D MtpFileThread: void android::MtpFileThread::run(): leave
09-28 19:12:22.577  1207 25519 D MtpFileThread: void android::MtpFileThread::destroy(): done with STATE: 0
09-28 19:12:22.577  1207 25519 D MtpFileThread: void android::MtpFileThread::destroy(): skip with STATE: 0
09-28 19:12:22.577  1207 25519 D MtpBufferPoll: void android::MtpBufferPoll::destroy(): skip
09-28 19:12:22.577 22589 22617 I NotificationProxy: TID:22617 .../NotificationProxy.cpp:480:	build unStyle Notification
09-28 19:12:22.577  1207  1235 I app_proc: TID:1235 .../ContextImpl.cpp:2716:	pi->mCosApiVersion = 0
09-28 19:12:22.577 22589 22617 D Notification: TID:22617 .../INotificationService.cpp:210:	Enter cancelNotificationWithTag
09-28 19:12:22.577 22589 22617 D Notification: TID:22617 .../INotificationService.cpp:211:	(pkg, tag, id) = (Settings, Settings, 114)
09-28 19:12:22.577   705  1137 D Notification: TID:1137 .../INotificationService.cpp:253:	Enter onTransact
09-28 19:12:22.577   705  1137 D Notification: TID:1137 .../INotificationService.cpp:415:	TRANSACTION_CANCEL_NOTIFICATION_WITH_TAG
09-28 19:12:22.577   705  1137 D NotificationService: TID:1137 .../NotificationManagerService.cpp:1090:	Enter cancelNotificationWithTag
09-28 19:12:22.577   705  1137 D NotificationService: TID:1137 .../NotificationManagerService.cpp:1108:	Enter checkIncomingCall
09-28 19:12:22.577   705  1137 D NotificationService: TID:1137 .../NotificationManagerService.cpp:1108:	Leave checkIncomingCall (takes 0 millis)
09-28 19:12:22.577   705  1137 D NotificationService: TID:1137 .../NotificationManagerService.cpp:1021:	Enter cancelNotification
09-28 19:12:22.577   705  1137 D NotificationService: TID:1137 .../NotificationManagerService.cpp:1022:	(pkg, tag, id) = (Settings, Settings, 114)
09-28 19:12:22.577   705  1137 D NotificationService: TID:1137 .../NotificationManagerService.cpp:1028:	0: (pkg, tag, id) = (Music, , 114)
09-28 19:12:22.577   705  1137 D NotificationService: TID:1137 .../NotificationManagerService.cpp:1028:	1: (pkg, tag, id) = (QctBluetoothServices, , 114)
09-28 19:12:22.577   705  1137 D NotificationService: TID:1137 .../NotificationManagerService.cpp:1028:	2: (pkg, tag, id) = (com.htc.android.ssdtest, , 114)
09-28 19:12:22.577   705  1137 D NotificationService: TID:1137 .../NotificationManagerService.cpp:1028:	3: (pkg, tag, id) = (HTCLocationService, 设置当前时间, 114)
09-28 19:12:22.577   705  1137 D NotificationService: TID:1137 .../NotificationManagerService.cpp:1028:	4: (pkg, tag, id) = (android, , 114)
09-28 19:12:22.577   705  1137 D NotificationService: TID:1137 .../NotificationManagerService.cpp:1028:	5: (pkg, tag, id) = (android, , 114)
