09-28 19:12:22.346   711   715 I resource: TID:715 .../Resources.cpp:472:	Drawable: DashBoard:drawable/stat_sys_battery_charge_anim9, instance at: 0x4d0ab140
09-28 19:12:22.346   711   715 I resource: TID:715 .../Resources.cpp:472:	Drawable: DashBoard:drawable/stat_sys_battery_charge_anim10, instance at: 0x4ce78e30
09-28 19:12:22.346   711   715 I resource: TID:715 .../Resources.cpp:472:	Drawable: DashBoard:drawable/stat_sys_battery_charge_anim3, instance at: 0x4cdb8458
09-28 19:12:22.346   711   715 I resource: TID:715 .../Resources.cpp:472:	Drawable: DashBoard:drawable/stat_sys_battery_charge_anim4, instance at: 0x4cdd3b80
09-28 19:12:22.346   711   715 I resource: TID:715 .../Resources.cpp:472:	Drawable: DashBoard:drawable/stat_sys_battery_charge_anim5, instance at: 0x4cdb9ac0
09-28 19:12:22.346   711   715 I resource: TID:715 .../Resources.cpp:472:	Drawable: DashBoard:drawable/stat_sys_battery_charge_anim6, instance at: 0x4ca98c78
09-28 19:12:22.346   705   833 I PowerManagerService: acquireWakeLock(4def1ecc): PARTIAL_WAKE_LOCK , tag=BatteryServiceUpdateStats, flags=0x1, pid=705, uid=1000, mUserState=0x3
09-28 19:12:22.346   711   715 I resource: TID:715 .../Resources.cpp:472:	Drawable: DashBoard:drawable/stat_sys_battery_charge_anim7, instance at: 0x4cf9fc40
09-28 19:12:22.346   705   833 W BatteryStatsImpl: TID:833 .../BatteryStatsImpl.cpp:6810:	StopwatchTimer::startRunningLocked mUpdateTime=14831000
09-28 19:12:22.346   705   833 I BatteryStatsImpl: TID:833 .../BatteryStatsImpl.cpp:9528:	BatteryStatsImplhold partial  wakelock, name = BatteryServiceUpdateStats,  pid = 705
09-28 19:12:22.346   711   715 I resource: TID:715 .../Resources.cpp:472:	Drawable: DashBoard:drawable/stat_sys_battery_charge_anim8, instance at: 0x4cc95b28
09-28 19:12:22.346   711   715 I resource: TID:715 .../Resources.cpp:472:	Drawable: DashBoard:drawable/stat_sys_battery_charge_anim9, instance at: 0x4ceff328
09-28 19:12:22.346   711   715 I resource: TID:715 .../Resources.cpp:472:	Drawable: DashBoard:drawable/stat_sys_battery_charge_anim10, instance at: 0x4cb56188
09-28 19:12:22.346   705   833 I batteryservice: Battery native update:
09-28 19:12:22.346   705   833 I batteryservice: AC(0) USB(1) Status(2) Health(2) Technology(Li-ion)
09-28 19:12:22.346   705   833 I batteryservice: Present(1) Level(99) Voltage(4313) Temp(325)
09-28 19:12:22.346   705   833 I batteryservice: TID:833 .../BatteryService.cpp:923:	read native_update done
09-28 19:12:22.346   711   715 I resource: TID:715 .../Resources.cpp:472:	Drawable: DashBoard:drawable/stat_sys_battery_charge_anim4, instance at: 0x4cf9f138
09-28 19:12:22.346   711   715 I resource: TID:715 .../Resources.cpp:472:	Drawable: DashBoard:drawable/stat_sys_battery_charge_anim5, instance at: 0x4cb56048
09-28 19:12:22.346   705   833 I PowerManagerService: releaseWakeLock(4def1ecc): PARTIAL_WAKE_LOCK , tag=BatteryServiceUpdateStats, flags=0x1
09-28 19:12:22.346   705   833 W BatteryStatsImpl: TID:833 .../BatteryStatsImpl.cpp:6905:	StopwatchTimer::refreshTimersLocked mUpdateTime=14831000
09-28 19:12:22.346   711   715 I resource: TID:715 .../Resources.cpp:472:	Drawable: DashBoard:drawable/stat_sys_battery_charge_anim6, instance at: 0x4cffa658
09-28 19:12:22.346   705   833 I BatteryStatsImpl: TID:833 .../BatteryStatsImpl.cpp:9576:	BatteryStatsImplrelease partial  wakelock, name = BatteryServiceUpdateStats,  pid = 705
09-28 19:12:22.346   711   715 I resource: TID:715 .../Resources.cpp:472:	Drawable: DashBoard:drawable/stat_sys_battery_charge_anim7, instance at: 0x4cf0de58
09-28 19:12:22.346   711   715 I resource: TID:715 .../Resources.cpp:472:	Drawable: DashBoard:drawable/stat_sys_battery_charge_anim8, instance at: 0x4cf39820
09-28 19:12:22.346   711   715 I resource: TID:715 .../Resources.cpp:472:	Drawable: DashBoard:drawable/stat_sys_battery_charge_anim9, instance at: 0x4cc80b08
09-28 19:12:22.346   705   800 W PowerManagerService: TID:800 .../PowerManagerService.cpp:1634:	Can not get flags by lock
09-28 19:12:22.346   705   800 I activity_thread: TID:800 .../ActivityThread.cpp:1541:	LIFESTAT onReceive: 0x64690ac8
09-28 19:12:22.346   705   800 I PowerManagerService: TID:800 .../PowerManagerService.cpp:496:	PowerManagerService::BatteryReceiver::onReceive
09-28 19:12:22.346   711   715 I resource: TID:715 .../Resources.cpp:472:	Drawable: DashBoard:drawable/stat_sys_battery_charge_anim10, instance at: 0x4cb34330
09-28 19:12:22.346   705   800 I PowerManagerService: TID:800 .../PowerManagerService.cpp:2886:	setPowerState: mPowerState=0x3 newState=0x3 noChangeLights=false reason=2 force=false mProximitySensorActive=false mBootCompleted=true mUseSoftwareAutoBrightness=true
09-28 19:12:22.346   705   800 W PowerManagerService: TID:800 .../PowerManagerService.cpp:2898:	mProximityWakeLockCount=0
09-28 19:12:22.346   705   800 W PowerManagerService: TID:800 .../PowerManagerService.cpp:2899:	mPowerReason=0 reason=2
09-28 19:12:22.346   705   800 I power   : TID:800 .../Power.cpp:107:	nativeSetPowerState ScreenOn:true->true ScreenBright:true->true
09-28 19:12:22.346   711   715 I resource: TID:715 .../Resources.cpp:472:	Drawable: DashBoard:drawable/stat_sys_battery_charge_anim5, instance at: 0x4d1e6110
09-28 19:12:22.346   705   799 I powersaver: TID:799 .../PowerSaver.cpp:468:	>> updateStatus
09-28 19:12:22.346   711   715 I resource: TID:715 .../Resources.cpp:472:	Drawable: DashBoard:drawable/stat_sys_battery_charge_anim6, instance at: 0x4cdd1e00
09-28 19:12:22.346   705   799 I provider_settings: TID:799 .../Settings.cpp:344:	Settings::NameValueCache::getString, Process: system/bin/gaiad, (name, value) = (STATUS_POWER_SAVING_AUTO, )
09-28 19:12:22.346   711   715 I resource: TID:715 .../Resources.cpp:472:	Drawable: DashBoard:drawable/stat_sys_battery_charge_anim7, instance at: 0x4cdb9f88
09-28 19:12:22.346   711   715 I resource: TID:715 .../Resources.cpp:472:	Drawable: DashBoard:drawable/stat_sys_battery_charge_anim8, instance at: 0x4cb55618
09-28 19:12:22.346   711   715 I resource: TID:715 .../Resources.cpp:472:	Drawable: DashBoard:drawable/stat_sys_battery_charge_anim9, instance at: 0x4cfdac50
09-28 19:12:22.346   705   799 I provider_settings: TID:799 .../Settings.cpp:344:	Settings::NameValueCache::getString, Process: system/bin/gaiad, (name, value) = (powersaver_set_schedule, )
09-28 19:12:22.346   711   715 I resource: TID:715 .../Resources.cpp:472:	Drawable: DashBoard:drawable/stat_sys_battery_charge_anim10, instance at: 0x4cf6c7e8
09-28 19:12:22.356   711   715 I resource: TID:715 .../Resources.cpp:472:	Drawable: DashBoard:drawable/stat_sys_battery_charge_anim6, instance at: 0x4cd90bd8
09-28 19:12:22.356   705   799 I provider_settings: TID:799 .../Settings.cpp:259:	Settings::NameValueTable::putString, Process: system/bin/gaiad, insert (name, value) = (powersaver_enable, 1)
09-28 19:12:22.356   711   715 I resource: TID:715 .../Resources.cpp:472:	Drawable: DashBoard:drawable/stat_sys_battery_charge_anim7, instance at: 0x4cc80c20
09-28 19:12:22.356   711   715 I resource: TID:715 .../Resources.cpp:472:	Drawable: DashBoard:drawable/stat_sys_battery_charge_anim8, instance at: 0x4cda5e20
09-28 19:12:22.356   711   715 I resource: TID:715 .../Resources.cpp:472:	Drawable: DashBoard:drawable/stat_sys_battery_charge_anim9, instance at: 0x4cd8e548
09-28 19:12:22.356   711   715 I resource: TID:715 .../Resources.cpp:472:	Drawable: DashBoard:drawable/stat_sys_battery_charge_anim10, instance at: 0x4cff51a0
09-28 19:12:22.356   705   799 I provider_settings: TID:799 .../Settings.cpp:344:	Settings::NameValueCache::getString, Process: system/bin/gaiad, (name, value) = (powersaver_enable, 1)
09-28 19:12:22.356   705   799 I provider_settings: TID:799 .../Settings.cpp:344:	Settings::NameValueCache::getString, Process: system/bin/gaiad, (name, value) = (user_powersaver_enable, )
09-28 19:12:22.356   711   715 I resource: TID:715 .../Resources.cpp:472:	Drawable: DashBoard:drawable/stat_sys_battery_charge_anim7, instance at: 0x4ce78ab0
09-28 19:12:22.356   705   799 I provider_settings: TID:799 .../Settings.cpp:344:	Settings::NameValueCache::getString, Process: system/bin/gaiad, (name, value) = (STATUS_POWER_SAVING_AUTO, )
09-28 19:12:22.356   711   715 I resource: TID:715 .../Resources.cpp:472:	Drawable: DashBoard:drawable/stat_sys_battery_charge_anim8, instance at: 0x4cede458
09-28 19:12:22.356   711   715 I resource: TID:715 .../Resources.cpp:472:	Drawable: DashBoard:drawable/stat_sys_battery_charge_anim9, instance at: 0x4ce7a488
09-28 19:12:22.356   705   799 I powersaver: TID:799 .../PowerSaver.cpp:532:	currentStatus=8000, currentLevel=99, enableLevel=-1, enable=false, mAutoModeOn=false, popDialog=false, statusChangeTo=-1
09-28 19:12:22.356   705   799 I powersaver: TID:799 .../PowerSaver.cpp:541:	<< updateStatus
09-28 19:12:22.356   705   800 I activity_thread: TID:800 .../ActivityThread.cpp:1541:	LIFESTAT onReceive: 0x5164b7a0
09-28 19:12:22.356   711   715 I resource: TID:715 .../Resources.cpp:472:	Drawable: DashBoard:drawable/stat_sys_battery_charge_anim10, instance at: 0x4cedf710
09-28 19:12:22.356   705   800 I activity_thread: TID:800 .../ActivityThread.cpp:1541:	LIFESTAT onReceive: 0x4f62fd58
09-28 19:12:22.356   705   800 I activity_thread: TID:800 .../ActivityThread.cpp:1541:	LIFESTAT onReceive: 0x4d6cea78
09-28 19:12:22.356   705   800 I provider_settings: TID:800 .../Settings.cpp:344:	Settings::NameValueCache::getString, Process: system/bin/gaiad, (name, value) = (wifi_idle_ms, )
09-28 19:12:22.356   711   715 I resource: TID:715 .../Resources.cpp:472:	Drawable: DashBoard:drawable/stat_sys_battery_charge_anim8, instance at: 0x4cb540c0
09-28 19:12:22.356   705   800 I provider_settings: TID:800 .../Settings.cpp:344:	Settings::NameValueCache::getString, Process: system/bin/gaiad, (name, value) = (stay_on_while_plugged_in, 0)
09-28 19:12:22.356   711   715 I resource: TID:715 .../Resources.cpp:472:	Drawable: DashBoard:drawable/stat_sys_battery_charge_anim9, instance at: 0x4cda3090
09-28 19:12:22.356   705   800 I WFD_F   : TID:800 .../WifiService.cpp:354:	ACTION_BATTERY_CHANGED pluggedType: 2
09-28 19:12:22.356   705   800 I activity_thread: TID:800 .../ActivityThread.cpp:1541:	LIFESTAT onReceive: 0x4f1c94c0
09-28 19:12:22.356   705   800 D NotificationService: TID:800 .../NotificationManagerService.cpp:1554:	Enter onReceive
09-28 19:12:22.356   705   800 I NotificationService: TID:800 .../NotificationManagerService.cpp:1562:	ACTION = android.intent.action.BATTERY_CHANGED 
09-28 19:12:22.356   705   800 I NotificationService: TID:800 .../NotificationManagerService.cpp:1574:	mIntentReceiver Intent::ACTION_BATTERY_CHANGED()
09-28 19:12:22.356   711   715 I resource: TID:715 .../Resources.cpp:472:	Drawable: DashBoard:drawable/stat_sys_battery_charge_anim10, instance at: 0x4cb1e0a8
09-28 19:12:22.356   705   800 D NotificationService: TID:800 .../NotificationManagerService.cpp:1160:	Enter updateLights
09-28 19:12:22.356   705   800 D NotificationService: TID:800 .../NotificationManagerService.cpp:1168:	Enter updateLightsLocked
09-28 19:12:22.356   705   800 D NotificationService: TID:800 .../NotificationManagerService.cpp:1222:	Charging...
09-28 19:12:22.356   711   715 I resource: TID:715 .../Resources.cpp:472:	Drawable: DashBoard:drawable/stat_sys_battery_charge_anim9, instance at: 0x4cf45070
09-28 19:12:22.356   711   715 I resource: TID:715 .../Resources.cpp:472:	Drawable: DashBoard:drawable/stat_sys_battery_charge_anim10, instance at: 0x4cedf9e0
09-28 19:12:22.356   705   800 D NotificationService: TID:800 .../NotificationManagerService.cpp:1168:	Leave updateLightsLocked (takes 1 millis)
09-28 19:12:22.356   705   800 D NotificationService: TID:800 .../NotificationManagerService.cpp:1160:	Leave updateLights (takes 1 millis)
09-28 19:12:22.356   705   800 D NotificationService: TID:800 .../NotificationManagerService.cpp:1554:	Leave onReceive (takes 1 millis)
09-28 19:12:22.356   705   800 I activity_thread: TID:800 .../ActivityThread.cpp:1541:	LIFESTAT onReceive: 0x4f12a048
09-28 19:12:22.356   711   715 I resource: TID:715 .../Resources.cpp:472:	Drawable: DashBoard:drawable/stat_sys_battery_charge_anim10, instance at: 0x4cdc8f28
09-28 19:12:22.356   705   800 I ams     : TID:800 .../BroadcastQueue.cpp:625:	processNextBroadcast [background]from Msg: 2 broadcasts, 1 ordered broadcasts
09-28 19:12:22.356   705   800 I ams     : TID:800 .../BroadcastQueue.cpp:637:	Processing parallel broadcast [background] 2 BroadcastRecord
09-28 19:12:22.356   711   715 I resource: TID:715 .../Resources.cpp:472:	Drawable: DashBoard:drawable/stat_sys_battery_charge, instance at: 0x4cdc14b8
09-28 19:12:22.356   705   800 I ams     : TID:800 .../BroadcastQueue.cpp:585:	[AMS] Delivering to BroadcastFilter{0x638e0a48 u0 ReceiverList{0x638e02d8 711 system/bin/systemuid/1000/u0 remote:0x51bb56a8}} (seq=-1): BroadcastRecord{0x4d343288 u0 android.intent.action.ACTION_POWER_CONNECTED}
09-28 19:12:22.356   705   800 I ams     : TID:800 .../BroadcastQueue.cpp:475:	AMS_STATUS>> SCHEDULE_REGISTER_RECEIVER: Process system/bin/systemuid (pid:711, uid: 1000), Receiver 0x51bb56a8(0x62785130), Non-ordered broadcast, Intent { act=android.intent.action.ACTION_POWER_CONNECTED flg=134217728 }
09-28 19:12:22.356   705   800 I ams     : TID:800 .../BroadcastQueue.cpp:593:	performReceive of BroadcastRecord{0x4d343288 u0 android.intent.action.ACTION_POWER_CONNECTED}(1 millis)
09-28 19:12:22.356   711   711 I activity_thread: TID:711 .../ActivityThread.cpp:3060:	scheduleRegisteredReceiver: receiver=0x4227047c, Intent=Intent { act=android.intent.action.ACTION_POWER_CONNECTED flg=134217728 }, resultCode=-1, dataStr=NULL, ordered=false, sticky=false
09-28 19:12:22.356   705   800 I ams     : TID:800 .../BroadcastQueue.cpp:585:	[AMS] Delivering to BroadcastFilter{0x4fa34990 u0 ReceiverList{0x4cfe91a0 1261 gaia.process.acore/10012/u0 remote:0x4d80e750}} (seq=-1): BroadcastRecord{0x4d343288 u0 android.intent.action.ACTION_POWER_CONNECTED}
09-28 19:12:22.356   705   800 I ams     : TID:800 .../BroadcastQueue.cpp:475:	AMS_STATUS>> SCHEDULE_REGISTER_RECEIVER: Process gaia.process.acore (pid:1261, uid: 10012), Receiver 0x4d80e750(0x51087940), Non-ordered broadcast, Intent { act=android.intent.action.ACTION_POWER_CONNECTED flg=134217728 }
09-28 19:12:22.356   705   800 I ams     : TID:800 .../BroadcastQueue.cpp:593:	performReceive of BroadcastRecord{0x4d343288 u0 android.intent.action.ACTION_POWER_CONNECTED}(1 millis)
09-28 19:12:22.356  1261  1366 I activity_thread: TID:1366 .../ActivityThread.cpp:3060:	scheduleRegisteredReceiver: receiver=0x400183ac, Intent=Intent { act=android.intent.action.ACTION_POWER_CONNECTED flg=134217728 }, resultCode=-1, dataStr=NULL, ordered=false, sticky=false
09-28 19:12:22.356  1261  1299 I activity_thread: TID:1299 .../ActivityThread.cpp:1541:	LIFESTAT onReceive: 0x4001bbc0
09-28 19:12:22.356   705   800 I ams     : TID:800 .../BroadcastQueue.cpp:585:	[AMS] Delivering to BroadcastFilter{0x638e0a48 u0 ReceiverList{0x638e02d8 711 system/bin/systemuid/1000/u0 remote:0x51bb56a8}} (seq=-1): BroadcastRecord{0x4219a1f8 u0 android.intent.action.BATTERY_CHANGED}
09-28 19:12:22.356   705   800 I ams     : TID:800 .../BroadcastQueue.cpp:475:	AMS_STATUS>> SCHEDULE_REGISTER_RECEIVER: Process system/bin/systemuid (pid:711, uid: 1000), Receiver 0x51bb56a8(0x62785130), Non-ordered broadcast, Intent { act=android.intent.action.BATTERY_CHANGED flg=1610612736 (has extras) }
09-28 19:12:22.356   705   800 I ams     : TID:800 .../BroadcastQueue.cpp:593:	performReceive of BroadcastRecord{0x4219a1f8 u0 android.intent.action.BATTERY_CHANGED}(0 millis)
09-28 19:12:22.356   711   835 I activity_thread: TID:835 .../ActivityThread.cpp:3060:	scheduleRegisteredReceiver: receiver=0x4227047c, Intent=Intent { act=android.intent.action.BATTERY_CHANGED flg=1610612736 (has extras) }, resultCode=-1, dataStr=NULL, ordered=false, sticky=false
09-28 19:12:22.356   705   800 I ams     : TID:800 .../BroadcastQueue.cpp:585:	[AMS] Delivering to BroadcastFilter{0x64763140 u0 ReceiverList{0x647630c8 705 system/1000/u0 local:0x64690edc}} (seq=-1): BroadcastRecord{0x4219a1f8 u0 android.intent.action.BATTERY_CHANGED}
09-28 19:12:22.356   705   800 I ams     : TID:800 .../BroadcastQueue.cpp:475:	AMS_STATUS>> SCHEDULE_REGISTER_RECEIVER: Process system (pid:705, uid: 1000), Receiver 0x64690edc(0x64690ed0), Non-ordered broadcast, Intent { act=android.intent.action.BATTERY_CHANGED flg=1610612736 (has extras) }
09-28 19:12:22.356   705   800 I activity_thread: TID:800 .../ActivityThread.cpp:3060:	scheduleRegisteredReceiver: receiver=0x64690edc, Intent=Intent { act=android.intent.action.BATTERY_CHANGED flg=1610612736 (has extras) }, resultCode=-1, dataStr=NULL, ordered=false, sticky=false
09-28 19:12:22.356   705   800 I ams     : TID:800 .../BroadcastQueue.cpp:593:	performReceive of BroadcastRecord{0x4219a1f8 u0 android.intent.action.BATTERY_CHANGED}(0 millis)
09-28 19:12:22.356   705   800 I ams     : TID:800 .../BroadcastQueue.cpp:585:	[AMS] Delivering to BroadcastFilter{0x65338908 u0 ReceiverList{0x64881a28 705 system/1000/u0 local:0x64881f7c}} (seq=-1): BroadcastRecord{0x4219a1f8 u0 android.intent.action.BATTERY_CHANGED}
09-28 19:12:22.356   705   800 I ams     : TID:800 .../BroadcastQueue.cpp:475:	AMS_STATUS>> SCHEDULE_REGISTER_RECEIVER: Process system (pid:705, uid: 1000), Receiver 0x64881f7c(0x64881f70), Non-ordered broadcast, Intent { act=android.intent.action.BATTERY_CHANGED flg=1610612736 (has extras) }
09-28 19:12:22.356   705   800 I activity_thread: TID:800 .../ActivityThread.cpp:3060:	scheduleRegisteredReceiver: receiver=0x64881f7c, Intent=Intent { act=android.intent.action.BATTERY_CHANGED flg=1610612736 (has extras) }, resultCode=-1, dataStr=NULL, ordered=false, sticky=false
09-28 19:12:22.356   705   800 I ams     : TID:800 .../BroadcastQueue.cpp:593:	performReceive of BroadcastRecord{0x4219a1f8 u0 android.intent.action.BATTERY_CHANGED}(0 millis)
09-28 19:12:22.356   705   800 D lights  : set_color_led color=13107200, mode=1, off_min=0, off_sec=0
09-28 19:12:22.356   705   800 D lights  : [LedInfo] without indicator attribute, red:c80000, green:0, blue:0
09-28 19:12:22.356   705   800 D lights  : [LedInfo] write attr ok name=/sys/class/leds/amber/brightness string=1,len=1
09-28 19:12:22.356   705   800 D lights  : [LedInfo] write attr ok name=/sys/class/leds/amber/blink string=0,len=1
09-28 19:12:22.356   705   800 D lights  : [LedInfo] write attr ok name=/sys/class/leds/amber/off_timer string=0 0,len=3
09-28 19:12:22.356   705   800 D lights  : [LedInfo] write attr ok name=/sys/class/leds/green/brightness string=0,len=1
09-28 19:12:22.356   705   800 D lights  : [LedInfo] write attr ok name=/sys/class/leds/green/blink string=0,len=1
09-28 19:12:22.356   705   800 D lights  : [LedInfo] write attr ok name=/sys/class/leds/green/off_timer string=0 0,len=3
09-28 19:12:22.366   705   800 I ams     : TID:800 .../BroadcastQueue.cpp:585:	[AMS] Delivering to BroadcastFilter{0x4dc663e8 u0 ReceiverList{0x4ce04298 705 system/1000/u0 local:0x4ce04074}} (seq=-1): BroadcastRecord{0x4219a1f8 u0 android.intent.action.BATTERY_CHANGED}
09-28 19:12:22.366   705   800 I ams     : TID:800 .../BroadcastQueue.cpp:475:	AMS_STATUS>> SCHEDULE_REGISTER_RECEIVER: Process system (pid:705, uid: 1000), Receiver 0x4ce04074(0x4ce04068), Non-ordered broadcast, Intent { act=android.intent.action.BATTERY_CHANGED flg=1610612736 (has extras) }
09-28 19:12:22.366   705   800 I activity_thread: TID:800 .../ActivityThread.cpp:3060:	scheduleRegisteredReceiver: receiver=0x4ce04074, Intent=Intent { act=android.intent.action.BATTERY_CHANGED flg=1610612736 (has extras) }, resultCode=-1, dataStr=NULL, ordered=false, sticky=false
09-28 19:12:22.366   705   800 I ams     : TID:800 .../BroadcastQueue.cpp:593:	performReceive of BroadcastRecord{0x4219a1f8 u0 android.intent.action.BATTERY_CHANGED}(0 millis)
09-28 19:12:22.366   705   800 I ams     : TID:800 .../BroadcastQueue.cpp:585:	[AMS] Delivering to BroadcastFilter{0x4dce2958 u0 ReceiverList{0x4f221930 705 system/1000/u0 local:0x4d9e9b5c}} (seq=-1): BroadcastRecord{0x4219a1f8 u0 android.intent.action.BATTERY_CHANGED}
09-28 19:12:22.366   705   800 I ams     : TID:800 .../BroadcastQueue.cpp:475:	AMS_STATUS>> SCHEDULE_REGISTER_RECEIVER: Process system (pid:705, uid: 1000), Receiver 0x4d9e9b5c(0x4d9e9b50), Non-ordered broadcast, Intent { act=android.intent.action.BATTERY_CHANGED flg=1610612736 (has extras) }
09-28 19:12:22.366   705   800 I activity_thread: TID:800 .../ActivityThread.cpp:3060:	scheduleRegisteredReceiver: receiver=0x4d9e9b5c, Intent=Intent { act=android.intent.action.BATTERY_CHANGED flg=1610612736 (has extras) }, resultCode=-1, dataStr=NULL, ordered=false, sticky=false
09-28 19:12:22.366   705   800 I ams     : TID:800 .../BroadcastQueue.cpp:593:	performReceive of BroadcastRecord{0x4219a1f8 u0 android.intent.action.BATTERY_CHANGED}(0 millis)
09-28 19:12:22.366   705   800 I ams     : TID:800 .../BroadcastQueue.cpp:585:	[AMS] Delivering to BroadcastFilter{0x4ee43ef0 u0 ReceiverList{0x4ee43e78 705 system/1000/u0 local:0x4ee43654}} (seq=-1): BroadcastRecord{0x4219a1f8 u0 android.intent.action.BATTERY_CHANGED}
09-28 19:12:22.366   711   715 I viewroot: TID:715 .../ViewRoot.cpp:3131:	Disable SmartMode Log (calling scrollToRectOrFocus)
09-28 19:12:22.366   711   715 I OpenGLRenderer: TID:715 .../DisplayListRenderer.cpp:203:	delete SkMatrix in mMatrices, address : 0x4cd25dc0
09-28 19:12:22.366   711   715 I OpenGLRenderer: TID:715 .../DisplayListRenderer.cpp:289:	add SkMatrix in mMatrices, address : 0x4cd8aa98
09-28 19:12:22.366   705   800 I ams     : TID:800 .../BroadcastQueue.cpp:475:	AMS_STATUS>> SCHEDULE_REGISTER_RECEIVER: Process system (pid:705, uid: 1000), Receiver 0x4ee43654(0x4ee43648), Non-ordered broadcast, Intent { act=android.intent.action.BATTERY_CHANGED flg=1610612736 (has extras) }
09-28 19:12:22.366   705   800 I activity_thread: TID:800 .../ActivityThread.cpp:3060:	scheduleRegisteredReceiver: receiver=0x4ee43654, Intent=Intent { act=android.intent.action.BATTERY_CHANGED flg=1610612736 (has extras) }, resultCode=-1, dataStr=NULL, ordered=false, sticky=false
09-28 19:12:22.366   705   800 I ams     : TID:800 .../BroadcastQueue.cpp:593:	performReceive of BroadcastRecord{0x4219a1f8 u0 android.intent.action.BATTERY_CHANGED}(7 millis)
09-28 19:12:22.376  1382  1389 D ThermalDaemon: CPU2 Max freq recover to 1890000
09-28 19:12:22.376  1383  1386 I PnPMgr  : Write '/sys/devices/system/cpu/cpu2/cpufreq/scaling_min_freq' = '384000' <Rule: Default>
09-28 19:12:22.376  1383  1386 I PnPMgr  : Write '/sys/devices/system/cpu/cpu2/cpufreq/scaling_max_freq' = '1890000' <Rule: Charging>
09-28 19:12:22.376  1383  1386 I PnPMgr  : Write '/sys/devices/system/cpu/cpu1/cpufreq/scaling_min_freq' = '384000' <Rule: Default>
09-28 19:12:22.376  1383  1386 I PnPMgr  : Write '/sys/devices/system/cpu/cpu1/cpufreq/scaling_max_freq' = '1890000' <Rule: Charging>
09-28 19:12:22.376   711   715 I activity_thread: TID:715 .../ActivityThread.cpp:1541:	LIFESTAT onReceive: 0x421217c8
09-28 19:12:22.376   711   715 D SystemUIDialogs: TID:715 .../SystemUIDialogs.cpp:53:	Enter onReceive
09-28 19:12:22.376   711   715 I SystemUIDialogs: TID:715 .../SystemUIDialogs.cpp:70:	ACTION= android.intent.action.ACTION_POWER_CONNECTED
09-28 19:12:22.376   711   715 W SystemUIDialogs: TID:715 .../SystemUIDialogs.cpp:239:	unknown intent: android.intent.action.ACTION_POWER_CONNECTED
09-28 19:12:22.376   711   715 D SystemUIDialogs: TID:715 .../SystemUIDialogs.cpp:53:	Leave onReceive (takes 0 millis)
09-28 19:12:22.376   711   715 I activity_thread: TID:715 .../ActivityThread.cpp:1541:	LIFESTAT onReceive: 0x421217c8
09-28 19:12:22.376   711   715 D SystemUIDialogs: TID:715 .../SystemUIDialogs.cpp:53:	Enter onReceive
09-28 19:12:22.376   711   715 I SystemUIDialogs: TID:715 .../SystemUIDialogs.cpp:70:	ACTION= android.intent.action.BATTERY_CHANGED
09-28 19:12:22.376   705   800 I ams     : TID:800 .../BroadcastQueue.cpp:585:	[AMS] Delivering to BroadcastFilter{0x4de48898 u0 ReceiverList{0x4de48820 705 system/1000/u0 local:0x4f1dc574}} (seq=-1): BroadcastRecord{0x4219a1f8 u0 android.intent.action.BATTERY_CHANGED}
09-28 19:12:22.376   705   800 I ams     : TID:800 .../BroadcastQueue.cpp:475:	AMS_STATUS>> SCHEDULE_REGISTER_RECEIVER: Process system (pid:705, uid: 1000), Receiver 0x4f1dc574(0x4f1dc568), Non-ordered broadcast, Intent { act=android.intent.action.BATTERY_CHANGED flg=1610612736 (has extras) }
09-28 19:12:22.376   711   715 D SystemUIDialogs: TID:715 .../SystemUIDialogs.cpp:53:	Leave onReceive (takes 0 millis)
09-28 19:12:22.376   705   800 I activity_thread: TID:800 .../ActivityThread.cpp:3060:	scheduleRegisteredReceiver: receiver=0x4f1dc574, Intent=Intent { act=android.intent.action.BATTERY_CHANGED flg=1610612736 (has extras) }, resultCode=-1, dataStr=NULL, ordered=false, sticky=false
09-28 19:12:22.376   705   800 I ams     : TID:800 .../BroadcastQueue.cpp:593:	performReceive of BroadcastRecord{0x4219a1f8 u0 android.intent.action.BATTERY_CHANGED}(0 millis)
09-28 19:12:22.376   711   715 I statusbar: TID:715 .../SystemUIControl.cpp:645:	UIDIALOG_DISMISS_LOWBATTERYWARNING
09-28 19:12:22.376   711   715 I statusbar: TID:715 .../SystemUIControl.cpp:734:	UIDIALOG_DISMISS_LOWCHARGINGWARNINGDIALOG2
09-28 19:12:22.376   705   800 I ams     : TID:800 .../BroadcastQueue.cpp:585:	[AMS] Delivering to BroadcastFilter{0x4e2087f0 u0 ReceiverList{0x4ecf1858 706 system/bin/lockscreend/1000/u0 remote:0x51ba4c80}} (seq=-1): BroadcastRecord{0x4219a1f8 u0 android.intent.action.BATTERY_CHANGED}
09-28 19:12:22.376   705   800 I ams     : TID:800 .../BroadcastQueue.cpp:475:	AMS_STATUS>> SCHEDULE_REGISTER_RECEIVER: Process system/bin/lockscreend (pid:706, uid: 1000), Receiver 0x51ba4c80(0x4d24e8d0), Non-ordered broadcast, Intent { act=android.intent.action.BATTERY_CHANGED flg=1610612736 (has extras) }
09-28 19:12:22.386   236   312 D overlay : FROM_STATE = OV_CLOSED TO_STATE = OV_BYPASS_3_LAYER
09-28 19:12:22.386   705   800 I ams     : TID:800 .../BroadcastQueue.cpp:593:	performReceive of BroadcastRecord{0x4219a1f8 u0 android.intent.action.BATTERY_CHANGED}(1 millis)
09-28 19:12:22.386   706   706 I activity_thread: TID:706 .../ActivityThread.cpp:3060:	scheduleRegisteredReceiver: receiver=0x4053f2d4, Intent=Intent { act=android.intent.action.BATTERY_CHANGED flg=1610612736 (has extras) }, resultCode=-1, dataStr=NULL, ordered=false, sticky=false
09-28 19:12:22.386   706   709 I activity_thread: TID:709 .../ActivityThread.cpp:1541:	LIFESTAT onReceive: 0x5292df90
09-28 19:12:22.386   705   800 I ams     : TID:800 .../BroadcastQueue.cpp:585:	[AMS] Delivering to BroadcastFilter{0x53b42570 u0 ReceiverList{0x4fdd6208 711 system/bin/systemuid/1000/u0 remote:0x4fdd6170}} (seq=-1): BroadcastRecord{0x4219a1f8 u0 android.intent.action.BATTERY_CHANGED}
09-28 19:12:22.386   705   800 I ams     : TID:800 .../BroadcastQueue.cpp:475:	AMS_STATUS>> SCHEDULE_REGISTER_RECEIVER: Process system/bin/systemuid (pid:711, uid: 1000), Receiver 0x4fdd6170(0x4fdd61c8), Non-ordered broadcast, Intent { act=android.intent.action.BATTERY_CHANGED flg=1610612736 (has extras) }
09-28 19:12:22.386   706   709 I LSState : TID:709 .../home/u18000/hudson-slave/workspace/HtcLockScreenCOS_2.0_COS_1.0/src/lockscreen/app/LSState.cpp:364:	EventReceiver::ACTION_BATTERY_CHANGED status: 2 level: 99 plugged: 2
09-28 19:12:22.386   706   709 D BothHandler: TID:709 .../home/u18000/hudson-slave/workspace/HtcLockScreenCOS_2.0_COS_1.0/src/utils/BothHandler.cpp:52:	new workitem code=2
09-28 19:12:22.386   706   709 D BothHandler: TID:709 .../home/u18000/hudson-slave/workspace/HtcLockScreenCOS_2.0_COS_1.0/src/utils/BothHandler.cpp:63:	WaitW mutex=0x4e4ac050 code=2
09-28 19:12:22.386   706   709 D BothHandler: TID:709 .../home/u18000/hudson-slave/workspace/HtcLockScreenCOS_2.0_COS_1.0/src/utils/BothHandler.cpp:67:	Exec code=2 >>>
09-28 19:12:22.386   706   709 I LSState : TID:709 .../home/u18000/hudson-slave/workspace/HtcLockScreenCOS_2.0_COS_1.0/src/lockscreen/app/LSState.cpp:888:	MyUIHandler what: 2
09-28 19:12:22.386   706   709 D LSState : TID:709 .../home/u18000/hudson-slave/workspace/HtcLockScreenCOS_2.0_COS_1.0/src/lockscreen/app/LSState.cpp:966:	handleBatteryUpdate pluggedInStatus: 2 pluggedInType: 2 batteryLevel: 99
09-28 19:12:22.386   706   709 E LSState : TID:709 .../home/u18000/hudson-slave/workspace/HtcLockScreenCOS_2.0_COS_1.0/src/lockscreen/app/LSState.cpp:985:	handleBatteryUpdate should not be here!!
09-28 19:12:22.386   706   709 D BothHandler: TID:709 .../home/u18000/hudson-slave/workspace/HtcLockScreenCOS_2.0_COS_1.0/src/utils/BothHandler.cpp:83:	delete data=0x4c8b2db8 type=3 code=2
09-28 19:12:22.386   711   837 I activity_thread: TID:837 .../ActivityThread.cpp:3060:	scheduleRegisteredReceiver: receiver=0x4c95f39c, Intent=Intent { act=android.intent.action.BATTERY_CHANGED flg=1610612736 (has extras) }, resultCode=-1, dataStr=NULL, ordered=false, sticky=false
09-28 19:12:22.386   706   709 D BothHandler: TID:709 .../home/u18000/hudson-slave/workspace/HtcLockScreenCOS_2.0_COS_1.0/src/utils/BothHandler.cpp:107:	Exec <<<
09-28 19:12:22.386   706   709 D BothHandler: TID:709 .../home/u18000/hudson-slave/workspace/HtcLockScreenCOS_2.0_COS_1.0/src/utils/BothHandler.cpp:58:	destory workitem code=2
09-28 19:12:22.386   711   715 I activity_thread: TID:715 .../ActivityThread.cpp:1541:	LIFESTAT onReceive: 0x4c9616d0
09-28 19:12:22.386   705   800 I ams     : TID:800 .../BroadcastQueue.cpp:593:	performReceive of BroadcastRecord{0x4219a1f8 u0 android.intent.action.BATTERY_CHANGED}(1 millis)
09-28 19:12:22.386   705   800 I ams     : TID:800 .../BroadcastQueue.cpp:585:	[AMS] Delivering to BroadcastFilter{0x4e3c3f20 u0 ReceiverList{0x4db6cce0 1133 phone/1001/u0 remote:0x4d53a9c0}} (seq=-1): BroadcastRecord{0x4219a1f8 u0 android.intent.action.BATTERY_CHANGED}
09-28 19:12:22.386   705   800 I ams     : TID:800 .../BroadcastQueue.cpp:475:	AMS_STATUS>> SCHEDULE_REGISTER_RECEIVER: Process phone (pid:1133, uid: 1001), Receiver 0x4d53a9c0(0x4d53aa18), Non-ordered broadcast, Intent { act=android.intent.action.BATTERY_CHANGED flg=1610612736 (has extras) }
09-28 19:12:22.386   711   715 I dashboard: TID:715 .../home/u18000/.hudson/jobs/Notification_1.1_COS_1.0/workspace/src/indicators/battery/DashBoardPowerStatusModel.cpp:51:	DashBoardREG miPowerSource=2, miPowerLevel=99, miPowerScale=100, miPowerStatus=2
09-28 19:12:22.386   705   833 W UEventObserver: TID:833 .../UEventObserver.cpp:87:	ACCESSORY is not in event map.
09-28 19:12:22.386   705   833 W UEventObserver: TID:833 .../UEventObserver.cpp:87:	SWITCH_NAME is not in event map.
09-28 19:12:22.386   705   833 W UEventObserver: TID:833 .../UEventObserver.cpp:87:	SWITCH_STATE is not in event map.
09-28 19:12:22.386   705   833 I looper_mq: TID:833 .../MessageQueue.cpp:383:	removeMessages what=0
09-28 19:12:22.386  1133  1135 I activity_thread: TID:1135 .../ActivityThread.cpp:3060:	scheduleRegisteredReceiver: receiver=0x76a34eac, Intent=Intent { act=android.intent.action.BATTERY_CHANGED flg=1610612736 (has extras) }, resultCode=-1, dataStr=NULL, ordered=false, sticky=false
09-28 19:12:22.386  1133  1134 I activity_thread: TID:1134 .../ActivityThread.cpp:1541:	LIFESTAT onReceive: 0x76993070
09-28 19:12:22.386  1133  1134 D BluetoothHFP: TID:1134 ... /BluetoothHandsfree.cpp:462  Enter onReceive() =====533 > 
09-28 19:12:22.386  1133  1134 D BluetoothHFP: TID:1134 ... /BluetoothHandsfree.cpp:462  Leave onReceive() took 0 ms < =====533 
09-28 19:12:22.386  1133  1134 D BluetoothHFP: TID:1134 ... /BluetoothHandsfree.cpp:1908  Enter handleMessage() =====534 > 
09-28 19:12:22.386  1133  1134 D BluetoothHFP: TID:1134 .../home/u18000/.hudson/jobs/Phone_2.0_COS_1.0/workspace/src/Phone/bluetooth/BluetoothHandsfree.cpp:1910:	HandsfreeMessageHandler 13
09-28 19:12:22.386  1133  1134 D BluetoothHFP: TID:1134 ... /BluetoothHandsfree.cpp:560  Enter updateBatteryState() =====535 > 
09-28 19:12:22.386  1133  1134 D FuncLocker: TID:1134 .../home/u18000/.hudson/jobs/Phone_2.0_COS_1.0/workspace/src/Phone/bluetooth/../utils/include/SyncLocker.h:39:	mutex_lock 0x5681286c
09-28 19:12:22.386   705   833 W UEventObserver: TID:833 .../UEventObserver.cpp:87:	USB_STATE is not in event map.
09-28 19:12:22.386   705   833 W UEventObserver: TID:833 .../UEventObserver.cpp:87:	ACCESSORY is not in event map.
09-28 19:12:22.386   705   833 I looper_mq: TID:833 .../MessageQueue.cpp:383:	removeMessages what=5
09-28 19:12:22.386  1133  1134 D BluetoothHFP: TID:1134 .../home/u18000/.hudson/jobs/Phone_2.0_COS_1.0/workspace/src/Phone/bluetooth/BluetoothHandsfree.cpp:573:	free memory: intent 0x4c8a7ba8
09-28 19:12:22.386  1133  1134 D FuncLocker: TID:1134 .../home/u18000/.hudson/jobs/Phone_2.0_COS_1.0/workspace/src/Phone/bluetooth/../utils/include/SyncLocker.h:43:	mutex_unlock 0x5681286c
09-28 19:12:22.386  1133  1134 D BluetoothHFP: TID:1134 ... /BluetoothHandsfree.cpp:560  Leave updateBatteryState() took 1 ms < =====535 
09-28 19:12:22.386  1133  1134 D BluetoothHFP: TID:1134 ... /BluetoothHandsfree.cpp:1908  Leave handleMessage() took 1 ms < =====534 
09-28 19:12:22.386   705   800 I ams     : TID:800 .../BroadcastQueue.cpp:593:	performReceive of BroadcastRecord{0x4219a1f8 u0 android.intent.action.BATTERY_CHANGED}(2 millis)
09-28 19:12:22.386   705   800 I ams     : TID:800 .../BroadcastQueue.cpp:585:	[AMS] Delivering to BroadcastFilter{0x4dedb708 u0 ReceiverList{0x4e9ff640 24431 com.htc.CruiserPwrExpert/10059/u0 remote:0x4d2b2f20}} (seq=-1): BroadcastRecord{0x4219a1f8 u0 android.intent.action.BATTERY_CHANGED}
09-28 19:12:22.386   705   800 I ams     : TID:800 .../BroadcastQueue.cpp:475:	AMS_STATUS>> SCHEDULE_REGISTER_RECEIVER: Process com.htc.CruiserPwrExpert (pid:24431, uid: 10059), Receiver 0x4d2b2f20(0x51c54f48), Non-ordered broadcast, Intent { act=android.intent.action.BATTERY_CHANGED flg=1610612736 (has extras) }
09-28 19:12:22.386   705   800 I ams     : TID:800 .../BroadcastQueue.cpp:593:	performReceive of BroadcastRecord{0x4219a1f8 u0 android.intent.action.BATTERY_CHANGED}(1 millis)
09-28 19:12:22.386   705   800 I ams     : TID:800 .../BroadcastQueue.cpp:825:	Processing ordered broadcast: BroadcastRecord(0x4d936ce0) for Intent { act=android.intent.action.ACTION_POWER_CONNECTED flg=134217728 }, 1 ordered broadcast left
09-28 19:12:22.386   705   800 D ams     : TID:800 .../RuntimeChecker.cpp:27:	Enter self
09-28 19:12:22.386   705   800 D ams     : TID:800 .../RuntimeChecker.cpp:27:	Leave self (takes 0 millis)
09-28 19:12:22.386   705   800 D ams     : TID:800 .../RuntimeChecker.cpp:85:	Enter isRuntimeAppAndRuntimeStop
09-28 19:12:22.386   705   800 I RuntimeManagerServer: TID:800 .../RuntimeManagerService.cpp:523:	checkRuntime param isView is false
09-28 19:12:22.386   705   800 W RuntimeManagerServer: TID:800 .../RuntimeManagerService.cpp:182:	callerPackageName is NULL
09-28 19:12:22.386 24431 24431 V PES     : [onReceive] Action=android.intent.action.BATTERY_CHANGED, BattLevel=99, PluggedType=2
09-28 19:12:22.386   705   800 I RuntimeManagerServer: TID:800 .../RuntimeManagerService.cpp:485:	runtimeTypeList.size() is 2
09-28 19:12:22.386   705   800 I RuntimeManagerServer: TID:800 .../RuntimeManagerService.cpp:487:	runtimeTypeList[0] is web
09-28 19:12:22.386   705   800 I RuntimeManagerServer: TID:800 .../RuntimeManagerService.cpp:487:	runtimeTypeList[1] is android
09-28 19:12:22.386   705   800 I pkg_ms  : TID:800 .../PackageManagerService.cpp:7869:	apkPath(/system/app/UserTrialFeedback.apk)
09-28 19:12:22.386   705   800 I pkg_ms  : TID:800 .../PackageManagerService.cpp:7886:	file(/data/dalvik-cache/system@app@UserTrialFeedback.apk@classes.dex)
09-28 19:12:22.386   705   800 I pkg_ms  : TID:800 .../PackageManagerService.cpp:7889:	file->exists()
09-28 19:12:22.386   705   800 D ams     : TID:800 .../RuntimeChecker.cpp:85:	Leave isRuntimeAppAndRuntimeStop (takes 2 millis)
09-28 19:12:22.386   234   266 W Vold    : USB connected
09-28 19:12:22.396   705   873 D VoldConnector: RCV <- {620 Share method ums now available}
09-28 19:12:22.396   705   873 D VoldConnector: handle callback code = 620, event = 620 Share method ums now available
09-28 19:12:22.396   705   800 I ams     : TID:800 .../ActivityManagerService.cpp:1485:	getProcessRecord>> processName: com.htc.usertrialfeedback >> ApplicationInfo{ packageName= com.htc.usertrialfeedback, processName= com.htc.usertrialfeedback, className= , mIsGaiaPackage= false, mIsCosPackage= false}
09-28 19:12:22.396   705   800 I ams     : TID:800 .../ActivityManagerService.cpp:1411:	Putting proc to front: com.htc.usertrialfeedback
09-28 19:12:22.396   705   800 I ams     : TID:800 .../BroadcastQueue.cpp:259:	AMS_STATUS>> SCHEDULE_RECEIVER: Process com.htc.usertrialfeedback (pid=25295), BroadcastRecord{0x4d936ce0 u0 android.intent.action.ACTION_POWER_CONNECTED} (Non-ordered broadcast), Intent { act=android.intent.action.ACTION_POWER_CONNECTED flg=134217728 cmp=com.htc.usertrialfeedback/.UserTrialFeedbackReceiver }
09-28 19:12:22.396   705   800 I activity_thread: TID:800 .../ActivityThread.cpp:1541:	LIFESTAT onReceive: 0x64690ac8
09-28 19:12:22.396   705   800 I PowerManagerService: TID:800 .../PowerManagerService.cpp:496:	PowerManagerService::BatteryReceiver::onReceive
09-28 19:12:22.396   705   799 I powersaver: TID:799 .../PowerSaver.cpp:468:	>> updateStatus
09-28 19:12:22.396   705   800 I activity_thread: TID:800 .../ActivityThread.cpp:1541:	LIFESTAT onReceive: 0x5164b7a0
09-28 19:12:22.396   705   800 I activity_thread: TID:800 .../ActivityThread.cpp:1541:	LIFESTAT onReceive: 0x4f62fd58
09-28 19:12:22.396   705   799 I provider_settings: TID:799 .../Settings.cpp:344:	Settings::NameValueCache::getString, Process: system/bin/gaiad, (name, value) = (STATUS_POWER_SAVING_AUTO, )
09-28 19:12:22.396   705   800 I activity_thread: TID:800 .../ActivityThread.cpp:1541:	LIFESTAT onReceive: 0x4d6cea78
09-28 19:12:22.396   705   800 I provider_settings: TID:800 .../Settings.cpp:344:	Settings::NameValueCache::getString, Process: system/bin/gaiad, (name, value) = (wifi_idle_ms, )
09-28 19:12:22.396 25295 25295 D UserTrialFeedback: [onReceive] action=android.intent.action.ACTION_POWER_CONNECTED
09-28 19:12:22.396   705   800 I provider_settings: TID:800 .../Settings.cpp:344:	Settings::NameValueCache::getString, Process: system/bin/gaiad, (name, value) = (stay_on_while_plugged_in, 0)
09-28 19:12:22.396   705   947 I ams     : TID:947 .../PendingIntentRecord.cpp:185:	PendingIntentRecord instance 0x4db7be20
09-28 19:12:22.396   705   800 I WFD_F   : TID:800 .../WifiService.cpp:354:	ACTION_BATTERY_CHANGED pluggedType: 2
09-28 19:12:22.396   705   800 I activity_thread: TID:800 .../ActivityThread.cpp:1541:	LIFESTAT onReceive: 0x4f1c94c0
09-28 19:12:22.396   705   800 D NotificationService: TID:800 .../NotificationManagerService.cpp:1554:	Enter onReceive
09-28 19:12:22.396   705   800 I NotificationService: TID:800 .../NotificationManagerService.cpp:1562:	ACTION = android.intent.action.BATTERY_CHANGED 
09-28 19:12:22.396   705   799 I provider_settings: TID:799 .../Settings.cpp:344:	Settings::NameValueCache::getString, Process: system/bin/gaiad, (name, value) = (powersaver_set_schedule, )
09-28 19:12:22.396   705   800 I NotificationService: TID:800 .../NotificationManagerService.cpp:1574:	mIntentReceiver Intent::ACTION_BATTERY_CHANGED()
09-28 19:12:22.396 25295 25295 V UserTrialFeedback: [checkAutoUpload] /data/data/com.htc.usertrialfeedback/files/.autoupload
09-28 19:12:22.396   705   947 I NotificationManager: TID:947 .../NotificationManager.cpp:59:	NotificationManager::notify -> idOut != NULL
09-28 19:12:22.396   705   947 D NotificationService: TID:947 .../NotificationManagerService.cpp:671:	Enter enqueueNotificationWithTag
09-28 19:12:22.396   705   947 D NotificationService: TID:947 .../NotificationManagerService.cpp:687:	Enter enqueueNotificationInternal
09-28 19:12:22.396   705   947 D NotificationService: TID:947 .../NotificationManagerService.cpp:697:	Enter enqueueNotificationInternal
09-28 19:12:22.396   705   947 D NotificationService: TID:947 .../NotificationManagerService.cpp:1108:	Enter checkIncomingCall
09-28 19:12:22.396   705   947 D NotificationService: TID:947 .../NotificationManagerService.cpp:1108:	Leave checkIncomingCall (takes 0 millis)
09-28 19:12:22.396   705   947 D NotificationService: TID:947 .../NotificationManagerService.cpp:1322:	Enter NotificationRecord
09-28 19:12:22.396   705   947 D NotificationService: TID:947 .../NotificationManagerService.cpp:1322:	Leave NotificationRecord (takes 0 millis)
09-28 19:12:22.396   705   947 D NotificationService: TID:947 .../NotificationManagerService.cpp:1273:	Enter indexOfNotificationLocked
09-28 19:12:22.396   705   947 D NotificationService: TID:947 .../NotificationManagerService.cpp:1273:	Leave indexOfNotificationLocked (takes 0 millis)
09-28 19:12:22.396   705   800 D NotificationService: TID:800 .../NotificationManagerService.cpp:1554:	Leave onReceive (takes 0 millis)
09-28 19:12:22.396   705   800 I activity_thread: TID:800 .../ActivityThread.cpp:1541:	LIFESTAT onReceive: 0x4f12a048
09-28 19:12:22.396   705   874 I ams     : TID:874 .../ActivityManagerService.cpp:15993:	Broadcast: Intent { act=android.intent.action.UMS_CONNECTED } ordered=false, callerApp=ProcessRecord{0x56e16008 pid=705/tid=-1/ProcessName=system/uid=1000}, callerPackage=android, resolvedType=NULL, resultTo=0x0(0x0), userId=0 (from: pid=705, uid=1000)
09-28 19:12:22.396   705   947 D NotificationService: TID:947 .../NotificationManagerService.cpp:950:	Enter sendAccessibilityEvent
09-28 19:12:22.396   705   947 D NotificationService: TID:947 .../NotificationManagerService.cpp:950:	Leave sendAccessibilityEvent (takes 0 millis)
09-28 19:12:22.396   705   947 D NotificationService: TID:947 .../NotificationManagerService.cpp:697:	Leave enqueueNotificationInternal (takes 0 millis)
09-28 19:12:22.396   705   947 D NotificationService: TID:947 .../NotificationManagerService.cpp:687:	Leave enqueueNotificationInternal (takes 0 millis)
09-28 19:12:22.396   705   947 D NotificationService: TID:947 .../NotificationManagerService.cpp:671:	Leave enqueueNotificationWithTag (takes 0 millis)
09-28 19:12:22.396   705   947 I NotificationManager: TID:947 .../NotificationManager.cpp:71:	NotificationManager::notify -> idOut != NULL
09-28 19:12:22.396   705   874 I ams     : TID:874 .../ActivityManagerService.cpp:15920:	[AMS] CollectReceiverComponents: Set to newReceivers
09-28 19:12:22.396   705   874 I ams     : TID:874 .../ActivityManagerService.cpp:15967:	[AMS] CollectReceiverComponents finished
09-28 19:12:22.396   705   799 I provider_settings: TID:799 .../Settings.cpp:259:	Settings::NameValueTable::putString, Process: system/bin/gaiad, insert (name, value) = (powersaver_enable, 1)
09-28 19:12:22.396   705   874 I ams     : TID:874 .../ActivityManagerService.cpp:16308:	Collect 0 receivers for (null) typed broadcast Intent { act=android.intent.action.UMS_CONNECTED } (time=1 ms)
09-28 19:12:22.396   705   874 I ams     : TID:874 .../ActivityManagerService.cpp:16323:	Resolve 0 registered receivers for (null) typed broadcast Intent { act=android.intent.action.UMS_CONNECTED } (time=0 ms)
09-28 19:12:22.396   705   799 I provider_settings: TID:799 .../Settings.cpp:344:	Settings::NameValueCache::getString, Process: system/bin/gaiad, (name, value) = (powersaver_enable, 1)
09-28 19:12:22.396   705   799 I provider_settings: TID:799 .../Settings.cpp:344:	Settings::NameValueCache::getString, Process: system/bin/gaiad, (name, value) = (user_powersaver_enable, )
09-28 19:12:22.396   705   799 I provider_settings: TID:799 .../Settings.cpp:344:	Settings::NameValueCache::getString, Process: system/bin/gaiad, (name, value) = (STATUS_POWER_SAVING_AUTO, )
09-28 19:12:22.396   705   947 I ams     : TID:947 .../PendingIntentRecord.cpp:185:	PendingIntentRecord instance 0x4dd3e4e8
09-28 19:12:22.396   705   799 I powersaver: TID:799 .../PowerSaver.cpp:532:	currentStatus=8000, currentLevel=99, enableLevel=-1, enable=false, mAutoModeOn=false, popDialog=false, statusChangeTo=-1
09-28 19:12:22.396   705   799 I powersaver: TID:799 .../PowerSaver.cpp:541:	<< updateStatus
09-28 19:12:22.396   705   947 I NotificationManager: TID:947 .../NotificationManager.cpp:59:	NotificationManager::notify -> idOut != NULL
09-28 19:12:22.396   705   947 D NotificationService: TID:947 .../NotificationManagerService.cpp:671:	Enter enqueueNotificationWithTag
09-28 19:12:22.396   705   947 D NotificationService: TID:947 .../NotificationManagerService.cpp:687:	Enter enqueueNotificationInternal
09-28 19:12:22.396   705   947 D NotificationService: TID:947 .../NotificationManagerService.cpp:697:	Enter enqueueNotificationInternal
09-28 19:12:22.396   705   947 D NotificationService: TID:947 .../NotificationManagerService.cpp:1108:	Enter checkIncomingCall
09-28 19:12:22.396   705   947 D NotificationService: TID:947 .../NotificationManagerService.cpp:1108:	Leave checkIncomingCall (takes 0 millis)
09-28 19:12:22.396   705   947 D NotificationService: TID:947 .../NotificationManagerService.cpp:1322:	Enter NotificationRecord
09-28 19:12:22.396   705   947 D NotificationService: TID:947 .../NotificationManagerService.cpp:1322:	Leave NotificationRecord (takes 0 millis)
09-28 19:12:22.396   705   947 D NotificationService: TID:947 .../NotificationManagerService.cpp:1273:	Enter indexOfNotificationLocked
09-28 19:12:22.396   705   947 D NotificationService: TID:947 .../NotificationManagerService.cpp:1273:	Leave indexOfNotificationLocked (takes 0 millis)
09-28 19:12:22.396   711   711 D statusbar: TID:711 .../PhoneStatusBar.cpp:550:	Enter addNotification
09-28 19:12:22.396   711   711 D statusbar: TID:711 .../PhoneStatusBar.cpp:552:	Try Lock mNotificationsLock(0x40068354)
09-28 19:12:22.396   711   711 D statusbar: TID:711 .../PhoneStatusBar.cpp:324:	Enter NotificationQueueEntry
09-28 19:12:22.396   711   711 D statusbar: TID:711 .../PhoneStatusBar.cpp:324:	Leave NotificationQueueEntry (takes 0 millis)
09-28 19:12:22.396   711   711 I statusbar: TID:711 .../PhoneStatusBar.cpp:559:	send message add Notification, package name is android
09-28 19:12:22.396   705   947 D NotificationService: TID:947 .../NotificationManagerService.cpp:950:	Enter sendAccessibilityEvent
09-28 19:12:22.396   711   711 D statusbar: TID:711 .../PhoneStatusBar.cpp:550:	Leave addNotification (takes 1 millis)
09-28 19:12:22.396   705   947 D NotificationService: TID:947 .../NotificationManagerService.cpp:950:	Leave sendAccessibilityEvent (takes 1 millis)
09-28 19:12:22.396   711   715 I statusbar: TID:715 .../SystemUIControl.cpp:263:	STATUSBAR_ADDNOTIFICATION
09-28 19:12:22.396   711   715 D statusbar: TID:715 .../PhoneStatusBar.cpp:1233:	Enter do_addNotification
09-28 19:12:22.396   711   715 D statusbar: TID:715 .../PhoneStatusBar.cpp:1241:	Try Lock mNotificationsLock(0x40068354)
09-28 19:12:22.396   711   715 I statusbar: TID:715 .../PhoneStatusBar.cpp:1249:	after mutex get addnotification data, notification package name is android
09-28 19:12:22.396   705   947 D NotificationService: TID:947 .../NotificationManagerService.cpp:697:	Leave enqueueNotificationInternal (takes 1 millis)
09-28 19:12:22.396   705   947 D NotificationService: TID:947 .../NotificationManagerService.cpp:687:	Leave enqueueNotificationInternal (takes 1 millis)
09-28 19:12:22.396   705   947 D NotificationService: TID:947 .../NotificationManagerService.cpp:671:	Leave enqueueNotificationWithTag (takes 1 millis)
09-28 19:12:22.396   705   947 I NotificationManager: TID:947 .../NotificationManager.cpp:71:	NotificationManager::notify -> idOut != NULL
09-28 19:12:22.396   234   266 W Vold    : Share method ums now available
09-28 19:12:22.396   705   874 D mountservice: sharing = 0 
09-28 19:12:22.406   711   715 D statusbar: TID:715 .../PhoneStatusBar.cpp:1276:	Enter addNormalNotification
09-28 19:12:22.406   711   715 I remoteviews: TID:715 .../RemoteViews.cpp:908:	RemoteViews::apply to android
09-28 19:12:22.406   711   715 I linflater: TID:715 .../LayoutInflater.cpp:361:	Resource ID 0x202001b (com.gaia:layout/notification_template_base)
09-28 19:12:22.406   711   711 D statusbar: TID:711 .../PhoneStatusBar.cpp:550:	Enter addNotification
09-28 19:12:22.406   711   711 D statusbar: TID:711 .../PhoneStatusBar.cpp:552:	Try Lock mNotificationsLock(0x40068354)
09-28 19:12:22.406   705   947 I ams     : TID:947 .../ActivityManagerService.cpp:15993:	Broadcast sticky: Intent { act=android.hardware.usb.action.USB_STATE flg=536870912 (has extras) } ordered=false, callerApp=ProcessRecord{0x56e16008 pid=705/tid=-1/ProcessName=system/uid=1000}, callerPackage=android, resolvedType=NULL, resultTo=0x0(0x0), userId=0 (from: pid=705, uid=1000)
09-28 19:12:22.406   705   947 I ams     : TID:947 .../ActivityManagerService.cpp:15920:	[AMS] CollectReceiverComponents: Set to newReceivers
09-28 19:12:22.406   705   947 I ams     : TID:947 .../ActivityManagerService.cpp:15967:	[AMS] CollectReceiverComponents finished
09-28 19:12:22.406   705   947 I ams     : TID:947 .../ActivityManagerService.cpp:16308:	Collect 1 receivers for (null) typed broadcast Intent { act=android.hardware.usb.action.USB_STATE flg=536870912 (has extras) } (time=1 ms)
09-28 19:12:22.406   705   947 I ams     : TID:947 .../ActivityManagerService.cpp:16323:	Resolve 2 registered receivers for (null) typed broadcast Intent { act=android.hardware.usb.action.USB_STATE flg=536870912 (has extras) } (time=0 ms)
09-28 19:12:22.406   705   947 I ams     : TID:947 .../BroadcastQueue.cpp:122:	Enqueue non-ordered broadcast: BroadcastRecord(0x4d343288) has 2 receivers for Intent { act=android.hardware.usb.action.USB_STATE flg=536870912 (has extras) }
09-28 19:12:22.406   705   947 I ams     : TID:947 .../BroadcastQueue.cpp:136:	Enqueue ordered broadcast: BroadcastRecord(0x4ef304a8) has 1 receivers for Intent { act=android.hardware.usb.action.USB_STATE flg=536870912 (has extras) }
