09-28 19:12:22.406   705   800 I ams     : TID:800 .../BroadcastQueue.cpp:625:	processNextBroadcast [background]from Msg: 1 broadcasts, 2 ordered broadcasts
09-28 19:12:22.406   705   800 I ams     : TID:800 .../BroadcastQueue.cpp:637:	Processing parallel broadcast [background] 1 BroadcastRecord
09-28 19:12:22.406   705   800 I ams     : TID:800 .../BroadcastQueue.cpp:585:	[AMS] Delivering to BroadcastFilter{0x4dea9a28 u0 ReceiverList{0x4ce04298 705 system/1000/u0 local:0x4ce04074}} (seq=-1): BroadcastRecord{0x4d343288 u0 android.hardware.usb.action.USB_STATE}
09-28 19:12:22.406   705   800 I ams     : TID:800 .../BroadcastQueue.cpp:475:	AMS_STATUS>> SCHEDULE_REGISTER_RECEIVER: Process system (pid:705, uid: 1000), Receiver 0x4ce04074(0x4ce04068), Non-ordered broadcast, Intent { act=android.hardware.usb.action.USB_STATE flg=536870912 (has extras) }
09-28 19:12:22.406   705   800 I activity_thread: TID:800 .../ActivityThread.cpp:3060:	scheduleRegisteredReceiver: receiver=0x4ce04074, Intent=Intent { act=android.hardware.usb.action.USB_STATE flg=536870912 (has extras) }, resultCode=-1, dataStr=NULL, ordered=false, sticky=false
09-28 19:12:22.406   705   800 I ams     : TID:800 .../BroadcastQueue.cpp:593:	performReceive of BroadcastRecord{0x4d343288 u0 android.hardware.usb.action.USB_STATE}(0 millis)
09-28 19:12:22.406   711   715 D view_stub: [setVisibility] mInflatedViewRef == 0
09-28 19:12:22.406   705   800 I ams     : TID:800 .../BroadcastQueue.cpp:585:	[AMS] Delivering to BroadcastFilter{0x4f00ca98 u0 ReceiverList{0x4f00c800 705 system/1000/u0 local:0x4f00c5dc}} (seq=-1): BroadcastRecord{0x4d343288 u0 android.hardware.usb.action.USB_STATE}
09-28 19:12:22.406   705   800 I ams     : TID:800 .../BroadcastQueue.cpp:475:	AMS_STATUS>> SCHEDULE_REGISTER_RECEIVER: Process system (pid:705, uid: 1000), Receiver 0x4f00c5dc(0x4f00c5d0), Non-ordered broadcast, Intent { act=android.hardware.usb.action.USB_STATE flg=536870912 (has extras) }
09-28 19:12:22.406   711   715 D view_stub: [setVisibility] mInflatedViewRef == 0
09-28 19:12:22.406   705   800 I activity_thread: TID:800 .../ActivityThread.cpp:3060:	scheduleRegisteredReceiver: receiver=0x4f00c5dc, Intent=Intent { act=android.hardware.usb.action.USB_STATE flg=536870912 (has extras) }, resultCode=-1, dataStr=NULL, ordered=false, sticky=false
09-28 19:12:22.406   705   800 I ams     : TID:800 .../BroadcastQueue.cpp:593:	performReceive of BroadcastRecord{0x4d343288 u0 android.hardware.usb.action.USB_STATE}(1 millis)
09-28 19:12:22.406   705   800 I ams     : TID:800 .../BroadcastQueue.cpp:759:	processNextBroadcast(background) called when not idle (state=1)
09-28 19:12:22.406   705   800 I activity_thread: TID:800 .../ActivityThread.cpp:1541:	LIFESTAT onReceive: 0x4f62fd58
09-28 19:12:22.406   705   800 I activity_thread: TID:800 .../ActivityThread.cpp:1541:	LIFESTAT onReceive: 0x4cf67c80
09-28 19:12:22.406   705   947 I ams     : TID:947 .../ActivityManagerService.cpp:15993:	Broadcast sticky: Intent { act=com.htc.intent.action.USB_CONNECT2PC flg=536870912 (has extras) } ordered=false, callerApp=ProcessRecord{0x56e16008 pid=705/tid=-1/ProcessName=system/uid=1000}, callerPackage=android, resolvedType=NULL, resultTo=0x0(0x0), userId=0 (from: pid=705, uid=1000)
09-28 19:12:22.406   705   800 I Connectivity: TID:800 .../Tethering.cpp:854:	spTethering->mRndisEnabled 0
09-28 19:12:22.406   705   947 I ams     : TID:947 .../ActivityManagerService.cpp:15920:	[AMS] CollectReceiverComponents: Set to newReceivers
09-28 19:12:22.406   705   947 I ams     : TID:947 .../ActivityManagerService.cpp:15967:	[AMS] CollectReceiverComponents finished
09-28 19:12:22.406   705   947 I ams     : TID:947 .../ActivityManagerService.cpp:16308:	Collect 1 receivers for (null) typed broadcast Intent { act=com.htc.intent.action.USB_CONNECT2PC flg=536870912 (has extras) } (time=0 ms)
09-28 19:12:22.406   705   947 I ams     : TID:947 .../ActivityManagerService.cpp:16323:	Resolve 0 registered receivers for (null) typed broadcast Intent { act=com.htc.intent.action.USB_CONNECT2PC flg=536870912 (has extras) } (time=0 ms)
09-28 19:12:22.406   705   947 I ams     : TID:947 .../BroadcastQueue.cpp:136:	Enqueue ordered broadcast: BroadcastRecord(0x4d343288) has 1 receivers for Intent { act=com.htc.intent.action.USB_CONNECT2PC flg=536870912 (has extras) }
09-28 19:12:22.406   705   800 I ams     : TID:800 .../BroadcastQueue.cpp:625:	processNextBroadcast [background]from Msg: 0 broadcasts, 3 ordered broadcasts
09-28 19:12:22.406   705   800 I ams     : TID:800 .../BroadcastQueue.cpp:759:	processNextBroadcast(background) called when not idle (state=1)
09-28 19:12:22.417   711   715 D skia    : WARNING: One-shot allocator has already allocated (alloc count = 1)
09-28 19:12:22.417   711   715 I resource: TID:715 .../Resources.cpp:472:	Drawable: android:drawable/progressbar_indeterminate_holo1, instance at: 0x4d0f3d58
09-28 19:12:22.417   711   715 D skia    : WARNING: One-shot allocator has already allocated (alloc count = 1)
09-28 19:12:22.417   711   715 I resource: TID:715 .../Resources.cpp:472:	Drawable: android:drawable/progressbar_indeterminate_holo2, instance at: 0x4cdc8508
09-28 19:12:22.417   711   715 D skia    : WARNING: One-shot allocator has already allocated (alloc count = 1)
09-28 19:12:22.417 25295 25295 D UserTrialFeedback: [startUploadService] val=, disabled=false
09-28 19:12:22.427   705  1137 I ams     : TID:1137 .../ActiveServices.cpp:895:	retrieve service:Intent { act=com.htc.intent.action.NIGHTMODE_UPLOAD cmp=com.htc.usertrialfeedback/.UTUploader }
09-28 19:12:22.427   705  1137 D ams     : TID:1137 .../RuntimeChecker.cpp:27:	Enter self
09-28 19:12:22.427   705  1137 D ams     : TID:1137 .../RuntimeChecker.cpp:27:	Leave self (takes 0 millis)
09-28 19:12:22.427   705  1137 D ams     : TID:1137 .../RuntimeChecker.cpp:85:	Enter isRuntimeAppAndRuntimeStop
09-28 19:12:22.427   705  1137 I RuntimeManagerServer: TID:1137 .../RuntimeManagerService.cpp:523:	checkRuntime param isView is false
09-28 19:12:22.427   705  1137 W RuntimeManagerServer: TID:1137 .../RuntimeManagerService.cpp:182:	callerPackageName is NULL
09-28 19:12:22.427   705  1137 I RuntimeManagerServer: TID:1137 .../RuntimeManagerService.cpp:485:	runtimeTypeList.size() is 2
09-28 19:12:22.427   705  1137 I RuntimeManagerServer: TID:1137 .../RuntimeManagerService.cpp:487:	runtimeTypeList[0] is web
09-28 19:12:22.427   705  1137 I RuntimeManagerServer: TID:1137 .../RuntimeManagerService.cpp:487:	runtimeTypeList[1] is android
09-28 19:12:22.427   705  1137 I pkg_ms  : TID:1137 .../PackageManagerService.cpp:7869:	apkPath(/system/app/UserTrialFeedback.apk)
09-28 19:12:22.427   705  1137 I pkg_ms  : TID:1137 .../PackageManagerService.cpp:7886:	file(/data/dalvik-cache/system@app@UserTrialFeedback.apk@classes.dex)
09-28 19:12:22.427   705  1137 I pkg_ms  : TID:1137 .../PackageManagerService.cpp:7889:	file->exists()
09-28 19:12:22.427   705  1137 D ams     : TID:1137 .../RuntimeChecker.cpp:85:	Leave isRuntimeAppAndRuntimeStop (takes 2 millis)
09-28 19:12:22.427   705  1137 I ams     : TID:1137 .../ActivityManagerService.cpp:6705:	data == NULL && clip == NULL
09-28 19:12:22.427   705  1137 I ams     : TID:1137 .../ActivityManagerService.cpp:1485:	getProcessRecord>> processName: com.htc.usertrialfeedback >> ApplicationInfo{ packageName= com.htc.usertrialfeedback, processName= com.htc.usertrialfeedback, className= , mIsGaiaPackage= false, mIsCosPackage= false}
09-28 19:12:22.427   705  1137 I ams     : TID:1137 .../ActivityManagerService.cpp:1411:	Putting proc to front: com.htc.usertrialfeedback
09-28 19:12:22.427   705  1137 I ams     : TID:1137 .../ActiveServices.cpp:1481:	AMS_STATUS>> SCHEDULE_CREATE_SERVICE: Process com.htc.usertrialfeedback (pid=25295) ServiceRecord{0x51848a20 shortName=com.htc.usertrialfeedback/.UTUploader} Intent { act=com.htc.intent.action.NIGHTMODE_UPLOAD cmp=com.htc.usertrialfeedback/.UTUploader }
09-28 19:12:22.427   705  1137 I ams     : TID:1137 .../ActiveServices.cpp:1567:	AMS_STATUS>> SCHEDULE_SERVICE_ARGS: Process com.htc.usertrialfeedback (pid=25295) ServiceRecord{0x51848a20 shortName=com.htc.usertrialfeedback/.UTUploader}
09-28 19:12:22.427   705   705 I ams     : TID:705 .../ActivityManagerService.cpp:16660:	Finish receiver: 0x4f2a84f0 (callingPid=0, callingUid=10217)
09-28 19:12:22.427   711   715 I resource: TID:715 .../Resources.cpp:472:	Drawable: android:drawable/progressbar_indeterminate_holo3, instance at: 0x4cbc39e8
09-28 19:12:22.437   705   705 I ams     : TID:705 .../BroadcastQueue.cpp:422:	Finish receiver: BroadcastRecord{0x4d936ce0 u0 android.intent.action.ACTION_POWER_CONNECTED}, resultCode=0, resultData=(null), resultAbort=false, explicit=true
09-28 19:12:22.437   705   705 I ams     : TID:705 .../ActivityManagerService.cpp:16687:	[AMS_STATE] Finish receiver: 0x4f2a84f0 (BroadcastRecord{0x4d936ce0 u0 android.intent.action.ACTION_POWER_CONNECTED}), resultCode=0, resultData=NULL, resultAbort=false, doNext=true
09-28 19:12:22.437   705   705 I ams     : TID:705 .../BroadcastQueue.cpp:625:	processNextBroadcast [background]: 0 broadcasts, 3 ordered broadcasts
09-28 19:12:22.437   705   705 I ams     : TID:705 .../BroadcastQueue.cpp:825:	Processing ordered broadcast: BroadcastRecord(0x4d936ce0) for Intent { act=android.intent.action.ACTION_POWER_CONNECTED flg=134217728 }, 3 ordered broadcast left
09-28 19:12:22.437   711   715 D skia    : WARNING: One-shot allocator has already allocated (alloc count = 1)
09-28 19:12:22.437   705   705 D ams     : TID:705 .../RuntimeChecker.cpp:27:	Enter self
09-28 19:12:22.437   705   705 D ams     : TID:705 .../RuntimeChecker.cpp:27:	Leave self (takes 0 millis)
09-28 19:12:22.437   705   705 D ams     : TID:705 .../RuntimeChecker.cpp:85:	Enter isRuntimeAppAndRuntimeStop
09-28 19:12:22.437   705   705 I RuntimeManagerServer: TID:705 .../RuntimeManagerService.cpp:523:	checkRuntime param isView is false
09-28 19:12:22.437   705   705 W RuntimeManagerServer: TID:705 .../RuntimeManagerService.cpp:182:	callerPackageName is NULL
09-28 19:12:22.437   705   705 I RuntimeManagerServer: TID:705 .../RuntimeManagerService.cpp:485:	runtimeTypeList.size() is 2
09-28 19:12:22.437   705   705 I RuntimeManagerServer: TID:705 .../RuntimeManagerService.cpp:487:	runtimeTypeList[0] is web
09-28 19:12:22.437   705   705 I RuntimeManagerServer: TID:705 .../RuntimeManagerService.cpp:487:	runtimeTypeList[1] is android
09-28 19:12:22.437   705   705 I pkg_ms  : TID:705 .../PackageManagerService.cpp:7869:	apkPath(/system/app/SogouIME.apk)
09-28 19:12:22.437 25295 25295 D UserTrialFeedback: [onCreate] UTUploader +++
09-28 19:12:22.437   705   705 I pkg_ms  : TID:705 .../PackageManagerService.cpp:7886:	file(/data/dalvik-cache/system@app@SogouIME.apk@classes.dex)
09-28 19:12:22.437   705   705 I pkg_ms  : TID:705 .../PackageManagerService.cpp:7889:	file->exists()
09-28 19:12:22.437   705   705 D ams     : TID:705 .../RuntimeChecker.cpp:85:	Leave isRuntimeAppAndRuntimeStop (takes 1 millis)
09-28 19:12:22.437   711   715 I resource: TID:715 .../Resources.cpp:472:	Drawable: android:drawable/progressbar_indeterminate_holo4, instance at: 0x4cb546f0
09-28 19:12:22.437 25295 25295 D UserTrialFeedback: [onCreate] version=4.1.2-eng.jason-yao.20130913.134802
09-28 19:12:22.437   711   715 D skia    : WARNING: One-shot allocator has already allocated (alloc count = 1)
09-28 19:12:22.437   705   705 I ams     : TID:705 .../ActivityManagerService.cpp:1485:	getProcessRecord>> processName: com.sohu.inputmethod.sogou >> ApplicationInfo{ packageName= com.sohu.inputmethod.sogou, processName= com.sohu.inputmethod.sogou, className= com.sohu.inputmethod.sogou.SogouAppApplication, mIsGaiaPackage= false, mIsCosPackage= false}
09-28 19:12:22.437   705   705 I ams     : TID:705 .../ActivityManagerService.cpp:1411:	Putting proc to front: com.sohu.inputmethod.sogou
09-28 19:12:22.437   711   715 I resource: TID:715 .../Resources.cpp:472:	Drawable: android:drawable/progressbar_indeterminate_holo5, instance at: 0x4cf39128
09-28 19:12:22.437   705   800 W PowerManagerService: TID:800 .../PowerManagerService.cpp:1634:	Can not get flags by lock
09-28 19:12:22.437   711   715 D skia    : WARNING: One-shot allocator has already allocated (alloc count = 1)
09-28 19:12:22.437   705   705 I ams     : TID:705 .../BroadcastQueue.cpp:259:	AMS_STATUS>> SCHEDULE_RECEIVER: Process com.sohu.inputmethod.sogou (pid=25309), BroadcastRecord{0x4d936ce0 u0 android.intent.action.ACTION_POWER_CONNECTED} (Non-ordered broadcast), Intent { act=android.intent.action.ACTION_POWER_CONNECTED flg=134217728 cmp=com.sohu.inputmethod.sogou/com.sohu.inputmethod.settings.receiver.ConnectReceiver }
09-28 19:12:22.447   711   715 I resource: TID:715 .../Resources.cpp:472:	Drawable: android:drawable/progressbar_indeterminate_holo6, instance at: 0x4cdd36d8
09-28 19:12:22.447   705   705 I ams     : TID:705 .../ActivityManagerService.cpp:16660:	Finish receiver: 0x4d174a30 (callingPid=0, callingUid=10196)
09-28 19:12:22.447   705   705 I ams     : TID:705 .../BroadcastQueue.cpp:422:	Finish receiver: BroadcastRecord{0x4d936ce0 u0 android.intent.action.ACTION_POWER_CONNECTED}, resultCode=0, resultData=(null), resultAbort=false, explicit=true
09-28 19:12:22.447   711   715 D skia    : WARNING: One-shot allocator has already allocated (alloc count = 1)
09-28 19:12:22.447   705   705 I ams     : TID:705 .../ActivityManagerService.cpp:16687:	[AMS_STATE] Finish receiver: 0x4d174a30 (BroadcastRecord{0x4d936ce0 u0 android.intent.action.ACTION_POWER_CONNECTED}), resultCode=0, resultData=NULL, resultAbort=false, doNext=true
09-28 19:12:22.447   705   705 I ams     : TID:705 .../BroadcastQueue.cpp:625:	processNextBroadcast [background]: 0 broadcasts, 3 ordered broadcasts
09-28 19:12:22.447   705   705 I ams     : TID:705 .../BroadcastQueue.cpp:825:	Processing ordered broadcast: BroadcastRecord(0x4d936ce0) for Intent { act=android.intent.action.ACTION_POWER_CONNECTED flg=134217728 }, 3 ordered broadcast left
09-28 19:12:22.447   705   705 D ams     : TID:705 .../RuntimeChecker.cpp:27:	Enter self
09-28 19:12:22.447   705   705 D ams     : TID:705 .../RuntimeChecker.cpp:27:	Leave self (takes 0 millis)
09-28 19:12:22.447   705   705 D ams     : TID:705 .../RuntimeChecker.cpp:85:	Enter isRuntimeAppAndRuntimeStop
09-28 19:12:22.447   705   705 I RuntimeManagerServer: TID:705 .../RuntimeManagerService.cpp:523:	checkRuntime param isView is false
09-28 19:12:22.447   705   705 W RuntimeManagerServer: TID:705 .../RuntimeManagerService.cpp:182:	callerPackageName is NULL
09-28 19:12:22.447   705   800 W PowerManagerService: TID:800 .../PowerManagerService.cpp:1634:	Can not get flags by lock
09-28 19:12:22.447   705   705 I RuntimeManagerServer: TID:705 .../RuntimeManagerService.cpp:485:	runtimeTypeList.size() is 2
09-28 19:12:22.447   705   705 I RuntimeManagerServer: TID:705 .../RuntimeManagerService.cpp:487:	runtimeTypeList[0] is web
09-28 19:12:22.447   705   705 I RuntimeManagerServer: TID:705 .../RuntimeManagerService.cpp:487:	runtimeTypeList[1] is android
09-28 19:12:22.447   705   705 I pkg_ms  : TID:705 .../PackageManagerService.cpp:7869:	apkPath(/system/app/CruiserPwrExpert.apk)
09-28 19:12:22.447   711   715 I resource: TID:715 .../Resources.cpp:472:	Drawable: android:drawable/progressbar_indeterminate_holo7, instance at: 0x4cbbf518
09-28 19:12:22.447   705   705 I pkg_ms  : TID:705 .../PackageManagerService.cpp:7886:	file(/data/dalvik-cache/system@app@CruiserPwrExpert.apk@classes.dex)
09-28 19:12:22.447   705   705 I pkg_ms  : TID:705 .../PackageManagerService.cpp:7889:	file->exists()
09-28 19:12:22.447   705   705 D ams     : TID:705 .../RuntimeChecker.cpp:85:	Leave isRuntimeAppAndRuntimeStop (takes 2 millis)
09-28 19:12:22.447   711   715 D skia    : WARNING: One-shot allocator has already allocated (alloc count = 1)
09-28 19:12:22.447   705   800 W PowerManagerService: TID:800 .../PowerManagerService.cpp:1634:	Can not get flags by lock
09-28 19:12:22.447   705   705 I ams     : TID:705 .../ActivityManagerService.cpp:1485:	getProcessRecord>> processName: com.htc.CruiserPwrExpert >> ApplicationInfo{ packageName= com.htc.CruiserPwrExpert, processName= com.htc.CruiserPwrExpert, className= , mIsGaiaPackage= false, mIsCosPackage= false}
09-28 19:12:22.447   705   705 I ams     : TID:705 .../ActivityManagerService.cpp:1411:	Putting proc to front: com.htc.CruiserPwrExpert
09-28 19:12:22.447   711   715 I resource: TID:715 .../Resources.cpp:472:	Drawable: android:drawable/progressbar_indeterminate_holo8, instance at: 0x4cdc2580
09-28 19:12:22.447   705   705 I ams     : TID:705 .../BroadcastQueue.cpp:259:	AMS_STATUS>> SCHEDULE_RECEIVER: Process com.htc.CruiserPwrExpert (pid=24431), BroadcastRecord{0x4d936ce0 u0 android.intent.action.ACTION_POWER_CONNECTED} (Non-ordered broadcast), Intent { act=android.intent.action.ACTION_POWER_CONNECTED flg=134217728 cmp=com.htc.CruiserPwrExpert/.CruiserPwrExpertReceiver }
09-28 19:12:22.457 24431 24431 V PES:Receiver: [onReceive] action=android.intent.action.ACTION_POWER_CONNECTED
09-28 19:12:22.457   711   715 I remoteviews: TID:715 .../RemoteViews.cpp:937:	RemoteViews::apply: inflate done
09-28 19:12:22.457   711   715 I remoteviews: TID:715 .../RemoteViews.cpp:955:	RemoteViews::apply: getPackageInfo start
09-28 19:12:22.457   705   705 I ams     : TID:705 .../ActivityManagerService.cpp:16660:	Finish receiver: 0x4d43f598 (callingPid=0, callingUid=10059)
09-28 19:12:22.457   705   705 I ams     : TID:705 .../BroadcastQueue.cpp:422:	Finish receiver: BroadcastRecord{0x4d936ce0 u0 android.intent.action.ACTION_POWER_CONNECTED}, resultCode=0, resultData=(null), resultAbort=false, explicit=true
09-28 19:12:22.457   711   715 I remoteviews: TID:715 .../RemoteViews.cpp:957:	RemoteViews::apply: getPackageInfo done
09-28 19:12:22.457   711   715 I remoteviews: TID:715 .../RemoteViews.cpp:959:	RemoteViews::apply:: belongs to an android package, do createProxy start
09-28 19:12:22.457   705   705 I ams     : TID:705 .../ActivityManagerService.cpp:16687:	[AMS_STATE] Finish receiver: 0x4d43f598 (BroadcastRecord{0x4d936ce0 u0 android.intent.action.ACTION_POWER_CONNECTED}), resultCode=0, resultData=NULL, resultAbort=false, doNext=true
09-28 19:12:22.457   705   705 I ams     : TID:705 .../BroadcastQueue.cpp:625:	processNextBroadcast [background]: 0 broadcasts, 3 ordered broadcasts
09-28 19:12:22.457   705   705 I ams     : TID:705 .../BroadcastQueue.cpp:825:	Processing ordered broadcast: BroadcastRecord(0x4d936ce0) for Intent { act=android.intent.action.ACTION_POWER_CONNECTED flg=134217728 }, 3 ordered broadcast left
09-28 19:12:22.457   705   705 D ams     : TID:705 .../RuntimeChecker.cpp:27:	Enter self
09-28 19:12:22.457   705   705 D ams     : TID:705 .../RuntimeChecker.cpp:27:	Leave self (takes 0 millis)
09-28 19:12:22.457   705   705 D ams     : TID:705 .../RuntimeChecker.cpp:85:	Enter isRuntimeAppAndRuntimeStop
09-28 19:12:22.457   711   715 I remoteviews: TID:715 .../RemoteViews.cpp:961:	RemoteViews::apply:: belongs to an android package, do createProxy end
09-28 19:12:22.457   711   715 I remoteviews: TID:715 .../RemoteViews.cpp:1031:	RemoteViews::performApply mActions size: 3
09-28 19:12:22.457   705   705 D ams     : TID:705 .../RuntimeChecker.cpp:85:	Leave isRuntimeAppAndRuntimeStop (takes 0 millis)
09-28 19:12:22.457   705   705 I ams     : TID:705 .../ActivityManagerService.cpp:1411:	Putting proc to front: CosSettingPower:remote
09-28 19:12:22.457   711   715 I resource: TID:715 .../Resources.cpp:472:	Drawable: com.gaia:drawable/stat_sys_data_usb, instance at: 0x4cd78eb8
09-28 19:12:22.457   705   705 I ams     : TID:705 .../BroadcastQueue.cpp:259:	AMS_STATUS>> SCHEDULE_RECEIVER: Process CosSettingPower:remote (pid=24753), BroadcastRecord{0x4d936ce0 u0 android.intent.action.ACTION_POWER_CONNECTED} (Non-ordered broadcast), Intent { act=android.intent.action.ACTION_POWER_CONNECTED flg=134217728 cmp=CosSettingPower/.SmartSyncDataLinkTurnOffReceiver }
09-28 19:12:22.457 25295 25295 V UserTrialFeedback: [getNightModeTime] SMARTSYNC_SLEEPMODE_START_TIME: 0
09-28 19:12:22.457   711   715 I statusbar: TID:715 .../PhoneStatusBar.cpp:1298:	Entry PhoneStatusBar::addNormalNotification, notification is from cos.
09-28 19:12:22.457   711   715 I statusbar: 
09-28 19:12:22.457 25295 25295 V UserTrialFeedback: [getNightModeTime] SMARTSYNC_SLEEPMODE_END_TIME: 7
09-28 19:12:22.457   711   715 D statusbar: TID:715 .../PhoneStatusBar.cpp:1276:	Leave addNormalNotification (takes 58 millis)
09-28 19:12:22.457   711   715 D statusbar: TID:715 .../PhoneStatusBar.cpp:1310:	Enter addBigNotification
09-28 19:12:22.457   711   715 I statusbar: TID:715 .../PhoneStatusBar.cpp:1318:	notification pkg = android, its bigContentView is NULL
09-28 19:12:22.457   711   715 D statusbar: TID:715 .../PhoneStatusBar.cpp:1310:	Leave addBigNotification (takes 0 millis)
09-28 19:12:22.457   711   715 I statusbar: TID:715 .../PhoneStatusBar.cpp:1263:	call phonestatusbarui to addnotification, package name is android
09-28 19:12:22.457   711   715 W statusbar: TID:715 .../PhoneStatusBarUI.cpp:91:	statusBarNotification->tag is NULL! Use tempTag to instead
09-28 19:12:22.457 24753 25178 I activity_thread: TID:25178 .../ActivityThread.cpp:2662:	scheduleReceiver: Intent=Intent { act=android.intent.action.ACTION_POWER_CONNECTED flg=134217728 cmp=CosSettingPower/.SmartSyncDataLinkTurnOffReceiver }, resultCode=0, data=NULL, sync=false
09-28 19:12:22.457   711   715 W NotificationDataProxy: TID:715 .../NotificationDataProxy.cpp:143:	mNotification->vibrate is NULL
09-28 19:12:22.457   711   715 W NotificationDataProxy: TID:715 .../NotificationDataProxy.cpp:163:	the remoteViews (bigContentView) is NULL
09-28 19:12:22.457   711   715 W NotificationDataProxy: TID:715 .../NotificationDataProxy.cpp:173:	the remoteViews (bigContentView) is NULL
09-28 19:12:22.457   711   715 I NotificationDataProxy: TID:715 .../NotificationDataProxy.cpp:191:	mIconLevel = 0, mNumber = 0, mPriority = -2
09-28 19:12:22.457   711   715 I statusbar: TID:715 .../PhoneStatusBarUIProxy.cpp:122:	getApiVersion is 11, using normal so
09-28 19:12:22.457   711   715 I NotificationData: TID:715 ...sdk_release/sdk11.1/wrapper/service/NotificationData.cpp:129:	mIconLevel = 0, mNumber = 0, mPriority = -2
09-28 19:12:22.457   711   715 I dashboard: TID:715 .../home/u18000/.hudson/jobs/Notification_1.1_COS_1.0/workspace/src/DashBoard.cpp:69:	DashBoard::addNotification
09-28 19:12:22.457   711   715 I dashboard: TID:715 .../home/u18000/.hudson/jobs/Notification_1.1_COS_1.0/workspace/src/DashBoard.cpp:72:	add Notificaiton mpImpl != NULL
09-28 19:12:22.457 24753 25177 I activity_thread: TID:25177 .../ActivityThread.cpp:3922:	HANDLE RECEIVER :0 / 0x400155cc
09-28 19:12:22.457   711   715 I dashboard: TID:715 .../home/u18000/.hudson/jobs/Notification_1.1_COS_1.0/workspace/src/notification/DashBoardNotificationModel.cpp:160:	DashBoardREG DashBoardNotificationModel:: addNotification mFlags=2
09-28 19:12:22.457   711   715 I dashboard: TID:715 .../home/u18000/.hudson/jobs/Notification_1.1_COS_1.0/workspace/src/notification/DashBoardNotificationModel.cpp:162:	DashBoardREG DashBoardNotificationModel:: addNotification mId=17040444, pkg=android, tag=tempTag
09-28 19:12:22.457   711   715 I dashboard: TID:715 .../home/u18000/.hudson/jobs/Notification_1.1_COS_1.0/workspace/src/notification/DashBoardNotificationModel.cpp:170:	DashBoardREG DashBoardNotificationModel:: addNotification iNotificationsCount=0
09-28 19:12:22.457   711   715 I dashboard: TID:715 .../home/u18000/.hudson/jobs/Notification_1.1_COS_1.0/workspace/src/notification/DashBoardNotificationController.cpp:77:	createOneRow contentDemand=0x4cd28930, packageName=android
09-28 19:12:22.457 24753 25177 I activity_thread: TID:25177 .../ActivityThread.cpp:5309:	handleReceiver: component: SmartSyncDataLinkTurnOffReceiver
09-28 19:12:22.457   711   715 I dashboard: TID:715 .../home/u18000/.hudson/jobs/Notification_1.1_COS_1.0/workspace/src/notification/DashBoardNotificationController.cpp:78:	createOneRow flags=0x2
09-28 19:12:22.457 25295 25295 D UserTrialFeedback: [onCreate] UTUploader ---
09-28 19:12:22.457   711   715 I dashboard: TID:715 .../home/u18000/.hudson/jobs/Notification_1.1_COS_1.0/workspace/src/notification/DashBoardNotificationController.cpp:81:	mNotificationToViewData[*notification] == NULL
09-28 19:12:22.457 24753 25177 W ComponentLoader: TID:25177 ...sdk_release/sdk11.1/wrapper/core/ComponentLoader.cpp:174:	Skip increasing refcount due to memory detection
09-28 19:12:22.457 24753 25177 W ComponentLoader: TID:25177 ...sdk_release/sdk11.1/wrapper/core/ComponentLoader.cpp:174:	Skip increasing refcount due to memory detection
09-28 19:12:22.457 24753 25177 I activity_thread: TID:25177 .../ActivityThread.cpp:5471:	[LIFESTAT] onReceive: 0x5326e5c0
09-28 19:12:22.457 24753 25177 D SmartSyncDataLinkTurnOffReceiver: TID:25177 .../SmartSyncDataLinkTurnOffReceiver.cpp:114:	Enter onReceive
09-28 19:12:22.457   711   715 I resource: TID:715 .../Resources.cpp:472:	Drawable: com.gaia:drawable/common_list_div_dark, instance at: 0x4cdba628
09-28 19:12:22.457 24753 25177 D SmartSyncUtils: TID:25177 .../SmartSyncUtils.cpp:59:	Enter isNightModeDisable
09-28 19:12:22.457 24753 25177 D SmartSyncUtils: TID:25177 .../SmartSyncUtils.cpp:59:	Leave isNightModeDisable
09-28 19:12:22.457 24753 25177 I SmartSyncDataLinkTurnOffReceiver: TID:25177 .../home/u18000/.hudson/jobs/CosSettingPower_1.1_COS_1.0/workspace/src/smartsync/SmartSyncDataLinkTurnOffReceiver.cpp:120:	onReceive:action=android.intent.action.ACTION_POWER_CONNECTED
09-28 19:12:22.457 25295 25295 D UserTrialFeedback: [onStartCommand] UTUploader +++
09-28 19:12:22.457   711   715 I notifi  : TID:715 .../home/u18000/.hudson/jobs/Notification_1.1_COS_1.0/workspace/src/notification/DashBoardNotificationView.cpp:54:	getAddIndex pkg=android, flags=0x2
09-28 19:12:22.457 24753 25177 I SmartSyncDataLinkTurnOffReceiver: TID:25177 .../home/u18000/.hudson/jobs/CosSettingPower_1.1_COS_1.0/workspace/src/smartsync/SmartSyncDataLinkTurnOffReceiver.cpp:125:	onReceive:creat new wake lock
09-28 19:12:22.467   711   715 E Context : TID:715 ...sdk_release/sdk11.1/wrapper/core/Context.cpp:351:	[Context] error: getResources will be removed, please use getResourcesN!
09-28 19:12:22.467   711   715 I resource: TID:715 .../Resources.cpp:472:	Drawable: com.gaia:drawable/stat_sys_data_usb, instance at: 0x4ce63c08
09-28 19:12:22.467   711   715 I drawer_proxy: TID:715 .../DrawerProxy.cpp:157:	drawable(0x4ce63c08) className:gaia::BitmapDrawable, new Proxy(0x4cda5ed8)
09-28 19:12:22.467   711   715 I dashboard: TID:715 .../home/u18000/.hudson/jobs/Notification_1.1_COS_1.0/workspace/src/shortCut/DeleteAll/DeleteAllImageButtonView.cpp:58:	DashBoardREG setIcon::getNotificationsCount=0
09-28 19:12:22.467   711   715 D statusbar: TID:715 .../PhoneStatusBar.cpp:1233:	Leave do_addNotification (takes 63 millis)
09-28 19:12:22.467   711   715 D statusbar: TID:715 .../PhoneStatusBar.cpp:328:	Enter ~NotificationQueueEntry
09-28 19:12:22.467   711   715 D statusbar: TID:715 .../PhoneStatusBar.cpp:328:	Leave ~NotificationQueueEntry (takes 0 millis)
09-28 19:12:22.467   711   711 D statusbar: TID:711 .../PhoneStatusBar.cpp:324:	Enter NotificationQueueEntry
09-28 19:12:22.467   711   711 D statusbar: TID:711 .../PhoneStatusBar.cpp:324:	Leave NotificationQueueEntry (takes 0 millis)
09-28 19:12:22.467   711   711 I statusbar: TID:711 .../PhoneStatusBar.cpp:559:	send message add Notification, package name is android
09-28 19:12:22.467   711   711 D statusbar: TID:711 .../PhoneStatusBar.cpp:550:	Leave addNotification (takes 63 millis)
09-28 19:12:22.467 25295 25295 V UserTrialFeedback: [checkAutoUpload] /data/data/com.htc.usertrialfeedback/files/.autoupload
09-28 19:12:22.467 24753 25177 D SmartSyncDataLinkTurnOffReceiver: TID:25177 .../home/u18000/.hudson/jobs/CosSettingPower_1.1_COS_1.0/workspace/src/smartsync/SmartSyncDataLinkTurnOffReceiver.cpp:341:	ACTION_POWER_CONNECTED
09-28 19:12:22.467 24753 25177 I SharedPreferencesImpl: TID:25177 .../SharedPreferencesImpl.cpp:1236:	writeMapXml() :	Start writing SharedPreferences to xml file path: /data/data/CosSettingPower/shared_prefs/CosSettingPower.xml
09-28 19:12:22.467 24753 25177 I SharedPreferencesImpl: TID:25177 .../SharedPreferencesImpl.cpp:1316:	writeMapXml() :	Finish writing SharedPreferences to xml file path: /data/data/CosSettingPower/shared_prefs/CosSettingPower.xml
09-28 19:12:22.467 25295 25295 V UserTrialFeedback: [NightModeUpload] Night mode duration: 2013-09-29 00:00:00.474 ~ 2013-09-29 07:00:00.474
09-28 19:12:22.467   711   715 W WidgetControllerProxy: TID:715 .../WidgetControllerProxy.cpp:811:	parent is NULL
09-28 19:12:22.467   711   715 W widget_controller_stub: TID:715 ...sdk_release/sdk11.1/wrapper/core/WidgetControllerStub.cpp:66:	controller returned by invalidateChildInParent is NULL
09-28 19:12:22.467 25295 25295 D UserTrialFeedback: [NightModeUpload] Stop, bRetryFullRunning= false bRetryFeedbackRunning= false bFeedbackTask= false
09-28 19:12:22.467   705   824 I ams     : TID:824 .../ActivityManagerService.cpp:15993:	Broadcast: Intent { act=/data/data/CosSettingPower/shared_prefs/CosSettingPower.xml (has extras) } ordered=false, callerApp=ProcessRecord{0x4e355090 pid=24753/tid=25177/ProcessName=CosSettingPower:remote/uid=1000}, callerPackage=CosSettingPower, resolvedType=NULL, resultTo=0x0(0x0), userId=0 (from: pid=24753, uid=1000)
09-28 19:12:22.467 25295 25665 D UserTrialFeedback: [run] ExecuteNetLogProcess thread started
09-28 19:12:22.467   705   824 I ams     : TID:824 .../ActivityManagerService.cpp:15920:	[AMS] CollectReceiverComponents: Set to newReceivers
09-28 19:12:22.467   705   824 I ams     : TID:824 .../ActivityManagerService.cpp:15967:	[AMS] CollectReceiverComponents finished
09-28 19:12:22.467   705   824 I ams     : TID:824 .../ActivityManagerService.cpp:16308:	Collect 0 receivers for (null) typed broadcast Intent { act=/data/data/CosSettingPower/shared_prefs/CosSettingPower.xml (has extras) } (time=0 ms)
09-28 19:12:22.467   705   824 I ams     : TID:824 .../ActivityManagerService.cpp:16323:	Resolve 2 registered receivers for (null) typed broadcast Intent { act=/data/data/CosSettingPower/shared_prefs/CosSettingPower.xml (has extras) } (time=0 ms)
09-28 19:12:22.467   705   824 I ams     : TID:824 .../BroadcastQueue.cpp:122:	Enqueue non-ordered broadcast: BroadcastRecord(0x4db959a8) has 2 receivers for Intent { act=/data/data/CosSettingPower/shared_prefs/CosSettingPower.xml (has extras) }
09-28 19:12:22.467   705  1175 I ams     : TID:1175 .../ServiceRecord.cpp:327:	CancelNotification: Not cancelNotification!
09-28 19:12:22.467   705  1175 I ams     : TID:1175 .../ActiveServices.cpp:1748:	AMS_STATUS>> SCHEDULE_STOP_SERVICE: Process com.htc.usertrialfeedback (pid=25295) ServiceRecord{0x51848a20 shortName=com.htc.usertrialfeedback/.UTUploader}
09-28 19:12:22.467 24753 25177 D SmartSyncDataLinkTurnOffReceiver: TID:25177 .../SmartSyncDataLinkTurnOffReceiver.cpp:114:	Leave onReceive
09-28 19:12:22.467 24753 25177 I BroadcastReceiver: TID:25177 .../BroadcastReceiver.cpp:382:	Finishing broadcast to component 0x4d14deac
09-28 19:12:22.467   705  1175 I ams     : TID:1175 .../ActivityManagerService.cpp:16660:	Finish receiver: 0x4da92960 (callingPid=0, callingUid=1000)
09-28 19:12:22.467   705  1175 I ams     : TID:1175 .../BroadcastQueue.cpp:422:	Finish receiver: BroadcastRecord{0x4d936ce0 u0 android.intent.action.ACTION_POWER_CONNECTED}, resultCode=0, resultData=(null), resultAbort=false, explicit=true
09-28 19:12:22.467   705   800 I ams     : TID:800 .../BroadcastQueue.cpp:625:	processNextBroadcast [background]from Msg: 1 broadcasts, 3 ordered broadcasts
09-28 19:12:22.467   705   800 I ams     : TID:800 .../BroadcastQueue.cpp:637:	Processing parallel broadcast [background] 1 BroadcastRecord
09-28 19:12:22.467   705  1175 I ams     : TID:1175 .../ActivityManagerService.cpp:16687:	[AMS_STATE] Finish receiver: 0x4da92960 (BroadcastRecord{0x4d936ce0 u0 android.intent.action.ACTION_POWER_CONNECTED}), resultCode=0, resultData=NULL, resultAbort=false, doNext=true
09-28 19:12:22.477   705   800 I ams     : TID:800 .../BroadcastQueue.cpp:585:	[AMS] Delivering to BroadcastFilter{0x4ec43bf0 u0 ReceiverList{0x4ddca5e8 24753 CosSettingPower:remote/1000/u0 remote:0x4e199e48}} (seq=-1): BroadcastRecord{0x4db959a8 u0 /data/data/CosSettingPower/shared_prefs/CosSettingPower.xml}
09-28 19:12:22.477   705   800 I ams     : TID:800 .../BroadcastQueue.cpp:475:	AMS_STATUS>> SCHEDULE_REGISTER_RECEIVER: Process CosSettingPower:remote (pid:24753, uid: 1000), Receiver 0x4e199e48(0x4de7dc38), Non-ordered broadcast, Intent { act=/data/data/CosSettingPower/shared_prefs/CosSettingPower.xml (has extras) }
09-28 19:12:22.477   705   800 I ams     : TID:800 .../BroadcastQueue.cpp:593:	performReceive of BroadcastRecord{0x4db959a8 u0 /data/data/CosSettingPower/shared_prefs/CosSettingPower.xml}(0 millis)
09-28 19:12:22.477 24753 24753 I activity_thread: TID:24753 .../ActivityThread.cpp:3060:	scheduleRegisteredReceiver: receiver=0x40015e74, Intent=Intent { act=/data/data/CosSettingPower/shared_prefs/CosSettingPower.xml (has extras) }, resultCode=-1, dataStr=NULL, ordered=false, sticky=false
09-28 19:12:22.477 24753 25177 I activity_thread: TID:25177 .../ActivityThread.cpp:1541:	LIFESTAT onReceive: 0x40015d18
09-28 19:12:22.477   711   715 W WidgetControllerProxy: TID:715 .../WidgetControllerProxy.cpp:811:	parent is NULL
09-28 19:12:22.477   711   715 W widget_controller_stub: TID:715 ...sdk_release/sdk11.1/wrapper/core/WidgetControllerStub.cpp:66:	controller returned by invalidateChildInParent is NULL
09-28 19:12:22.477   711   715 W WidgetControllerProxy: TID:715 .../WidgetControllerProxy.cpp:811:	parent is NULL
09-28 19:12:22.477   711   715 W widget_controller_stub: TID:715 ...sdk_release/sdk11.1/wrapper/core/WidgetControllerStub.cpp:66:	controller returned by invalidateChildInParent is NULL
09-28 19:12:22.477   711   715 W WidgetControllerProxy: TID:715 .../WidgetControllerProxy.cpp:811:	parent is NULL
09-28 19:12:22.477   711   715 W widget_controller_stub: TID:715 ...sdk_release/sdk11.1/wrapper/core/WidgetControllerStub.cpp:66:	controller returned by invalidateChildInParent is NULL
09-28 19:12:22.477   705   800 I ams     : TID:800 .../BroadcastQueue.cpp:585:	[AMS] Delivering to BroadcastFilter{0x4d35fc68 u0 ReceiverList{0x4d35eae8 25180 CosSettingPower/1000/u0 remote:0x4d34e9c0}} (seq=-1): BroadcastRecord{0x4db959a8 u0 /data/data/CosSettingPower/shared_prefs/CosSettingPower.xml}
09-28 19:12:22.477   711   715 W WidgetControllerProxy: TID:715 .../WidgetControllerProxy.cpp:811:	parent is NULL
09-28 19:12:22.477   711   715 W widget_controller_stub: TID:715 ...sdk_release/sdk11.1/wrapper/core/WidgetControllerStub.cpp:66:	controller returned by invalidateChildInParent is NULL
09-28 19:12:22.477   705   800 I ams     : TID:800 .../BroadcastQueue.cpp:475:	AMS_STATUS>> SCHEDULE_REGISTER_RECEIVER: Process CosSettingPower (pid:25180, uid: 1000), Receiver 0x4d34e9c0(0x4cebd310), Non-ordered broadcast, Intent { act=/data/data/CosSettingPower/shared_prefs/CosSettingPower.xml (has extras) }
09-28 19:12:22.477   711   715 W WidgetControllerProxy: TID:715 .../WidgetControllerProxy.cpp:811:	parent is NULL
09-28 19:12:22.477   711   715 W widget_controller_stub: TID:715 ...sdk_release/sdk11.1/wrapper/core/WidgetControllerStub.cpp:66:	controller returned by invalidateChildInParent is NULL
09-28 19:12:22.477   705   800 I ams     : TID:800 .../BroadcastQueue.cpp:593:	performReceive of BroadcastRecord{0x4db959a8 u0 /data/data/CosSettingPower/shared_prefs/CosSettingPower.xml}(0 millis)
09-28 19:12:22.477 25180 25256 I activity_thread: TID:25256 .../ActivityThread.cpp:3060:	scheduleRegisteredReceiver: receiver=0x420dddf4, Intent=Intent { act=/data/data/CosSettingPower/shared_prefs/CosSettingPower.xml (has extras) }, resultCode=-1, dataStr=NULL, ordered=false, sticky=false
09-28 19:12:22.477 25180 25255 I activity_thread: TID:25255 .../ActivityThread.cpp:1541:	LIFESTAT onReceive: 0x420ddbd0
09-28 19:12:22.477   705   800 I ams     : TID:800 .../BroadcastQueue.cpp:825:	Processing ordered broadcast: BroadcastRecord(0x4d936ce0) for Intent { act=android.intent.action.ACTION_POWER_CONNECTED flg=134217728 }, 3 ordered broadcast left
09-28 19:12:22.477   705   800 D ams     : TID:800 .../RuntimeChecker.cpp:27:	Enter self
09-28 19:12:22.477   705   800 D ams     : TID:800 .../RuntimeChecker.cpp:27:	Leave self (takes 0 millis)
09-28 19:12:22.477   705   800 D ams     : TID:800 .../RuntimeChecker.cpp:85:	Enter isRuntimeAppAndRuntimeStop
09-28 19:12:22.477   705   800 D ams     : TID:800 .../RuntimeChecker.cpp:85:	Leave isRuntimeAppAndRuntimeStop (takes 1 millis)
09-28 19:12:22.477   711   715 I viewroot: TID:715 .../ViewRoot.cpp:3131:	Disable SmartMode Log (calling scrollToRectOrFocus)
09-28 19:12:22.477   705   800 I ams     : TID:800 .../ActivityManagerService.cpp:1485:	getProcessRecord>> processName: CosHTCSync >> ApplicationInfo{ packageName= CosHTCSync, processName= CosHTCSync, className= , mIsGaiaPackage= true, mIsCosPackage= true}
09-28 19:12:22.477   705   800 I ams     : TID:800 .../ActivityManagerService.cpp:1411:	Putting proc to front: CosHTCSync
09-28 19:12:22.477 25295 25295 D UserTrialFeedback: [onStartCommand] UTUploader ---
09-28 19:12:22.477 25295 25295 D UserTrialFeedback: [onDestroy] UTUploader +++
09-28 19:12:22.477   705   800 I ams     : TID:800 .../BroadcastQueue.cpp:259:	AMS_STATUS>> SCHEDULE_RECEIVER: Process CosHTCSync (pid=25258), BroadcastRecord{0x4d936ce0 u0 android.intent.action.ACTION_POWER_CONNECTED} (Non-ordered broadcast), Intent { act=android.intent.action.ACTION_POWER_CONNECTED flg=134217728 cmp=CosHTCSync/.CDMountReceiver }
09-28 19:12:22.477   705  1175 I ams     : TID:1175 .../BroadcastQueue.cpp:625:	processNextBroadcast [background]: 0 broadcasts, 3 ordered broadcasts
09-28 19:12:22.477   705  1175 I ams     : TID:1175 .../BroadcastQueue.cpp:759:	processNextBroadcast(background) called when not idle (state=1)
09-28 19:12:22.477 25180 25666 I SharedPreferencesImpl: TID:25666 .../SharedPreferencesImpl.cpp:1323:	tinyXmlRead() :	Start reading SharedPreferences xml file from path: /data/data/CosSettingPower/shared_prefs/CosSettingPower.xml
09-28 19:12:22.477 25258 25258 I activity_thread: TID:25258 .../ActivityThread.cpp:2662:	scheduleReceiver: Intent=Intent { act=android.intent.action.ACTION_POWER_CONNECTED flg=134217728 cmp=CosHTCSync/.CDMountReceiver }, resultCode=0, data=NULL, sync=false
09-28 19:12:22.487 25258 25325 I activity_thread: TID:25325 .../ActivityThread.cpp:3922:	HANDLE RECEIVER :0 / 0x5326e5ec
09-28 19:12:22.487 25258 25325 I activity_thread: TID:25325 .../ActivityThread.cpp:5309:	handleReceiver: component: CDMountReceiver
09-28 19:12:22.487 25258 25325 W ComponentLoader: TID:25325 ...sdk_release/sdk11.1/wrapper/core/ComponentLoader.cpp:174:	Skip increasing refcount due to memory detection
09-28 19:12:22.487 25258 25325 W ComponentLoader: TID:25325 ...sdk_release/sdk11.1/wrapper/core/ComponentLoader.cpp:174:	Skip increasing refcount due to memory detection
09-28 19:12:22.487 25258 25325 I activity_thread: TID:25325 .../ActivityThread.cpp:5471:	[LIFESTAT] onReceive: 0x40019730
09-28 19:12:22.487 25258 25325 I CDMountReceiver: TID:25325 ...D:/Builds/Nero/HO_SYNC_HTC_COS-mb_sync/Sources/BuildScript/../CosHTCSync/src/CDMountReceiver.cpp:158:	received action: android.intent.action.ACTION_POWER_CONNECTED
09-28 19:12:22.487 25258 25325 I CDMountReceiver: TID:25325 ...D:/Builds/Nero/HO_SYNC_HTC_COS-mb_sync/Sources/BuildScript/../CosHTCSync/src/CDMountReceiver.cpp:96:	USB connected to PC
09-28 19:12:22.487   705   765 I ams     : TID:765 .../ActivityManagerService.cpp:15993:	Broadcast: Intent { act=/data/data/CosHTCSync/shared_prefs/cd_private.xml (has extras) } ordered=false, callerApp=ProcessRecord{0x4cfe4c60 pid=25258/tid=25325/ProcessName=CosHTCSync/userId=0/appId=10055}, callerPackage=CosHTCSync, resolvedType=NULL, resultTo=0x0(0x0), userId=0 (from: pid=25258, uid=10055)
09-28 19:12:22.487   705   765 I ams     : TID:765 .../ActivityManagerService.cpp:15920:	[AMS] CollectReceiverComponents: Set to newReceivers
09-28 19:12:22.487   705   765 I ams     : TID:765 .../ActivityManagerService.cpp:15967:	[AMS] CollectReceiverComponents finished
09-28 19:12:22.487 25295 25295 D UserTrialFeedback: [stopWorker] +++
09-28 19:12:22.487   705   765 I ams     : TID:765 .../ActivityManagerService.cpp:16308:	Collect 0 receivers for (null) typed broadcast Intent { act=/data/data/CosHTCSync/shared_prefs/cd_private.xml (has extras) } (time=0 ms)
09-28 19:12:22.487   705   765 I ams     : TID:765 .../ActivityManagerService.cpp:16323:	Resolve 1 registered receivers for (null) typed broadcast Intent { act=/data/data/CosHTCSync/shared_prefs/cd_private.xml (has extras) } (time=0 ms)
09-28 19:12:22.487   705   765 I ams     : TID:765 .../BroadcastQueue.cpp:122:	Enqueue non-ordered broadcast: BroadcastRecord(0x4d70a618) has 1 receivers for Intent { act=/data/data/CosHTCSync/shared_prefs/cd_private.xml (has extras) }
09-28 19:12:22.487   705   800 I ams     : TID:800 .../BroadcastQueue.cpp:625:	processNextBroadcast [background]from Msg: 1 broadcasts, 3 ordered broadcasts
09-28 19:12:22.487   705   800 I ams     : TID:800 .../BroadcastQueue.cpp:637:	Processing parallel broadcast [background] 1 BroadcastRecord
09-28 19:12:22.487 25295 25295 D UserTrialFeedback: [stopWorker] ---
09-28 19:12:22.487 25295 25295 D UserTrialFeedback: [onDestroy] isNetLogEnabled = 0
09-28 19:12:22.487   705   800 I ams     : TID:800 .../BroadcastQueue.cpp:585:	[AMS] Delivering to BroadcastFilter{0x4cfdb588 u0 ReceiverList{0x4ff2fde0 25258 CosHTCSync/10055/u0 remote:0x62a2ec80}} (seq=-1): BroadcastRecord{0x4d70a618 u0 /data/data/CosHTCSync/shared_prefs/cd_private.xml}
09-28 19:12:22.487   705   800 I ams     : TID:800 .../BroadcastQueue.cpp:475:	AMS_STATUS>> SCHEDULE_REGISTER_RECEIVER: Process CosHTCSync (pid:25258, uid: 10055), Receiver 0x62a2ec80(0x4d2dbd18), Non-ordered broadcast, Intent { act=/data/data/CosHTCSync/shared_prefs/cd_private.xml (has extras) }
09-28 19:12:22.487   705   800 I ams     : TID:800 .../BroadcastQueue.cpp:593:	performReceive of BroadcastRecord{0x4d70a618 u0 /data/data/CosHTCSync/shared_prefs/cd_private.xml}(0 millis)
09-28 19:12:22.487 25295 25295 D UserTrialFeedback: [onDestroy] UTUploader ---
09-28 19:12:22.487   705   800 I ams     : TID:800 .../BroadcastQueue.cpp:759:	processNextBroadcast(background) called when not idle (state=1)
09-28 19:12:22.487   711   715 I statusbar: TID:715 .../SystemUIControl.cpp:263:	STATUSBAR_ADDNOTIFICATION
09-28 19:12:22.487   711   715 D statusbar: TID:715 .../PhoneStatusBar.cpp:1233:	Enter do_addNotification
09-28 19:12:22.487   711   715 D statusbar: TID:715 .../PhoneStatusBar.cpp:1241:	Try Lock mNotificationsLock(0x40068354)
09-28 19:12:22.487   711   715 I statusbar: TID:715 .../PhoneStatusBar.cpp:1249:	after mutex get addnotification data, notification package name is android
09-28 19:12:22.487 25258 25326 I activity_thread: TID:25326 .../ActivityThread.cpp:3060:	scheduleRegisteredReceiver: receiver=0x4001778c, Intent=Intent { act=/data/data/CosHTCSync/shared_prefs/cd_private.xml (has extras) }, resultCode=-1, dataStr=NULL, ordered=false, sticky=false
09-28 19:12:22.487   711   715 D statusbar: TID:715 .../PhoneStatusBar.cpp:1276:	Enter addNormalNotification
09-28 19:12:22.487   711   715 I remoteviews: TID:715 .../RemoteViews.cpp:908:	RemoteViews::apply to android
09-28 19:12:22.487   711   715 I linflater: TID:715 .../LayoutInflater.cpp:361:	Resource ID 0x202001b (com.gaia:layout/notification_template_base)
09-28 19:12:22.487   705   764 I ams     : TID:764 .../PendingIntentRecord.cpp:185:	PendingIntentRecord instance 0x4db95ad0
09-28 19:12:22.487 25258 25325 I PendingDemand: TID:25325 ...sdk_release/sdk11.1/wrapper/core/PendingDemand.cpp:110:	getBroadcastN: demand=Intent { act=com.nero.htc.cd_mount.time_expired }, flags=1342177280, code=0, ret=0x40019f28
09-28 19:12:22.487 25180 25666 I SharedPreferencesImpl: TID:25666 .../SharedPreferencesImpl.cpp:1445:	tinyXmlRead() :	Finish reading SharedPreferences xml file from path: /data/data/CosSettingPower/shared_prefs/CosSettingPower.xml
09-28 19:12:22.487   705  1137 I AlarmManager: TID:1137 .../AlarmManagerService.cpp:326:	This is CosHTCSync set Alarm
09-28 19:12:22.487   705  1137 I AlarmManager: TID:1137 .../AlarmManagerService.cpp:295:	This is CosHTCSync set Alarm
09-28 19:12:22.487 25258 25325 I BroadcastReceiver: TID:25325 .../BroadcastReceiver.cpp:382:	Finishing broadcast to component 0x4d14de64
09-28 19:12:22.487   705  1186 I ams     : TID:1186 .../ActivityManagerService.cpp:16660:	Finish receiver: 0x4f1c9658 (callingPid=0, callingUid=10055)
09-28 19:12:22.487 25258 25325 I activity_thread: TID:25325 .../ActivityThread.cpp:1541:	LIFESTAT onReceive: 0x400176a8
09-28 19:12:22.487   705  1186 I ams     : TID:1186 .../BroadcastQueue.cpp:422:	Finish receiver: BroadcastRecord{0x4d936ce0 u0 android.intent.action.ACTION_POWER_CONNECTED}, resultCode=0, resultData=(null), resultAbort=false, explicit=true
09-28 19:12:22.487   705  1186 I ams     : TID:1186 .../ActivityManagerService.cpp:16687:	[AMS_STATE] Finish receiver: 0x4f1c9658 (BroadcastRecord{0x4d936ce0 u0 android.intent.action.ACTION_POWER_CONNECTED}), resultCode=0, resultData=NULL, resultAbort=false, doNext=true
09-28 19:12:22.487   705  1186 I ams     : TID:1186 .../BroadcastQueue.cpp:625:	processNextBroadcast [background]: 0 broadcasts, 3 ordered broadcasts
09-28 19:12:22.487   705  1186 I ams     : TID:1186 .../BroadcastQueue.cpp:825:	Processing ordered broadcast: BroadcastRecord(0x4ef304a8) for Intent { act=android.hardware.usb.action.USB_STATE flg=536870912 (has extras) }, 2 ordered broadcast left
09-28 19:12:22.487   711   715 D view_stub: [setVisibility] mInflatedViewRef == 0
09-28 19:12:22.487   705  1186 D ams     : TID:1186 .../RuntimeChecker.cpp:27:	Enter self
09-28 19:12:22.487   705  1186 D ams     : TID:1186 .../RuntimeChecker.cpp:27:	Leave self (takes 0 millis)
09-28 19:12:22.487   705  1186 D ams     : TID:1186 .../RuntimeChecker.cpp:85:	Enter isRuntimeAppAndRuntimeStop
09-28 19:12:22.487   705  1186 D ams     : TID:1186 .../RuntimeChecker.cpp:85:	Leave isRuntimeAppAndRuntimeStop (takes 0 millis)
09-28 19:12:22.487   711   715 D view_stub: [setVisibility] mInflatedViewRef == 0
09-28 19:12:22.497   705  1186 I ams     : TID:1186 .../ActivityManagerService.cpp:1485:	getProcessRecord>> processName: gaia.process.media >> ApplicationInfo{ packageName= gaia.providers.gaiamedia, processName= gaia.process.media, className= , mIsGaiaPackage= true, mIsCosPackage= false}
09-28 19:12:22.497   705  1186 I ams     : TID:1186 .../ActivityManagerService.cpp:1411:	Putting proc to front: gaia.process.media
09-28 19:12:22.497   705  1186 I ams     : TID:1186 .../BroadcastQueue.cpp:259:	AMS_STATUS>> SCHEDULE_RECEIVER: Process gaia.process.media (pid=1207), BroadcastRecord{0x4ef304a8 u0 android.hardware.usb.action.USB_STATE} (Non-ordered broadcast), Intent { act=android.hardware.usb.action.USB_STATE flg=536870912 cmp=gaia.providers.gaiamedia/.UsbReceiver (has extras) }
09-28 19:12:22.497  1207  1207 I activity_thread: TID:1207 .../ActivityThread.cpp:2662:	scheduleReceiver: Intent=Intent { act=android.hardware.usb.action.USB_STATE flg=536870912 cmp=gaia.providers.gaiamedia/.UsbReceiver (has extras) }, resultCode=-1, data=NULL, sync=false
09-28 19:12:22.497  1207  1235 I activity_thread: TID:1235 .../ActivityThread.cpp:3922:	HANDLE RECEIVER :0 / 0x4c69ef04
09-28 19:12:22.497  1207  1235 I activity_thread: TID:1235 .../ActivityThread.cpp:5309:	handleReceiver: component: UsbReceiver
09-28 19:12:22.497  1207  1235 I activity_thread: TID:1235 .../ActivityThread.cpp:5471:	[LIFESTAT] onReceive: 0x4cc6af70
09-28 19:12:22.497  1207  1235 I app_proc: TID:1235 .../ContextImpl.cpp:1265:	Stop Service is initiating
09-28 19:12:22.497   711   715 D skia    : WARNING: One-shot allocator has already allocated (alloc count = 1)
09-28 19:12:22.497   705  1155 I ams     : TID:1155 .../ActiveServices.cpp:895:	retrieve service:Intent { cmp=gaia.providers.gaiamedia/.MtpService }
09-28 19:12:22.497   705  1155 D ams     : TID:1155 .../RuntimeChecker.cpp:27:	Enter self
09-28 19:12:22.497   705  1155 D ams     : TID:1155 .../RuntimeChecker.cpp:27:	Leave self (takes 0 millis)
09-28 19:12:22.497   705  1155 D ams     : TID:1155 .../RuntimeChecker.cpp:85:	Enter isRuntimeAppAndRuntimeStop
09-28 19:12:22.497   705  1155 D ams     : TID:1155 .../RuntimeChecker.cpp:85:	Leave isRuntimeAppAndRuntimeStop (takes 0 millis)
09-28 19:12:22.497   711   715 I resource: TID:715 .../Resources.cpp:472:	Drawable: android:drawable/progressbar_indeterminate_holo1, instance at: 0x4cdc32a0
09-28 19:12:22.497  1207  1235 I BroadcastReceiver: TID:1235 .../BroadcastReceiver.cpp:382:	Finishing broadcast to component 0x4d14de84
09-28 19:12:22.497   705   705 I ams     : TID:705 .../ActivityManagerService.cpp:16660:	Finish receiver: 0x4f2918c8 (callingPid=0, callingUid=1013)
09-28 19:12:22.507   705   705 I ams     : TID:705 .../BroadcastQueue.cpp:422:	Finish receiver: BroadcastRecord{0x4ef304a8 u0 android.hardware.usb.action.USB_STATE}, resultCode=0, resultData=(null), resultAbort=false, explicit=true
09-28 19:12:22.507   711   715 D skia    : WARNING: One-shot allocator has already allocated (alloc count = 1)
09-28 19:12:22.507   705   705 I ams     : TID:705 .../ActivityManagerService.cpp:16687:	[AMS_STATE] Finish receiver: 0x4f2918c8 (BroadcastRecord{0x4ef304a8 u0 android.hardware.usb.action.USB_STATE}), resultCode=0, resultData=NULL, resultAbort=false, doNext=true
09-28 19:12:22.507   705   705 I ams     : TID:705 .../BroadcastQueue.cpp:625:	processNextBroadcast [background]: 0 broadcasts, 2 ordered broadcasts
