09-28 19:12:22.727 19753 25521 D HTCObjectMusic::MusicObjectWidgetDelegate: TID:25521 .../home/u18000/hudson-slave/workspace/HTCObjectMusic_1.1_COS_1.0/src/MusicObjectWidgetDelegate.cpp:1010:	Delete pDemand 1073807048
09-28 19:12:22.727  1191  1193 I app_proc: packageInfo :0x618da838, getStrongCount() :4
09-28 19:12:22.727  1191  1193 I app_proc: mResources :0x618dadc0, getStrongCount() :20
09-28 19:12:22.727  1191  1193 I app_proc: container :0x53270ac0, getStrongCount() :486
09-28 19:12:22.727  1191  1193 I app_proc: mResources :0x618dadc0, getStrongCount() :20
09-28 19:12:22.727 19753 25521 I PendingDemand: TID:25521 ...sdk_release/sdk11.1/wrapper/core/PendingDemand.cpp:125:	getDelegateN: demand=Intent { act=HTCObjectMusicProvider.ACTION_ENTER_POPUP cmp=HTCObjectMusic/.MusicObjectWidgetDelegate (has extras) }, flags=134217728, code=3, ret=0x40016d08
09-28 19:12:22.727 19753 25521 D HTCObjectMusic::MusicObjectWidgetDelegate: TID:25521 .../home/u18000/hudson-slave/workspace/HTCObjectMusic_1.1_COS_1.0/src/MusicObjectWidgetDelegate.cpp:1020:	Delete pendingEnterPopupdemand 1073835272
09-28 19:12:22.727  1207 25671 I content_cr: TID:25671 .../ContentResolver.cpp:1550:	Register a ContentObserver: 0x4c8b1380
09-28 19:12:22.727  1207 25671 I content_cr: TID:25671 .../ContentResolver.cpp:1581:	Unregisters a change ContentObserver: 0x4c8b1380
09-28 19:12:22.727 19753 25521 I PendingDemand: TID:25521 ...sdk_release/sdk11.1/wrapper/core/PendingDemand.cpp:125:	getDelegateN: demand=Intent { act=HTCObjectMusicProvider.ACTION_PLAY_PAUSE cmp=HTCObjectMusic/.MusicObjectWidgetDelegate (has extras) }, flags=134217728, code=3, ret=0x400157e8
09-28 19:12:22.727  1207 25671 I content_cr: TID:25671 .../ContentResolver.cpp:1550:	Register a ContentObserver: 0x4cbae608
09-28 19:12:22.727 19753 25521 I PendingDemand: TID:25521 ...sdk_release/sdk11.1/wrapper/core/PendingDemand.cpp:125:	getDelegateN: demand=Intent { act=HTCObjectMusicProvider.ACTION_PREV cmp=HTCObjectMusic/.MusicObjectWidgetDelegate (has extras) }, flags=134217728, code=3, ret=0x40015648
09-28 19:12:22.737  1207 25671 I content_cr: TID:25671 .../ContentResolver.cpp:1581:	Unregisters a change ContentObserver: 0x4cbae608
09-28 19:12:22.737 19753 25521 I PendingDemand: TID:25521 ...sdk_release/sdk11.1/wrapper/core/PendingDemand.cpp:125:	getDelegateN: demand=Intent { act=HTCObjectMusicProvider.ACTION_NEXT cmp=HTCObjectMusic/.MusicObjectWidgetDelegate (has extras) }, flags=134217728, code=3, ret=0x4c59aef8
09-28 19:12:22.737 19753 25521 D HTCObjectMusic::MusicObjectWidgetDelegate: TID:25521 .../home/u18000/hudson-slave/workspace/HTCObjectMusic_1.1_COS_1.0/src/MusicObjectWidgetDelegate.cpp:1155:	Delete pendingPlaydemand 1073829864
09-28 19:12:22.737 19753 25521 D HTCObjectMusic::MusicObjectWidgetDelegate: TID:25521 .../home/u18000/hudson-slave/workspace/HTCObjectMusic_1.1_COS_1.0/src/MusicObjectWidgetDelegate.cpp:1156:	Delete pendingPrevdemand 1073829448
09-28 19:12:22.737 19753 25521 D HTCObjectMusic::MusicObjectWidgetDelegate: TID:25521 .../home/u18000/hudson-slave/workspace/HTCObjectMusic_1.1_COS_1.0/src/MusicObjectWidgetDelegate.cpp:1157:	Delete pendingNextdemand 1280945912
09-28 19:12:22.737 19753 25521 D HTCObjectMusic::MusicObjectWidgetDelegate: TID:25521 .../home/u18000/hudson-slave/workspace/HTCObjectMusic_1.1_COS_1.0/src/MusicObjectWidgetDelegate.cpp:1126:	[generateRemoteWidgetByType] - 
09-28 19:12:22.737 19753 25521 D HTCObjectMusic::MusicObjectWidgetDelegate: TID:25521 .../home/u18000/hudson-slave/workspace/HTCObjectMusic_1.1_COS_1.0/src/MusicObjectWidgetDelegate.cpp:1579:	[updatePopupButtonByRemoteWidget] + 
09-28 19:12:22.737 19753 25521 I activity_thread: TID:25521 .../ActivityThread.cpp:8917:	ActivityThread::acquireExistingProvider return NULL
09-28 19:12:22.737   705  1175 I ams     : TID:1175 .../ActivityManagerService.cpp:8338:	[AMS_PROVIDER] get Provider media by caller ProcessRecord{0x4d88a410 pid=19753/tid=19754/ProcessName=HTCObjectMusic/userId=0/appId=10102} (pid=19753, uid10102, userId=0)
09-28 19:12:22.737   705  1175 D ams     : TID:1175 .../IActivityManager.cpp:30:	[ContentProviderHolder]=0x4ebe2c60
09-28 19:12:22.737   705  1175 D ams     : TID:1175 .../IActivityManager.cpp:39:	Enter writeToParcel
09-28 19:12:22.737   705  1175 D ams     : TID:1175 .../IActivityManager.cpp:41:	Try Lock mLock(0x4ebe2c7c)
09-28 19:12:22.737   705  1175 D ams     : TID:1175 .../IActivityManager.cpp:39:	Leave writeToParcel (takes 0 millis)
09-28 19:12:22.737   705  1175 D ams     : TID:1175 .../IActivityManager.cpp:35:	[~ContentProviderHolder]=0x4ebe2c60
09-28 19:12:22.737 19753 25521 D ams     : TID:25521 .../IActivityManager.cpp:63:	[ContentProviderHolder] newFromParcel 0x4ccbadc8
09-28 19:12:22.737 19753 25521 I activity_thread: TID:25521 .../ActivityThread.cpp:9300:	names size: 1, mProviderMap: 0
09-28 19:12:22.737 19753 25521 I activity_thread: TID:25521 .../ActivityThread.cpp:9328:	add provider:media in mProviderMap
09-28 19:12:22.737  1207  1236 I content_cr: TID:1236 .../ContentResolver.cpp:1550:	Register a ContentObserver: 0x4caf1b00
09-28 19:12:22.757   705  1197 I content_service: TID:1197 .../ContentService.cpp:200:	notifyChange_syncToNetwork from pid:705,authority:media
09-28 19:12:22.757 19753 25521 D HTCObjectMusic::MusicObjectWidgetDelegate: TID:25521 .../home/u18000/hudson-slave/workspace/HTCObjectMusic_1.1_COS_1.0/src/MusicObjectWidgetDelegate.cpp:1888:	[hasMusicOnPhone] cursor.getCount() = 1 
09-28 19:12:22.767  1207  1207 I content_cr: TID:1207 .../ContentResolver.cpp:1581:	Unregisters a change ContentObserver: 0x4caf1b00
09-28 19:12:22.767   705   800 D keyguard: TID:800 .../KeyguardService.cpp:1246:	mShowing = false
09-28 19:12:22.767   705   800 I looper_mq: TID:800 .../MessageQueue.cpp:383:	removeMessages what=12
09-28 19:12:22.767   705   843 D keyguard: TID:843 .../KeyguardService.cpp:1097:	msg->what = 12
09-28 19:12:22.767   705   843 D keyguard: TID:843 .../KeyguardService.cpp:1219:	mHidden = false bHidden = false
09-28 19:12:22.767 19753 25521 D HTCObjectMusic::MusicObjectWidgetDelegate: TID:25521 .../home/u18000/hudson-slave/workspace/HTCObjectMusic_1.1_COS_1.0/src/MusicObjectWidgetDelegate.cpp:1906:	Delete cursor 1280888056
09-28 19:12:22.767 19753 25521 D HTCObjectMusic::MusicObjectWidgetDelegate: TID:25521 .../home/u18000/hudson-slave/workspace/HTCObjectMusic_1.1_COS_1.0/src/MusicObjectWidgetDelegate.cpp:1591:	[updatePopupButtonByRemoteWidget] - 
09-28 19:12:22.767 19753 25521 D HTCObjectMusic::MusicObjectWidgetDelegate: TID:25521 .../home/u18000/hudson-slave/workspace/HTCObjectMusic_1.1_COS_1.0/src/MusicObjectWidgetDelegate.cpp:1752:	[refreshObjectById] + 
09-28 19:12:22.767   705   945 I appwidget: TID:945 .../AppWidgetServiceImpl.cpp:1177:	AppWidgetServiceImpl::updateAppWidgetIds
09-28 19:12:22.767 19753 19754 D ams     : TID:19754 .../IActivityManager.cpp:35:	[~ContentProviderHolder]=0x4ccbadc8
09-28 19:12:22.767   705   945 I appwidget: TID:945 .../AppWidgetServiceImpl.cpp:1411:	AppWidgetService::updateAppWidgetInstanceLocked for widgetId: 3, isPartialUpdate: false
09-28 19:12:22.767  1191  1193 I appwidget: TID:1193 .../AppWidgetHost.cpp:425:	AppWidgetHost::updateAppWidgetView, widgetId: 3
09-28 19:12:22.767 19753 25521 D HTCObjectMusic::MusicObjectWidgetDelegate: TID:25521 .../home/u18000/hudson-slave/workspace/HTCObjectMusic_1.1_COS_1.0/src/MusicObjectWidgetDelegate.cpp:1759:	Delete remotewidget 1073853792
09-28 19:12:22.767 19753 25521 D HTCObjectMusic::MusicObjectWidgetDelegate: TID:25521 .../home/u18000/hudson-slave/workspace/HTCObjectMusic_1.1_COS_1.0/src/MusicObjectWidgetDelegate.cpp:1760:	[refreshObjectById] - 
09-28 19:12:22.767  1191  1193 I appwidget: TID:1193 .../AppWidgetHostView.cpp:377:	AppWidgetHostView::updateAppWidget for: AppWidgetProviderInfo(provider:ComponentInfo{HTCObjectMusic/HTCObjectMusic.HTCObjectMusicProvider})
09-28 19:12:22.767  1191  1193 I remoteviews: TID:1193 .../RemoteViews.cpp:990:	RemoteViews::reapply to Matrix
09-28 19:12:22.767  1191  1193 I remoteviews: TID:1193 .../RemoteViews.cpp:1031:	RemoteViews::performApply mActions size: 8
09-28 19:12:22.767  1191  1193 I activity_thread: TID:1193 .../ActivityThread.cpp:4256:	Got PackageInfo for HTCObjectMusic isUptoDate /system/app/HTCObjectMusic.pkg: 
09-28 19:12:22.767  1191  1193 I app_proc: packageInfo :0x618da838, getStrongCount() :4
09-28 19:12:22.767  1191  1193 I app_proc: mResources :0x618dadc0, getStrongCount() :20
09-28 19:12:22.767  1191  1193 I app_proc: container :0x53270ac0, getStrongCount() :486
09-28 19:12:22.767  1191  1193 I app_proc: mResources :0x618dadc0, getStrongCount() :20
09-28 19:12:22.777   705   764 I content_service: TID:764 .../ContentService.cpp:200:	notifyChange_syncToNetwork from pid:705,authority:media
09-28 19:12:22.797   705   765 I content_service: TID:765 .../ContentService.cpp:200:	notifyChange_syncToNetwork from pid:705,authority:media
09-28 19:12:22.807   705   921 I FrameworkNet: TID:921 .../TrafficStats.cpp:358:	TrafficStats::getMobileTxBytes()
09-28 19:12:22.807   705   921 I FrameworkNet: TID:921 .../TrafficStats.cpp:474:	TrafficStats::nativeGetIfaceStat(): type = 3
09-28 19:12:22.807   705   921 I FrameworkNet: TID:921 .../TrafficStats.cpp:97:	TrafficStats::parseIfaceStat()
09-28 19:12:22.807   705   921 I FrameworkNet: TID:921 .../TrafficStats.cpp:58:	TrafficStats::parseIfaceStat()
09-28 19:12:22.807   705   921 I FrameworkNet: TID:921 .../TrafficStats.cpp:363:	TrafficStats::getRxPackets()
09-28 19:12:22.807   705   921 I FrameworkNet: TID:921 .../TrafficStats.cpp:474:	TrafficStats::nativeGetIfaceStat(): type = 1
09-28 19:12:22.807   705   921 I FrameworkNet: TID:921 .../TrafficStats.cpp:97:	TrafficStats::parseIfaceStat()
09-28 19:12:22.807   705   921 I FrameworkNet: TID:921 .../TrafficStats.cpp:58:	TrafficStats::parseIfaceStat()
09-28 19:12:22.817   705  1186 I content_service: TID:1186 .../ContentService.cpp:200:	notifyChange_syncToNetwork from pid:705,authority:media
09-28 19:12:22.847   705  1176 I content_service: TID:1176 .../ContentService.cpp:200:	notifyChange_syncToNetwork from pid:705,authority:media
09-28 19:12:22.867   705  1155 I content_service: TID:1155 .../ContentService.cpp:200:	notifyChange_syncToNetwork from pid:705,authority:media
09-28 19:12:22.887   705  1175 I content_service: TID:1175 .../ContentService.cpp:200:	notifyChange_syncToNetwork from pid:705,authority:media
09-28 19:12:22.907   705   705 I content_service: TID:705 .../ContentService.cpp:200:	notifyChange_syncToNetwork from pid:705,authority:media
09-28 19:12:22.937   705  1197 I content_service: TID:1197 .../ContentService.cpp:200:	notifyChange_syncToNetwork from pid:705,authority:media
09-28 19:12:22.957   705  1187 I content_service: TID:1187 .../ContentService.cpp:200:	notifyChange_syncToNetwork from pid:705,authority:media
09-28 19:12:22.977   705   800 D keyguard: TID:800 .../KeyguardService.cpp:1246:	mShowing = false
09-28 19:12:22.977   705   800 I looper_mq: TID:800 .../MessageQueue.cpp:383:	removeMessages what=12
09-28 19:12:22.977   705   843 D keyguard: TID:843 .../KeyguardService.cpp:1097:	msg->what = 12
09-28 19:12:22.977   705   843 D keyguard: TID:843 .../KeyguardService.cpp:1219:	mHidden = false bHidden = false
09-28 19:12:22.987   705  1138 I content_service: TID:1138 .../ContentService.cpp:200:	notifyChange_syncToNetwork from pid:705,authority:media
09-28 19:12:23.007   705  1158 I content_service: TID:1158 .../ContentService.cpp:200:	notifyChange_syncToNetwork from pid:705,authority:media
09-28 19:12:23.037   705  1196 I content_service: TID:1196 .../ContentService.cpp:200:	notifyChange_syncToNetwork from pid:705,authority:media
09-28 19:12:23.057   705   823 I content_service: TID:823 .../ContentService.cpp:200:	notifyChange_syncToNetwork from pid:705,authority:media
09-28 19:12:23.087   705   824 I content_service: TID:824 .../ContentService.cpp:200:	notifyChange_syncToNetwork from pid:705,authority:media
09-28 19:12:23.107   705   945 I content_service: TID:945 .../ContentService.cpp:200:	notifyChange_syncToNetwork from pid:705,authority:media
09-28 19:12:23.127   705  1137 I content_service: TID:1137 .../ContentService.cpp:200:	notifyChange_syncToNetwork from pid:705,authority:media
09-28 19:12:23.147   705   764 I content_service: TID:764 .../ContentService.cpp:200:	notifyChange_syncToNetwork from pid:705,authority:media
09-28 19:12:23.167   705   765 I content_service: TID:765 .../ContentService.cpp:200:	notifyChange_syncToNetwork from pid:705,authority:media
09-28 19:12:23.187   705  1186 I content_service: TID:1186 .../ContentService.cpp:200:	notifyChange_syncToNetwork from pid:705,authority:media
09-28 19:12:23.187 24643 24687 I looper_mq: TID:24687 .../MessageQueue.cpp:383:	removeMessages what=1
09-28 19:12:23.197   705  1176 I ams     : TID:1176 .../ActivityManagerService.cpp:15993:	Broadcast: Intent { act=com.htc.cos.gallery.mediacache.mediachange } ordered=false, callerApp=ProcessRecord{0x4d5c4680 pid=24643/tid=24687/ProcessName=.mediacachedelegateprocess/userId=0/appId=10135}, callerPackage=MediaCacheService, resolvedType=NULL, resultTo=0x0(0x0), userId=0 (from: pid=24643, uid=10135)
09-28 19:12:23.197   705  1176 I ams     : TID:1176 .../ActivityManagerService.cpp:15920:	[AMS] CollectReceiverComponents: Set to newReceivers
09-28 19:12:23.197   705  1176 I ams     : TID:1176 .../ActivityManagerService.cpp:15967:	[AMS] CollectReceiverComponents finished
09-28 19:12:23.197   705  1176 I ams     : TID:1176 .../ActivityManagerService.cpp:16308:	Collect 2 receivers for (null) typed broadcast Intent { act=com.htc.cos.gallery.mediacache.mediachange } (time=0 ms)
09-28 19:12:23.197   705  1176 I ams     : TID:1176 .../ActivityManagerService.cpp:16323:	Resolve 0 registered receivers for (null) typed broadcast Intent { act=com.htc.cos.gallery.mediacache.mediachange } (time=0 ms)
09-28 19:12:23.197   705  1176 I ams     : TID:1176 .../BroadcastQueue.cpp:136:	Enqueue ordered broadcast: BroadcastRecord(0x4d175558) has 2 receivers for Intent { act=com.htc.cos.gallery.mediacache.mediachange }
09-28 19:12:23.197   705   800 I ams     : TID:800 .../BroadcastQueue.cpp:625:	processNextBroadcast [background]from Msg: 0 broadcasts, 1 ordered broadcasts
09-28 19:12:23.197   705   800 I ams     : TID:800 .../BroadcastQueue.cpp:825:	Processing ordered broadcast: BroadcastRecord(0x4d175558) for Intent { act=com.htc.cos.gallery.mediacache.mediachange }, 1 ordered broadcast left
09-28 19:12:23.197   705   800 D ams     : TID:800 .../RuntimeChecker.cpp:27:	Enter self
09-28 19:12:23.197   705   800 D ams     : TID:800 .../RuntimeChecker.cpp:27:	Leave self (takes 0 millis)
09-28 19:12:23.197   705   800 D ams     : TID:800 .../RuntimeChecker.cpp:85:	Enter isRuntimeAppAndRuntimeStop
09-28 19:12:23.197 24643 24687 W MediaCacheService: TID:24687 .../home/u18000/.hudson/jobs/MediaCacheService_1.1_COS_1.0/workspace/src/MediaCacheDelegate/MediaCacheDelegate.cpp:121:	MediaCacheDelegate::handleMessage() sendBroadcast mediachange
09-28 19:12:23.197   705   800 D ams     : TID:800 .../RuntimeChecker.cpp:85:	Leave isRuntimeAppAndRuntimeStop (takes 0 millis)
09-28 19:12:23.197   705   800 I ams     : TID:800 .../ActivityManagerService.cpp:1485:	getProcessRecord>> processName: GalleryPhotoframeObject >> ApplicationInfo{ packageName= GalleryPhotoframeObject, processName= GalleryPhotoframeObject, className= , mIsGaiaPackage= true, mIsCosPackage= true}
09-28 19:12:23.197   705   800 I ams     : TID:800 .../ActivityManagerService.cpp:1411:	Putting proc to front: GalleryPhotoframeObject
09-28 19:12:23.197   705   800 I ams     : TID:800 .../BroadcastQueue.cpp:259:	AMS_STATUS>> SCHEDULE_RECEIVER: Process GalleryPhotoframeObject (pid=25328), BroadcastRecord{0x4d175558 u0 com.htc.cos.gallery.mediacache.mediachange} (Non-ordered broadcast), Intent { act=com.htc.cos.gallery.mediacache.mediachange cmp=GalleryPhotoframeObject/.PhotoframeObjectProvider }
09-28 19:12:23.197 25328 25532 I activity_thread: TID:25532 .../ActivityThread.cpp:2662:	scheduleReceiver: Intent=Intent { act=com.htc.cos.gallery.mediacache.mediachange cmp=GalleryPhotoframeObject/.PhotoframeObjectProvider }, resultCode=-1, data=NULL, sync=false
09-28 19:12:23.197 25328 25531 I activity_thread: TID:25531 .../ActivityThread.cpp:3922:	HANDLE RECEIVER :0 / 0x4ccbce4c
09-28 19:12:23.197 25328 25531 I activity_thread: TID:25531 .../ActivityThread.cpp:5309:	handleReceiver: component: PhotoframeObjectProvider
09-28 19:12:23.197 25328 25531 I activity_thread: TID:25531 .../ActivityThread.cpp:5471:	[LIFESTAT] onReceive: 0x40011538
09-28 19:12:23.197 25328 25531 D PhotoframeObjectProvider: TID:25531 .../home/u18000/.hudson/jobs/HTCObjectPhotoframe_1.1_COS_1.0/workspace/src/PhotoframeObjectProvider.cpp:43:	PhotoframeObjectProvider::onReceive() enter, action[com.htc.cos.gallery.mediacache.mediachange]
09-28 19:12:23.197 25328 25531 D PhotoframeObjectProvider: TID:25531 .../home/u18000/.hudson/jobs/HTCObjectPhotoframe_1.1_COS_1.0/workspace/src/PhotoframeObjectProvider.cpp:82:	PhotoframeObjectProvider::onReceive() getBroadcast mediachange
09-28 19:12:23.197 25328 25531 D PhotoframeObjectProvider: TID:25531 .../home/u18000/.hudson/jobs/HTCObjectPhotoframe_1.1_COS_1.0/workspace/src/PhotoframeObjectProvider.cpp:107:	PhotoframeObjectProvider::onReceive() mediachange imageId[24] imagePath[/storage/sdcard0/Pictures/background_2.jpg]
09-28 19:12:23.197 25328 25531 D PhotoframeObjectProvider: TID:25531 .../home/u18000/.hudson/jobs/HTCObjectPhotoframe_1.1_COS_1.0/workspace/src/PhotoframeObjectProvider.cpp:510:	PhotoframeObjectProvider::getImageIdByPath() start, path[/storage/sdcard0/Pictures/background_2.jpg]
09-28 19:12:23.207 25328 25531 I activity_thread: TID:25531 .../ActivityThread.cpp:8917:	ActivityThread::acquireExistingProvider return NULL
09-28 19:12:23.207   705  1175 I ams     : TID:1175 .../ActivityManagerService.cpp:8338:	[AMS_PROVIDER] get Provider media by caller ProcessRecord{0x4d141140 pid=25328/tid=25531/ProcessName=GalleryPhotoframeObject/userId=0/appId=10104} (pid=25328, uid10104, userId=0)
09-28 19:12:23.207   705  1175 I ams     : TID:1175 .../ActivityManagerService.cpp:1411:	Putting proc to front: gaia.process.media
09-28 19:12:23.207   705  1175 D ams     : TID:1175 .../IActivityManager.cpp:30:	[ContentProviderHolder]=0x4db95a88
09-28 19:12:23.207   705  1175 D ams     : TID:1175 .../IActivityManager.cpp:39:	Enter writeToParcel
09-28 19:12:23.207   705  1175 D ams     : TID:1175 .../IActivityManager.cpp:41:	Try Lock mLock(0x4db95aa4)
09-28 19:12:23.207   705  1175 D ams     : TID:1175 .../IActivityManager.cpp:39:	Leave writeToParcel (takes 0 millis)
09-28 19:12:23.207   705  1175 D ams     : TID:1175 .../IActivityManager.cpp:35:	[~ContentProviderHolder]=0x4db95a88
09-28 19:12:23.207 25328 25531 D ams     : TID:25531 .../IActivityManager.cpp:63:	[ContentProviderHolder] newFromParcel 0x4ccbb820
09-28 19:12:23.207 25328 25531 I activity_thread: TID:25531 .../ActivityThread.cpp:9300:	names size: 1, mProviderMap: 0
09-28 19:12:23.207 25328 25531 I activity_thread: TID:25531 .../ActivityThread.cpp:9328:	add provider:media in mProviderMap
09-28 19:12:23.207   705   800 I ams     : TID:800 .../ActivityManagerService.cpp:20615:	Kernel timestamp [15313.669]
09-28 19:12:23.207   705   800 I ams     : TID:800 .../ActivityManagerService.cpp:20617:	ActivityManagerService: HANDLE 31 DISPATCH_PROCESSES_CHANGED:0 / 0x0
09-28 19:12:23.217   705   705 I content_service: TID:705 .../ContentService.cpp:200:	notifyChange_syncToNetwork from pid:705,authority:media
09-28 19:12:23.227  1207  1489 I content_cr: TID:1489 .../ContentResolver.cpp:1550:	Register a ContentObserver: 0x4c8939f0
09-28 19:12:23.247   705  1187 I content_service: TID:1187 .../ContentService.cpp:200:	notifyChange_syncToNetwork from pid:705,authority:media
09-28 19:12:23.247  1207  1207 I content_cr: TID:1207 .../ContentResolver.cpp:1581:	Unregisters a change ContentObserver: 0x4c8939f0
09-28 19:12:23.257 25328 25531 D PhotoframeObjectProvider: TID:25531 .../home/u18000/.hudson/jobs/HTCObjectPhotoframe_1.1_COS_1.0/workspace/src/PhotoframeObjectProvider.cpp:539:	PhotoframeObjectProvider::getImageIdByPath() end, imageId[24]
09-28 19:12:23.257   705   824 I ams     : TID:824 .../ActivityManagerService.cpp:15993:	Broadcast: Intent { act=cos.demand.launcher.action.SETTING_WIDGET_IMAGE (has extras) } ordered=false, callerApp=ProcessRecord{0x4d141140 pid=25328/tid=25531/ProcessName=GalleryPhotoframeObject/userId=0/appId=10104}, callerPackage=GalleryPhotoframeObject, resolvedType=NULL, resultTo=0x0(0x0), userId=0 (from: pid=25328, uid=10104)
09-28 19:12:23.257   705   824 I ams     : TID:824 .../ActivityManagerService.cpp:15920:	[AMS] CollectReceiverComponents: Set to newReceivers
09-28 19:12:23.257   705   824 I ams     : TID:824 .../ActivityManagerService.cpp:15967:	[AMS] CollectReceiverComponents finished
09-28 19:12:23.257   705   824 I ams     : TID:824 .../ActivityManagerService.cpp:16308:	Collect 1 receivers for (null) typed broadcast Intent { act=cos.demand.launcher.action.SETTING_WIDGET_IMAGE (has extras) } (time=1 ms)
09-28 19:12:23.257   705   824 I ams     : TID:824 .../ActivityManagerService.cpp:16323:	Resolve 0 registered receivers for (null) typed broadcast Intent { act=cos.demand.launcher.action.SETTING_WIDGET_IMAGE (has extras) } (time=0 ms)
09-28 19:12:23.257   705   824 I ams     : TID:824 .../BroadcastQueue.cpp:136:	Enqueue ordered broadcast: BroadcastRecord(0x4ee7bb48) has 1 receivers for Intent { act=cos.demand.launcher.action.SETTING_WIDGET_IMAGE (has extras) }
09-28 19:12:23.257   705   800 I ams     : TID:800 .../BroadcastQueue.cpp:625:	processNextBroadcast [background]from Msg: 0 broadcasts, 2 ordered broadcasts
09-28 19:12:23.257   705   800 I ams     : TID:800 .../BroadcastQueue.cpp:759:	processNextBroadcast(background) called when not idle (state=1)
09-28 19:12:23.257 25328 25531 I BroadcastReceiver: TID:25531 .../BroadcastReceiver.cpp:382:	Finishing broadcast to component 0x4d14daec
09-28 19:12:23.257   705   945 I ams     : TID:945 .../ActivityManagerService.cpp:16660:	Finish receiver: 0x4e6a7240 (callingPid=0, callingUid=10104)
09-28 19:12:23.257   705   945 I ams     : TID:945 .../BroadcastQueue.cpp:422:	Finish receiver: BroadcastRecord{0x4d175558 u0 com.htc.cos.gallery.mediacache.mediachange}, resultCode=0, resultData=(null), resultAbort=false, explicit=true
09-28 19:12:23.257   705   945 I ams     : TID:945 .../ActivityManagerService.cpp:16687:	[AMS_STATE] Finish receiver: 0x4e6a7240 (BroadcastRecord{0x4d175558 u0 com.htc.cos.gallery.mediacache.mediachange}), resultCode=0, resultData=NULL, resultAbort=false, doNext=true
09-28 19:12:23.257   705   800 I ams     : TID:800 .../ActivityManagerService.cpp:20615:	Kernel timestamp [15313.723]
09-28 19:12:23.257   705   800 I ams     : TID:800 .../ActivityManagerService.cpp:20617:	ActivityManagerService: HANDLE 31 DISPATCH_PROCESSES_CHANGED:0 / 0x0
09-28 19:12:23.257   705   945 I ams     : TID:945 .../BroadcastQueue.cpp:625:	processNextBroadcast [background]: 0 broadcasts, 2 ordered broadcasts
09-28 19:12:23.257   705   945 I ams     : TID:945 .../BroadcastQueue.cpp:825:	Processing ordered broadcast: BroadcastRecord(0x4d175558) for Intent { act=com.htc.cos.gallery.mediacache.mediachange }, 2 ordered broadcast left
09-28 19:12:23.257   705   945 D ams     : TID:945 .../RuntimeChecker.cpp:27:	Enter self
09-28 19:12:23.257   705   945 D ams     : TID:945 .../RuntimeChecker.cpp:27:	Leave self (takes 0 millis)
09-28 19:12:23.257   705   945 D ams     : TID:945 .../RuntimeChecker.cpp:85:	Enter isRuntimeAppAndRuntimeStop
09-28 19:12:23.257 25328 25531 D ams     : TID:25531 .../IActivityManager.cpp:35:	[~ContentProviderHolder]=0x4ccbb820
09-28 19:12:23.257   705   945 D ams     : TID:945 .../RuntimeChecker.cpp:85:	Leave isRuntimeAppAndRuntimeStop (takes 0 millis)
09-28 19:12:23.257   705   945 I ams     : TID:945 .../ActivityManagerService.cpp:1485:	getProcessRecord>> processName: GalleryAlbumObject >> ApplicationInfo{ packageName= GalleryAlbumObject, processName= GalleryAlbumObject, className= , mIsGaiaPackage= true, mIsCosPackage= true}
09-28 19:12:23.267   705   945 I ams     : TID:945 .../ActivityManagerService.cpp:1411:	Putting proc to front: GalleryAlbumObject
09-28 19:12:23.267   705   945 I ams     : TID:945 .../BroadcastQueue.cpp:259:	AMS_STATUS>> SCHEDULE_RECEIVER: Process GalleryAlbumObject (pid=25538), BroadcastRecord{0x4d175558 u0 com.htc.cos.gallery.mediacache.mediachange} (Non-ordered broadcast), Intent { act=com.htc.cos.gallery.mediacache.mediachange cmp=GalleryAlbumObject/.AlbumObjectProvider }
09-28 19:12:23.267 25538 25542 I activity_thread: TID:25542 .../ActivityThread.cpp:2662:	scheduleReceiver: Intent=Intent { act=com.htc.cos.gallery.mediacache.mediachange cmp=GalleryAlbumObject/.AlbumObjectProvider }, resultCode=0, data=NULL, sync=false
09-28 19:12:23.267 25538 25541 I activity_thread: TID:25541 .../ActivityThread.cpp:3922:	HANDLE RECEIVER :0 / 0x4ccbc7ac
09-28 19:12:23.267 25538 25541 I activity_thread: TID:25541 .../ActivityThread.cpp:5309:	handleReceiver: component: AlbumObjectProvider
09-28 19:12:23.267 25538 25541 W ComponentLoader: TID:25541 ...sdk_release/sdk11.1/wrapper/core/ComponentLoader.cpp:174:	Skip increasing refcount due to memory detection
09-28 19:12:23.267 25538 25541 W ComponentLoader: TID:25541 ...sdk_release/sdk11.1/wrapper/core/ComponentLoader.cpp:174:	Skip increasing refcount due to memory detection
09-28 19:12:23.267 25538 25541 I activity_thread: TID:25541 .../ActivityThread.cpp:5471:	[LIFESTAT] onReceive: 0x40013368
09-28 19:12:23.267 25538 25541 D GalleryAlbumObject: TID:25541 .../home/u18000/hudson-slave/workspace/HTCObjectGallery_1.1_COS_1.0/src/AlbumObjectProvider.cpp:44:	AlbumObjectProvider::onReceive() getBroadcast mediachange
09-28 19:12:23.267 25538 25541 I BroadcastReceiver: TID:25541 .../BroadcastReceiver.cpp:382:	Finishing broadcast to component 0x4d14de74
09-28 19:12:23.267   705   945 I ams     : TID:945 .../ActivityManagerService.cpp:16660:	Finish receiver: 0x4d33aac8 (callingPid=0, callingUid=10101)
09-28 19:12:23.277   705   945 I ams     : TID:945 .../BroadcastQueue.cpp:422:	Finish receiver: BroadcastRecord{0x4d175558 u0 com.htc.cos.gallery.mediacache.mediachange}, resultCode=0, resultData=(null), resultAbort=false, explicit=true
09-28 19:12:23.277   705   945 I ams     : TID:945 .../ActivityManagerService.cpp:16687:	[AMS_STATE] Finish receiver: 0x4d33aac8 (BroadcastRecord{0x4d175558 u0 com.htc.cos.gallery.mediacache.mediachange}), resultCode=0, resultData=NULL, resultAbort=false, doNext=true
09-28 19:12:23.277   705   945 I ams     : TID:945 .../BroadcastQueue.cpp:625:	processNextBroadcast [background]: 0 broadcasts, 2 ordered broadcasts
09-28 19:12:23.277   705   945 I ams     : TID:945 .../BroadcastQueue.cpp:825:	Processing ordered broadcast: BroadcastRecord(0x4ee7bb48) for Intent { act=cos.demand.launcher.action.SETTING_WIDGET_IMAGE (has extras) }, 1 ordered broadcast left
09-28 19:12:23.277   705   945 D ams     : TID:945 .../RuntimeChecker.cpp:27:	Enter self
09-28 19:12:23.277   705   945 D ams     : TID:945 .../RuntimeChecker.cpp:27:	Leave self (takes 0 millis)
09-28 19:12:23.277   705   945 D ams     : TID:945 .../RuntimeChecker.cpp:85:	Enter isRuntimeAppAndRuntimeStop
09-28 19:12:23.277   705   945 D ams     : TID:945 .../RuntimeChecker.cpp:85:	Leave isRuntimeAppAndRuntimeStop (takes 0 millis)
09-28 19:12:23.277   705   945 I ams     : TID:945 .../ActivityManagerService.cpp:1485:	getProcessRecord>> processName: GalleryPhotoframeObject >> ApplicationInfo{ packageName= GalleryPhotoframeObject, processName= GalleryPhotoframeObject, className= , mIsGaiaPackage= true, mIsCosPackage= true}
09-28 19:12:23.277   705   945 I ams     : TID:945 .../ActivityManagerService.cpp:1411:	Putting proc to front: GalleryPhotoframeObject
09-28 19:12:23.277   705   945 I ams     : TID:945 .../BroadcastQueue.cpp:259:	AMS_STATUS>> SCHEDULE_RECEIVER: Process GalleryPhotoframeObject (pid=25328), BroadcastRecord{0x4ee7bb48 u0 cos.demand.launcher.action.SETTING_WIDGET_IMAGE} (Non-ordered broadcast), Intent { act=cos.demand.launcher.action.SETTING_WIDGET_IMAGE cmp=GalleryPhotoframeObject/.PhotoframeObjectProvider (has extras) }
09-28 19:12:23.277   705  1186 I content_service: TID:1186 .../ContentService.cpp:200:	notifyChange_syncToNetwork from pid:705,authority:media
09-28 19:12:23.277 25328 25328 I activity_thread: TID:25328 .../ActivityThread.cpp:2662:	scheduleReceiver: Intent=Intent { act=cos.demand.launcher.action.SETTING_WIDGET_IMAGE cmp=GalleryPhotoframeObject/.PhotoframeObjectProvider (has extras) }, resultCode=-1, data=NULL, sync=false
09-28 19:12:23.287 25328 25531 I activity_thread: TID:25531 .../ActivityThread.cpp:3922:	HANDLE RECEIVER :0 / 0x40ad013c
09-28 19:12:23.287 25328 25531 I activity_thread: TID:25531 .../ActivityThread.cpp:5309:	handleReceiver: component: PhotoframeObjectProvider
09-28 19:12:23.287 25328 25531 I activity_thread: TID:25531 .../ActivityThread.cpp:5471:	[LIFESTAT] onReceive: 0x40011538
09-28 19:12:23.287 25328 25531 D PhotoframeObjectProvider: TID:25531 .../home/u18000/.hudson/jobs/HTCObjectPhotoframe_1.1_COS_1.0/workspace/src/PhotoframeObjectProvider.cpp:43:	PhotoframeObjectProvider::onReceive() enter, action[cos.demand.launcher.action.SETTING_WIDGET_IMAGE]
09-28 19:12:23.287 25328 25531 D PhotoframeObjectProvider: TID:25531 .../home/u18000/.hudson/jobs/HTCObjectPhotoframe_1.1_COS_1.0/workspace/src/PhotoframeObjectProvider.cpp:546:	PhotoframeObjectProvider::getImagePathById() start, id[24]
09-28 19:12:23.287 25328 25531 I activity_thread: TID:25531 .../ActivityThread.cpp:8917:	ActivityThread::acquireExistingProvider return NULL
09-28 19:12:23.287   705  1176 I ams     : TID:1176 .../ActivityManagerService.cpp:8338:	[AMS_PROVIDER] get Provider media by caller ProcessRecord{0x4d141140 pid=25328/tid=25531/ProcessName=GalleryPhotoframeObject/userId=0/appId=10104} (pid=25328, uid10104, userId=0)
09-28 19:12:23.287   705  1176 I ams     : TID:1176 .../ActivityManagerService.cpp:1411:	Putting proc to front: gaia.process.media
09-28 19:12:23.287   705  1176 D ams     : TID:1176 .../IActivityManager.cpp:30:	[ContentProviderHolder]=0x51d42f50
09-28 19:12:23.287   705  1176 D ams     : TID:1176 .../IActivityManager.cpp:39:	Enter writeToParcel
09-28 19:12:23.287   705  1176 D ams     : TID:1176 .../IActivityManager.cpp:41:	Try Lock mLock(0x51d42f6c)
09-28 19:12:23.287   705  1176 D ams     : TID:1176 .../IActivityManager.cpp:39:	Leave writeToParcel (takes 0 millis)
09-28 19:12:23.287   705  1176 D ams     : TID:1176 .../IActivityManager.cpp:35:	[~ContentProviderHolder]=0x51d42f50
09-28 19:12:23.287   705   800 I ams     : TID:800 .../ActivityManagerService.cpp:20615:	Kernel timestamp [15313.751]
09-28 19:12:23.287   705   800 I ams     : TID:800 .../ActivityManagerService.cpp:20617:	ActivityManagerService: HANDLE 31 DISPATCH_PROCESSES_CHANGED:0 / 0x0
09-28 19:12:23.287 25328 25531 D ams     : TID:25531 .../IActivityManager.cpp:63:	[ContentProviderHolder] newFromParcel 0x40ad04b0
09-28 19:12:23.287 25328 25531 I activity_thread: TID:25531 .../ActivityThread.cpp:9300:	names size: 1, mProviderMap: 0
09-28 19:12:23.287 25328 25531 I activity_thread: TID:25531 .../ActivityThread.cpp:9328:	add provider:media in mProviderMap
09-28 19:12:23.307   705  1155 I content_service: TID:1155 .../ContentService.cpp:200:	notifyChange_syncToNetwork from pid:705,authority:media
09-28 19:12:23.307  1207  1802 I content_cr: TID:1802 .../ContentResolver.cpp:1550:	Register a ContentObserver: 0x4caf1140
09-28 19:12:23.327  1207  1207 I content_cr: TID:1207 .../ContentResolver.cpp:1581:	Unregisters a change ContentObserver: 0x4caf1140
09-28 19:12:23.327 25328 25531 D PhotoframeObjectProvider: TID:25531 .../home/u18000/.hudson/jobs/HTCObjectPhotoframe_1.1_COS_1.0/workspace/src/PhotoframeObjectProvider.cpp:572:	PhotoframeObjectProvider::getImagePathById() end, imagePath[/storage/sdcard0/Pictures/background_2.jpg]
09-28 19:12:23.327 25328 25531 D PhotoframeObjectProvider: TID:25531 .../home/u18000/.hudson/jobs/HTCObjectPhotoframe_1.1_COS_1.0/workspace/src/PhotoframeObjectProvider.cpp:127:	PhotoframeObjectProvider::onReceive() appWidgetId[6] imageId[24] imagePath[/storage/sdcard0/Pictures/background_2.jpg]
09-28 19:12:23.327   705  1158 I ams     : TID:1158 .../ActivityManagerService.cpp:15993:	Broadcast: Intent { act=/data/data/GalleryPhotoframeObject/shared_prefs/GalleryPhotoframeObject.xml (has extras) } ordered=false, callerApp=ProcessRecord{0x4d141140 pid=25328/tid=25531/ProcessName=GalleryPhotoframeObject/userId=0/appId=10104}, callerPackage=GalleryPhotoframeObject, resolvedType=NULL, resultTo=0x0(0x0), userId=0 (from: pid=25328, uid=10104)
09-28 19:12:23.327   705  1158 I ams     : TID:1158 .../ActivityManagerService.cpp:15920:	[AMS] CollectReceiverComponents: Set to newReceivers
09-28 19:12:23.327   705  1158 I ams     : TID:1158 .../ActivityManagerService.cpp:15967:	[AMS] CollectReceiverComponents finished
09-28 19:12:23.327   705  1158 I ams     : TID:1158 .../ActivityManagerService.cpp:16308:	Collect 0 receivers for (null) typed broadcast Intent { act=/data/data/GalleryPhotoframeObject/shared_prefs/GalleryPhotoframeObject.xml (has extras) } (time=0 ms)
09-28 19:12:23.327   705  1158 I ams     : TID:1158 .../ActivityManagerService.cpp:16323:	Resolve 1 registered receivers for (null) typed broadcast Intent { act=/data/data/GalleryPhotoframeObject/shared_prefs/GalleryPhotoframeObject.xml (has extras) } (time=0 ms)
09-28 19:12:23.327   705  1158 I ams     : TID:1158 .../BroadcastQueue.cpp:122:	Enqueue non-ordered broadcast: BroadcastRecord(0x5085a5f8) has 1 receivers for Intent { act=/data/data/GalleryPhotoframeObject/shared_prefs/GalleryPhotoframeObject.xml (has extras) }
09-28 19:12:23.327   705   800 I ams     : TID:800 .../BroadcastQueue.cpp:625:	processNextBroadcast [background]from Msg: 1 broadcasts, 1 ordered broadcasts
09-28 19:12:23.327   705   800 I ams     : TID:800 .../BroadcastQueue.cpp:637:	Processing parallel broadcast [background] 1 BroadcastRecord
09-28 19:12:23.327 25328 25531 D PhotoframeObjectProvider: TID:25531 .../home/u18000/.hudson/jobs/HTCObjectPhotoframe_1.1_COS_1.0/workspace/src/PhotoframeObjectProvider.cpp:144:	PhotoframeObjectProvider::onReceive() context[0x561f7688] appWidgetId[6] imageId[24] sizeType[4]
09-28 19:12:23.327 25328 25531 D PhotoframeObjectProvider: TID:25531 .../home/u18000/.hudson/jobs/HTCObjectPhotoframe_1.1_COS_1.0/workspace/src/PhotoframeObjectProvider.cpp:445:	PhotoframeObjectProvider::doUpdateObject() start context[0x561f7688] appWidgetId[6] imageId[24] sizeType[4]
09-28 19:12:23.327   705   800 I ams     : TID:800 .../BroadcastQueue.cpp:585:	[AMS] Delivering to BroadcastFilter{0x4cf6a2f8 u0 ReceiverList{0x4ceb4ba8 25328 GalleryPhotoframeObject/10104/u0 remote:0x505831a8}} (seq=-1): BroadcastRecord{0x5085a5f8 u0 /data/data/GalleryPhotoframeObject/shared_prefs/GalleryPhotoframeObject.xml}
09-28 19:12:23.327   705   800 I ams     : TID:800 .../BroadcastQueue.cpp:475:	AMS_STATUS>> SCHEDULE_REGISTER_RECEIVER: Process GalleryPhotoframeObject (pid:25328, uid: 10104), Receiver 0x505831a8(0x4eae0fa8), Non-ordered broadcast, Intent { act=/data/data/GalleryPhotoframeObject/shared_prefs/GalleryPhotoframeObject.xml (has extras) }
09-28 19:12:23.337   705   800 I ams     : TID:800 .../BroadcastQueue.cpp:593:	performReceive of BroadcastRecord{0x5085a5f8 u0 /data/data/GalleryPhotoframeObject/shared_prefs/GalleryPhotoframeObject.xml}(1 millis)
09-28 19:12:23.337 25328 25328 I activity_thread: TID:25328 .../ActivityThread.cpp:3060:	scheduleRegisteredReceiver: receiver=0x40011c84, Intent=Intent { act=/data/data/GalleryPhotoframeObject/shared_prefs/GalleryPhotoframeObject.xml (has extras) }, resultCode=-1, dataStr=NULL, ordered=false, sticky=false
09-28 19:12:23.337   705   800 I ams     : TID:800 .../BroadcastQueue.cpp:759:	processNextBroadcast(background) called when not idle (state=1)
09-28 19:12:23.337 25328 25531 I app_proc: TID:25531 .../ContextImpl.cpp:1235:	Start Service is initiating
09-28 19:12:23.337   705  1196 I ams     : TID:1196 .../ActiveServices.cpp:895:	retrieve service:Intent { act=com.htc.object.photoframe.delegate.update cmp=GalleryPhotoframeObject/.UpdateObjectDelegate (has extras) }
09-28 19:12:23.337   705  1196 I ams     : TID:1196 .../ActivityManagerService.cpp:6705:	data == NULL && clip == NULL
09-28 19:12:23.337   705  1196 I ams     : TID:1196 .../ActiveServices.cpp:1567:	AMS_STATUS>> SCHEDULE_SERVICE_ARGS: Process GalleryPhotoframeObject:updateprocess (pid=22478) ServiceRecord{0x4e2b13a8 shortName=GalleryPhotoframeObject/.UpdateObjectDelegate}
09-28 19:12:23.337 25328 25531 D PhotoframeObjectProvider: TID:25531 .../home/u18000/.hudson/jobs/HTCObjectPhotoframe_1.1_COS_1.0/workspace/src/PhotoframeObjectProvider.cpp:461:	PhotoframeObjectProvider::doUpdateObject() delegate invoked
09-28 19:12:23.337 25328 25531 D PhotoframeObjectProvider: TID:25531 .../home/u18000/.hudson/jobs/HTCObjectPhotoframe_1.1_COS_1.0/workspace/src/PhotoframeObjectProvider.cpp:464:	PhotoframeObjectProvider::doUpdateObject() end
09-28 19:12:23.337 25328 25531 I BroadcastReceiver: TID:25531 .../BroadcastReceiver.cpp:382:	Finishing broadcast to component 0x4d14daec
09-28 19:12:23.337   705   823 I ams     : TID:823 .../ActivityManagerService.cpp:16660:	Finish receiver: 0x4e6a7240 (callingPid=0, callingUid=10104)
09-28 19:12:23.337   705   823 I ams     : TID:823 .../BroadcastQueue.cpp:422:	Finish receiver: BroadcastRecord{0x4ee7bb48 u0 cos.demand.launcher.action.SETTING_WIDGET_IMAGE}, resultCode=0, resultData=(null), resultAbort=false, explicit=true
09-28 19:12:23.337 22478 22586 I activity_thread: TID:22586 .../ActivityThread.cpp:6118:	[LIFESTATE][Service] onStart: ServiceArgsData{token=0x4ccb9e70 startId=13 args=Intent { act=com.htc.object.photoframe.delegate.update cmp=GalleryPhotoframeObject/.UpdateObjectDelegate (has extras) }}
09-28 19:12:23.337 22478 22586 D PhotoframeObjectProvider: TID:22586 .../home/u18000/.hudson/jobs/HTCObjectPhotoframe_1.1_COS_1.0/workspace/src/UpdateObjectDelegate.cpp:52:	DecodeImageDelegate::onInvoke() action[com.htc.object.photoframe.delegate.update] invokeId[13]
09-28 19:12:23.337   705   823 I ams     : TID:823 .../ActivityManagerService.cpp:16687:	[AMS_STATE] Finish receiver: 0x4e6a7240 (BroadcastRecord{0x4ee7bb48 u0 cos.demand.launcher.action.SETTING_WIDGET_IMAGE}), resultCode=0, resultData=NULL, resultAbort=false, doNext=true
09-28 19:12:23.337   705   823 I ams     : TID:823 .../BroadcastQueue.cpp:625:	processNextBroadcast [background]: 0 broadcasts, 1 ordered broadcasts
09-28 19:12:23.337   705   823 I ams     : TID:823 .../BroadcastQueue.cpp:716:	No more ordered Broadcasts pending, so all done!
09-28 19:12:23.337   705   823 I looper_mq: TID:823 .../MessageQueue.cpp:383:	removeMessages what=5
09-28 19:12:23.337   705   800 I ams     : TID:800 .../ActivityManagerService.cpp:20615:	Kernel timestamp [15313.803]
09-28 19:12:23.337   705   800 I ams     : TID:800 .../ActivityManagerService.cpp:20617:	ActivityManagerService: HANDLE 31 DISPATCH_PROCESSES_CHANGED:0 / 0x0
09-28 19:12:23.337 22478 22586 D PhotoframeObjectProvider: TID:22586 .../home/u18000/.hudson/jobs/HTCObjectPhotoframe_1.1_COS_1.0/workspace/src/UpdateObjectDelegate.cpp:68:	DecodeImageDelegate::onInvoke() widgetId[6] imageId[24] sizeType[4] layoutResId[2130903044] widgetOuterId[2131230720] widgetImageId[2131230721] widgetTipId[2131230722]
09-28 19:12:23.337 22478 22586 I looper_mq: TID:22586 .../MessageQueue.cpp:383:	removeMessages what=6
09-28 19:12:23.337 22478 22586 I activity_thread: TID:22586 .../ActivityThread.cpp:6146:	Start Service is accomplished
09-28 19:12:23.347 25328 25531 D ams     : TID:25531 .../IActivityManager.cpp:35:	[~ContentProviderHolder]=0x40ad04b0
09-28 19:12:23.347 25328 25531 I activity_thread: TID:25531 .../ActivityThread.cpp:1541:	LIFESTAT onReceive: 0x40011ba0
09-28 19:12:23.347   705  1137 I content_service: TID:1137 .../ContentService.cpp:200:	notifyChange_syncToNetwork from pid:705,authority:media
09-28 19:12:23.368   705   765 I content_service: TID:765 .../ContentService.cpp:200:	notifyChange_syncToNetwork from pid:705,authority:media
09-28 19:12:23.398   705  1186 I content_service: TID:1186 .../ContentService.cpp:200:	notifyChange_syncToNetwork from pid:705,authority:media
09-28 19:12:23.418   705   945 I content_service: TID:945 .../ContentService.cpp:200:	notifyChange_syncToNetwork from pid:705,authority:media
09-28 19:12:23.438   705  1176 I content_service: TID:1176 .../ContentService.cpp:200:	notifyChange_syncToNetwork from pid:705,authority:media
09-28 19:12:23.508   705  1155 I content_service: TID:1155 .../ContentService.cpp:200:	notifyChange_syncToNetwork from pid:705,authority:media
09-28 19:12:23.508   705   833 W UEventObserver: TID:833 .../UEventObserver.cpp:87:	ACCESSORY is not in event map.
09-28 19:12:23.508   705   833 W UEventObserver: TID:833 .../UEventObserver.cpp:87:	SWITCH_NAME is not in event map.
09-28 19:12:23.508   705   833 W UEventObserver: TID:833 .../UEventObserver.cpp:87:	SWITCH_STATE is not in event map.
09-28 19:12:23.508   705   833 I looper_mq: TID:833 .../MessageQueue.cpp:383:	removeMessages what=0
09-28 19:12:23.508   234   266 I Vold    : un-mount CDROM, USB_STATE=DISCONNECTED
09-28 19:12:23.508   234   266 W Vold    : CDROM ISO unmount at /sys/class/android_usb/f_mass_storage/lun1/file 
09-28 19:12:23.508   234   266 E Vold    : Cannot open CDROM lunfile
09-28 19:12:23.508   234   266 W Vold    : PCTOOL ISO unmount at /sys/class/android_usb/f_mass_storage/lun0/file 
09-28 19:12:23.528   705   833 W UEventObserver: TID:833 .../UEventObserver.cpp:87:	ACCESSORY is not in event map.
09-28 19:12:23.528   705   833 W UEventObserver: TID:833 .../UEventObserver.cpp:87:	SWITCH_NAME is not in event map.
09-28 19:12:23.528   705   833 W UEventObserver: TID:833 .../UEventObserver.cpp:87:	SWITCH_STATE is not in event map.
09-28 19:12:23.528   705   833 I looper_mq: TID:833 .../MessageQueue.cpp:383:	removeMessages what=0
09-28 19:12:23.528   705  1175 I content_service: TID:1175 .../ContentService.cpp:200:	notifyChange_syncToNetwork from pid:705,authority:media
09-28 19:12:23.538 22478 22586 D PhotoframeObjectProvider: TID:22586 .../home/u18000/.hudson/jobs/HTCObjectPhotoframe_1.1_COS_1.0/workspace/src/UpdateObjectDelegate.cpp:181:	DecodeImageDelegate::handleMessage() msgCode[6]
09-28 19:12:23.538 22478 22586 I looper_mq: TID:22586 .../MessageQueue.cpp:383:	removeMessages what=6
09-28 19:12:23.548 22478 22586 D PhotoframeObjectProvider: TID:22586 .../home/u18000/.hudson/jobs/HTCObjectPhotoframe_1.1_COS_1.0/workspace/src/UpdateObjectDelegate.cpp:196:	DecodeImageDelegate::handleMessage() widgetId[6] imageId[24] sizeType[4] layoutResId[2130903044] widgetOuterId[2131230720] widgetImageId[2131230721] widgetTipId[2131230722]
09-28 19:12:23.548 22478 22586 D PhotoframeObjectProvider: TID:22586 .../home/u18000/.hudson/jobs/HTCObjectPhotoframe_1.1_COS_1.0/workspace/src/DecodeImageWorkItem.cpp:24:	DecodeImageWorkItem::DecodeImageWorkItem()
09-28 19:12:23.548 22478 25681 D PhotoframeObjectProvider: TID:25681 .../home/u18000/.hudson/jobs/HTCObjectPhotoframe_1.1_COS_1.0/workspace/src/DecodeImageWorkItem.cpp:34:	DecodeImageWorkItem::run() enter, mpContext[0x40013020] mImageId[24] mSizeType[4]
09-28 19:12:23.548 22478 25681 D PhotoframeObjectProvider: TID:25681 .../home/u18000/.hudson/jobs/HTCObjectPhotoframe_1.1_COS_1.0/workspace/src/DecodeImageWorkItem.cpp:54:	DecodeImageWorkItem::decodeImageBitmap() enter
09-28 19:12:23.548 22478 25681 D PhotoframeObjectProvider: TID:25681 .../home/u18000/.hudson/jobs/HTCObjectPhotoframe_1.1_COS_1.0/workspace/src/DecodeImageWorkItem.cpp:74:	DecodeImageWorkItem::decodeImageBitmap() uri = content://media/external/images/media/24
09-28 19:12:23.548 22478 25681 I activity_thread: TID:25681 .../ActivityThread.cpp:8917:	ActivityThread::acquireExistingProvider return NULL
09-28 19:12:23.548   705   705 I ams     : TID:705 .../ActivityManagerService.cpp:8338:	[AMS_PROVIDER] get Provider media by caller ProcessRecord{0x4cfdeb78 pid=22478/tid=22586/ProcessName=GalleryPhotoframeObject:updateprocess/userId=0/appId=10104} (pid=22478, uid10104, userId=0)
09-28 19:12:23.548   705   705 D ams     : TID:705 .../IActivityManager.cpp:30:	[ContentProviderHolder]=0x51d42f50
09-28 19:12:23.548   705   705 D ams     : TID:705 .../IActivityManager.cpp:39:	Enter writeToParcel
09-28 19:12:23.548   705   705 D ams     : TID:705 .../IActivityManager.cpp:41:	Try Lock mLock(0x51d42f6c)
09-28 19:12:23.548   705   705 D ams     : TID:705 .../IActivityManager.cpp:39:	Leave writeToParcel (takes 0 millis)
09-28 19:12:23.548   705   705 D ams     : TID:705 .../IActivityManager.cpp:35:	[~ContentProviderHolder]=0x51d42f50
09-28 19:12:23.548 22478 25681 D ams     : TID:25681 .../IActivityManager.cpp:63:	[ContentProviderHolder] newFromParcel 0x40019990
09-28 19:12:23.548 22478 25681 I activity_thread: TID:25681 .../ActivityThread.cpp:9300:	names size: 1, mProviderMap: 0
09-28 19:12:23.548 22478 25681 I activity_thread: TID:25681 .../ActivityThread.cpp:9328:	add provider:media in mProviderMap
09-28 19:12:23.548  1207  1489 I IContentProvider: TID:1489 .../IContentProvider.cpp:725:	case OPEN_TYPED_ASSET_FILE_TRANSACTION
09-28 19:12:23.558   705  1197 I content_service: TID:1197 .../ContentService.cpp:200:	notifyChange_syncToNetwork from pid:705,authority:media
09-28 19:12:23.558  1207 25671 I Mediaf  : TID:25671 .../MediaFile.cpp:207:	FileType not found, file path is /storage/sdcard0/Android/data/com.htc.album/loadover/.nomedia, return NULL
09-28 19:12:23.558  1207  1489 I content_cr: TID:1489 .../ContentResolver.cpp:1550:	Register a ContentObserver: 0x4c823818
09-28 19:12:23.568  1207  1489 I content_cr: TID:1489 .../ContentResolver.cpp:1581:	Unregisters a change ContentObserver: 0x4c823818
09-28 19:12:23.578 22478 25681 I graphics: Create SkInputStreamAdapter(0x40016250) for InputStream(0x400179e0)
09-28 19:12:23.598   705   823 I content_service: TID:823 .../ContentService.cpp:200:	notifyChange_syncToNetwork from pid:705,authority:media
09-28 19:12:23.608   705   800 I MultiWindowService: TID:800 .../MultiWindowManagerService.cpp:971:	mRotationInTransition 0 => 1
09-28 19:12:23.608   705   800 I MultiWindowService: TID:800 .../MultiWindowManagerService.cpp:496:	UpdateRotation 0 => 1
09-28 19:12:23.608   705   800 I looper_mq: TID:800 .../MessageQueue.cpp:383:	removeMessages what=11
09-28 19:12:23.608   705   800 I power   : TID:800 .../Power.cpp:336:	acquire_cpufreq_min_lock level=5 ...
09-28 19:12:23.608  1383  1386 I PnPMgr  : Write '/sys/devices/system/cpu/cpu0/cpufreq/scaling_min_freq' = '1566000' <Rule: Perf - Floor freq>
09-28 19:12:23.608   705   800 I PowerManagerService: acquireWakeLock(4d35f7a4): CPU_MIN_FREQ , tag=WindowManager-ScreenRotation-Freq, flags=0x100, pid=705, uid=1000, mUserState=0x3
09-28 19:12:23.608  1383  1386 I PnPMgr  : Write '/sys/devices/system/cpu/cpu3/cpufreq/scaling_min_freq' = '1566000' <Rule: Perf - Floor freq>
09-28 19:12:23.608  1383  1386 I PnPMgr  : Write '/sys/power/adaptive_policy/enabled' = '0' <Rule: Perf - Floor freq>
09-28 19:12:23.608  1433  1434 I ADAPTIVE: enabled set to 0
09-28 19:12:23.608   705   800 W BatteryStatsImpl: TID:800 .../BatteryStatsImpl.cpp:6810:	StopwatchTimer::startRunningLocked mUpdateTime=14831000
09-28 19:12:23.608   705   800 I BatteryStatsImpl: TID:800 .../BatteryStatsImpl.cpp:9528:	BatteryStatsImplhold full  wakelock, name = WindowManager-ScreenRotation-Freq,  pid = 705
09-28 19:12:23.608   705   800 I power   : TID:800 .../Power.cpp:373:	acquire_cpunum_min_lock level=2 ...
09-28 19:12:23.608  1383  1386 I PnPMgr  : Write '/sys/power/pnpmgr/hotplug/mp_min_cpus' = '2
09-28 19:12:23.608  1383  1386 I PnPMgr  : ' <Rule: Perf - min cores>
09-28 19:12:23.608   705   800 I PowerManagerService: acquireWakeLock(4d936eb4): CPU_MIN_NUM , tag=WindowManager-ScreenRotation-Num, flags=0x400, pid=705, uid=1000, mUserState=0x3
09-28 19:12:23.608   705   800 W BatteryStatsImpl: TID:800 .../BatteryStatsImpl.cpp:6810:	StopwatchTimer::startRunningLocked mUpdateTime=14831000
09-28 19:12:23.608   705   800 W BatteryStatsImpl: TID:800 .../BatteryStatsImpl.cpp:6905:	StopwatchTimer::refreshTimersLocked mUpdateTime=14831000
09-28 19:12:23.608   705   800 I BatteryStatsImpl: TID:800 .../BatteryStatsImpl.cpp:9528:	BatteryStatsImplhold full  wakelock, name = WindowManager-ScreenRotation-Num,  pid = 705
09-28 19:12:23.608   705   800 I PowerManagerService: acquireWakeLock(50c499d4): PARTIAL_WAKE_LOCK , tag=SCREEN_FROZEN, flags=0x1, pid=705, uid=1000, mUserState=0x3
09-28 19:12:23.608   705   800 W BatteryStatsImpl: TID:800 .../BatteryStatsImpl.cpp:6810:	StopwatchTimer::startRunningLocked mUpdateTime=14831000
09-28 19:12:23.608   705   800 W BatteryStatsImpl: TID:800 .../BatteryStatsImpl.cpp:6905:	StopwatchTimer::refreshTimersLocked mUpdateTime=14831000
09-28 19:12:23.608   705   800 I BatteryStatsImpl: TID:800 .../BatteryStatsImpl.cpp:9528:	BatteryStatsImplhold partial  wakelock, name = SCREEN_FROZEN,  pid = 705
09-28 19:12:23.608   705   800 D InputDispatcher: setInputDispatchMode: enabled=1, frozen=1
09-28 19:12:23.618   705   833 W UEventObserver: TID:833 .../UEventObserver.cpp:87:	ACCESSORY is not in event map.
09-28 19:12:23.618   705   833 W UEventObserver: TID:833 .../UEventObserver.cpp:87:	SWITCH_NAME is not in event map.
09-28 19:12:23.618   705   833 W UEventObserver: TID:833 .../UEventObserver.cpp:87:	SWITCH_STATE is not in event map.
09-28 19:12:23.618   705   833 I looper_mq: TID:833 .../MessageQueue.cpp:383:	removeMessages what=0
09-28 19:12:23.618   705   800 I wmp_impl: TID:800 .../PhoneWindowManager.cpp:7600:	###setVirtualKeyEventsBlocked: blocked:True###
